Failure while loading azureml_run_type_providers. Failed to load entrypoint azureml.scriptrun = azureml.core.script_run:ScriptRun._from_run_dto with exception (cryptography 2.9.2 (/opt/conda/lib/python3.8/site-packages), Requirement.parse('cryptography>=3.3.1; extra == "crypto"'), {'PyJWT'}).
07/29/2022 04:28:17 - WARNING - __main__ -   Process rank: 5, device: cuda:5, n_gpu: 1distributed training: True, 16-bits training: False
[INFO|modeling_utils.py:1159] 2022-07-29 04:28:17,885 >> loading weights file /weizhou_data/generation/ranker/RLRanker_v7/saves/v7-large-cnndm-ncand8-npick8-top_pick/checkpoint-2000/reranker/pytorch_model.bin
[INFO|modeling_utils.py:1345] 2022-07-29 04:28:27,943 >> All model checkpoint weights were used when initializing RobertaRanker.

[INFO|modeling_utils.py:1353] 2022-07-29 04:28:27,944 >> All the weights of RobertaRanker were initialized from the model checkpoint at /weizhou_data/generation/ranker/RLRanker_v7/saves/v7-large-cnndm-ncand8-npick8-top_pick/checkpoint-2000/reranker.
If your task is similar to the task the model of the checkpoint was trained on, you can already use RobertaRanker for predictions without further training.
[INFO|configuration_utils.py:528] 2022-07-29 04:28:27,957 >> loading configuration file /weizhou_data/generation/ranker/RLRanker_v7/saves/v7-large-cnndm-ncand8-npick8-top_pick/checkpoint-2000/generator/config.json
[INFO|configuration_utils.py:566] 2022-07-29 04:28:27,958 >> Model config BartConfig {
  "_name_or_path": "/weizhou_data/generation/bart-samsum/bart-universal-generation/saves/bart-large-cnndm",
  "activation_dropout": 0.1,
  "activation_function": "gelu",
  "add_bias_logits": false,
  "add_final_layer_norm": false,
  "architectures": [
    "BartForConditionalGeneration"
  ],
  "attention_dropout": 0.1,
  "bos_token_id": 0,
  "classif_dropout": 0.1,
  "classifier_dropout": 0.0,
  "d_model": 1024,
  "decoder_attention_heads": 16,
  "decoder_ffn_dim": 4096,
  "decoder_layerdrop": 0.0,
  "decoder_layers": 12,
  "decoder_start_token_id": 2,
  "dropout": 0.1,
  "early_stopping": true,
  "encoder_attention_heads": 16,
  "encoder_ffn_dim": 4096,
  "encoder_layerdrop": 0.0,
  "encoder_layers": 12,
  "eos_token_id": 2,
  "forced_bos_token_id": 0,
  "forced_eos_token_id": 2,
  "gradient_checkpointing": false,
  "id2label": {
    "0": "LABEL_0",
    "1": "LABEL_1",
    "2": "LABEL_2"
  },
  "init_std": 0.02,
  "is_encoder_decoder": true,
  "label2id": {
    "LABEL_0": 0,
    "LABEL_1": 1,
    "LABEL_2": 2
  },
  "max_position_embeddings": 1024,
  "model_type": "bart",
  "no_repeat_ngram_size": 3,
  "normalize_before": false,
  "num_beams": 4,
  "num_hidden_layers": 12,
  "pad_token_id": 1,
  "scale_embedding": false,
  "task_specific_params": {
    "summarization": {
      "length_penalty": 1.0,
      "max_length": 128,
      "min_length": 12,
      "num_beams": 4
    },
    "summarization_cnn": {
      "length_penalty": 2.0,
      "max_length": 142,
      "min_length": 56,
      "num_beams": 4
    },
    "summarization_xsum": {
      "length_penalty": 1.0,
      "max_length": 62,
      "min_length": 11,
      "num_beams": 6
    }
  },
  "transformers_version": "4.8.1",
  "use_cache": true,
  "vocab_size": 50265
}

[INFO|tokenization_utils_base.py:1651] 2022-07-29 04:28:28,000 >> Didn't find file /weizhou_data/generation/ranker/RLRanker_v7/saves/v7-large-cnndm-ncand8-npick8-top_pick/checkpoint-2000/generator/added_tokens.json. We won't load it.
[INFO|tokenization_utils_base.py:1651] 2022-07-29 04:28:28,009 >> Didn't find file /weizhou_data/generation/ranker/RLRanker_v7/saves/v7-large-cnndm-ncand8-npick8-top_pick/checkpoint-2000/generator/tokenizer.json. We won't load it.
[INFO|tokenization_utils_base.py:1715] 2022-07-29 04:28:28,009 >> loading file /weizhou_data/generation/ranker/RLRanker_v7/saves/v7-large-cnndm-ncand8-npick8-top_pick/checkpoint-2000/generator/vocab.json
[INFO|tokenization_utils_base.py:1715] 2022-07-29 04:28:28,010 >> loading file /weizhou_data/generation/ranker/RLRanker_v7/saves/v7-large-cnndm-ncand8-npick8-top_pick/checkpoint-2000/generator/merges.txt
[INFO|tokenization_utils_base.py:1715] 2022-07-29 04:28:28,010 >> loading file None
[INFO|tokenization_utils_base.py:1715] 2022-07-29 04:28:28,010 >> loading file /weizhou_data/generation/ranker/RLRanker_v7/saves/v7-large-cnndm-ncand8-npick8-top_pick/checkpoint-2000/generator/special_tokens_map.json
[INFO|tokenization_utils_base.py:1715] 2022-07-29 04:28:28,010 >> loading file /weizhou_data/generation/ranker/RLRanker_v7/saves/v7-large-cnndm-ncand8-npick8-top_pick/checkpoint-2000/generator/tokenizer_config.json
[INFO|tokenization_utils_base.py:1715] 2022-07-29 04:28:28,010 >> loading file None
[INFO|modeling_utils.py:1159] 2022-07-29 04:28:28,157 >> loading weights file /weizhou_data/generation/ranker/RLRanker_v7/saves/v7-large-cnndm-ncand8-npick8-top_pick/checkpoint-2000/generator/pytorch_model.bin
[INFO|modeling_utils.py:1345] 2022-07-29 04:28:38,590 >> All model checkpoint weights were used when initializing BartForConditionalGeneration.

[INFO|modeling_utils.py:1353] 2022-07-29 04:28:38,590 >> All the weights of BartForConditionalGeneration were initialized from the model checkpoint at /weizhou_data/generation/ranker/RLRanker_v7/saves/v7-large-cnndm-ncand8-npick8-top_pick/checkpoint-2000/generator.
If your task is similar to the task the model of the checkpoint was trained on, you can already use BartForConditionalGeneration for predictions without further training.
07/29/2022 04:30:08 - INFO - __main__ -   *** Evaluate ***
{'generator_eval_rouge1': 44.2973, 'generator_eval_rouge2': 21.4671, 'generator_eval_rougeL': 31.0937, 'generator_eval_rougeLsum': 41.1711, 'generator_eval_loss': 1.604385256767273, 'reranker_eval_rouge1': 43.8486, 'reranker_eval_rouge2': 21.232, 'reranker_eval_rougeL': 30.88, 'reranker_eval_rougeLsum': 40.7566, 'reranker_eval_loss': 2.7725281715393066, 'eval_runtime': 2103.1255, 'eval_samples_per_second': 6.356, 'eval_steps_per_second': 0.199}
***** eval metrics *****
  eval_runtime             = 0:35:03.12
  eval_samples             =      13368
  eval_samples_per_second  =      6.356
  eval_steps_per_second    =      0.199
  generator_eval_loss      =     1.6044
  generator_eval_rouge1    =    44.2973
  generator_eval_rouge2    =    21.4671
  generator_eval_rougeL    =    31.0937
  generator_eval_rougeLsum =    41.1711
  reranker_eval_loss       =     2.7725
  reranker_eval_rouge1     =    43.8486
  reranker_eval_rouge2     =     21.232
  reranker_eval_rougeL     =      30.88
  reranker_eval_rougeLsum  =    40.7566
07/29/2022 05:05:11 - INFO - __main__ -   *** Predict ***
***** predict metrics *****
  generator_predict_loss      =     1.6251
  generator_predict_rouge1    =    43.5576
  generator_predict_rouge2    =    20.8284
  generator_predict_rougeL    =    30.5847
  generator_predict_rougeLsum =    40.3672
  predict_runtime             = 0:29:37.84
  predict_samples             =      11490
  predict_samples_per_second  =      6.463
  predict_steps_per_second    =      0.202
  reranker_predict_loss       =     2.7726
  reranker_predict_rouge1     =    43.1814
  reranker_predict_rouge2     =     20.539
  reranker_predict_rougeL     =    30.3217
  reranker_predict_rougeLsum  =    40.0337
*****************************************
Setting OMP_NUM_THREADS environment variable for each process to be 1 in default, to avoid your system being overloaded, please further tune the variable for optimal performance in your application as needed. 
*****************************************
2022-07-29 05:34:56.663738: I tensorflow/stream_executor/platform/default/dso_loader.cc:49] Successfully opened dynamic library libcudart.so.11.0
2022-07-29 05:34:56.815064: I tensorflow/stream_executor/platform/default/dso_loader.cc:49] Successfully opened dynamic library libcudart.so.11.0
2022-07-29 05:34:56.815085: I tensorflow/stream_executor/platform/default/dso_loader.cc:49] Successfully opened dynamic library libcudart.so.11.0
2022-07-29 05:34:56.933341: I tensorflow/stream_executor/platform/default/dso_loader.cc:49] Successfully opened dynamic library libcudart.so.11.0
2022-07-29 05:34:57.182687: I tensorflow/stream_executor/platform/default/dso_loader.cc:49] Successfully opened dynamic library libcudart.so.11.0
2022-07-29 05:34:57.182947: I tensorflow/stream_executor/platform/default/dso_loader.cc:49] Successfully opened dynamic library libcudart.so.11.0
2022-07-29 05:34:57.184591: I tensorflow/stream_executor/platform/default/dso_loader.cc:49] Successfully opened dynamic library libcudart.so.11.0
2022-07-29 05:34:57.189443: I tensorflow/stream_executor/platform/default/dso_loader.cc:49] Successfully opened dynamic library libcudart.so.11.0
116c5efe4c4f4ea58146ac762111be98-master-0:64651:64651 [0] NCCL INFO Bootstrap : Using [0]eth0:10.46.164.118<0>
116c5efe4c4f4ea58146ac762111be98-master-0:64651:64651 [0] NCCL INFO NET/Plugin: Failed to find ncclNetPlugin_v3 symbol.
116c5efe4c4f4ea58146ac762111be98-master-0:64651:64651 [0] NCCL INFO NET/IB : No device found.
116c5efe4c4f4ea58146ac762111be98-master-0:64651:64651 [0] NCCL INFO NET/Socket : Using [0]eth0:10.46.164.118<0>
116c5efe4c4f4ea58146ac762111be98-master-0:64651:64651 [0] NCCL INFO Using network Socket
NCCL version 2.7.8+cuda11.0
116c5efe4c4f4ea58146ac762111be98-master-0:64656:64656 [5] NCCL INFO Bootstrap : Using [0]eth0:10.46.164.118<0>
116c5efe4c4f4ea58146ac762111be98-master-0:64658:64658 [7] NCCL INFO Bootstrap : Using [0]eth0:10.46.164.118<0>
116c5efe4c4f4ea58146ac762111be98-master-0:64657:64657 [6] NCCL INFO Bootstrap : Using [0]eth0:10.46.164.118<0>
116c5efe4c4f4ea58146ac762111be98-master-0:64654:64654 [3] NCCL INFO Bootstrap : Using [0]eth0:10.46.164.118<0>
116c5efe4c4f4ea58146ac762111be98-master-0:64653:64653 [2] NCCL INFO Bootstrap : Using [0]eth0:10.46.164.118<0>
116c5efe4c4f4ea58146ac762111be98-master-0:64652:64652 [1] NCCL INFO Bootstrap : Using [0]eth0:10.46.164.118<0>
116c5efe4c4f4ea58146ac762111be98-master-0:64656:64656 [5] NCCL INFO NET/Plugin: Failed to find ncclNetPlugin_v3 symbol.
116c5efe4c4f4ea58146ac762111be98-master-0:64658:64658 [7] NCCL INFO NET/Plugin: Failed to find ncclNetPlugin_v3 symbol.
116c5efe4c4f4ea58146ac762111be98-master-0:64657:64657 [6] NCCL INFO NET/Plugin: Failed to find ncclNetPlugin_v3 symbol.
116c5efe4c4f4ea58146ac762111be98-master-0:64654:64654 [3] NCCL INFO NET/Plugin: Failed to find ncclNetPlugin_v3 symbol.
116c5efe4c4f4ea58146ac762111be98-master-0:64652:64652 [1] NCCL INFO NET/Plugin: Failed to find ncclNetPlugin_v3 symbol.
116c5efe4c4f4ea58146ac762111be98-master-0:64653:64653 [2] NCCL INFO NET/Plugin: Failed to find ncclNetPlugin_v3 symbol.
116c5efe4c4f4ea58146ac762111be98-master-0:64656:64656 [5] NCCL INFO NET/IB : No device found.
116c5efe4c4f4ea58146ac762111be98-master-0:64656:64656 [5] NCCL INFO NET/Socket : Using [0]eth0:10.46.164.118<0>
116c5efe4c4f4ea58146ac762111be98-master-0:64656:64656 [5] NCCL INFO Using network Socket
116c5efe4c4f4ea58146ac762111be98-master-0:64658:64658 [7] NCCL INFO NET/IB : No device found.
116c5efe4c4f4ea58146ac762111be98-master-0:64658:64658 [7] NCCL INFO NET/Socket : Using [0]eth0:10.46.164.118<0>
116c5efe4c4f4ea58146ac762111be98-master-0:64658:64658 [7] NCCL INFO Using network Socket
116c5efe4c4f4ea58146ac762111be98-master-0:64654:64654 [3] NCCL INFO NET/IB : No device found.
116c5efe4c4f4ea58146ac762111be98-master-0:64653:64653 [2] NCCL INFO NET/IB : No device found.
116c5efe4c4f4ea58146ac762111be98-master-0:64654:64654 [3] NCCL INFO NET/Socket : Using [0]eth0:10.46.164.118<0>
116c5efe4c4f4ea58146ac762111be98-master-0:64657:64657 [6] NCCL INFO NET/IB : No device found.
116c5efe4c4f4ea58146ac762111be98-master-0:64654:64654 [3] NCCL INFO Using network Socket
116c5efe4c4f4ea58146ac762111be98-master-0:64653:64653 [2] NCCL INFO NET/Socket : Using [0]eth0:10.46.164.118<0>
116c5efe4c4f4ea58146ac762111be98-master-0:64653:64653 [2] NCCL INFO Using network Socket
116c5efe4c4f4ea58146ac762111be98-master-0:64657:64657 [6] NCCL INFO NET/Socket : Using [0]eth0:10.46.164.118<0>
116c5efe4c4f4ea58146ac762111be98-master-0:64657:64657 [6] NCCL INFO Using network Socket
116c5efe4c4f4ea58146ac762111be98-master-0:64652:64652 [1] NCCL INFO NET/IB : No device found.
116c5efe4c4f4ea58146ac762111be98-master-0:64652:64652 [1] NCCL INFO NET/Socket : Using [0]eth0:10.46.164.118<0>
116c5efe4c4f4ea58146ac762111be98-master-0:64652:64652 [1] NCCL INFO Using network Socket
116c5efe4c4f4ea58146ac762111be98-master-0:64655:64655 [4] NCCL INFO Bootstrap : Using [0]eth0:10.46.164.118<0>
116c5efe4c4f4ea58146ac762111be98-master-0:64655:64655 [4] NCCL INFO NET/Plugin: Failed to find ncclNetPlugin_v3 symbol.
116c5efe4c4f4ea58146ac762111be98-master-0:64655:64655 [4] NCCL INFO NET/IB : No device found.
116c5efe4c4f4ea58146ac762111be98-master-0:64655:64655 [4] NCCL INFO NET/Socket : Using [0]eth0:10.46.164.118<0>
116c5efe4c4f4ea58146ac762111be98-master-0:64655:64655 [4] NCCL INFO Using network Socket
116c5efe4c4f4ea58146ac762111be98-master-0:64653:65244 [2] NCCL INFO threadThresholds 8/8/64 | 64/8/64 | 8/8/64
116c5efe4c4f4ea58146ac762111be98-master-0:64654:65243 [3] NCCL INFO threadThresholds 8/8/64 | 64/8/64 | 8/8/64
116c5efe4c4f4ea58146ac762111be98-master-0:64655:65247 [4] NCCL INFO threadThresholds 8/8/64 | 64/8/64 | 8/8/64
116c5efe4c4f4ea58146ac762111be98-master-0:64656:65241 [5] NCCL INFO threadThresholds 8/8/64 | 64/8/64 | 8/8/64
116c5efe4c4f4ea58146ac762111be98-master-0:64657:65246 [6] NCCL INFO threadThresholds 8/8/64 | 64/8/64 | 8/8/64
116c5efe4c4f4ea58146ac762111be98-master-0:64653:65244 [2] NCCL INFO Trees [0] 1/-1/-1->2->3|3->2->1/-1/-1 [1] 1/-1/-1->2->3|3->2->1/-1/-1 [2] 1/-1/-1->2->3|3->2->1/-1/-1 [3] 1/-1/-1->2->3|3->2->1/-1/-1 [4] 1/-1/-1->2->3|3->2->1/-1/-1 [5] 1/-1/-1->2->3|3->2->1/-1/-1 [6] 1/-1/-1->2->3|3->2->1/-1/-1 [7] 1/-1/-1->2->3|3->2->1/-1/-1 [8] 1/-1/-1->2->3|3->2->1/-1/-1 [9] 1/-1/-1->2->3|3->2->1/-1/-1 [10] 1/-1/-1->2->3|3->2->1/-1/-1 [11] 1/-1/-1->2->3|3->2->1/-1/-1 [12] 1/-1/-1->2->3|3->2->1/-1/-1 [13] 1/-1/-1->2->3|3->2->1/-1/-1 [14] 1/-1/-1->2->3|3->2->1/-1/-1 [15] 1/-1/-1->2->3|3->2->1/-1/-1 [16] 1/-1/-1->2->3|3->2->1/-1/-1 [17] 1/-1/-1->2->3|3->2->1/-1/-1 [18] 1/-1/-1->2->3|3->2->1/-1/-1 [19] 1/-1/-1->2->3|3->2->1/-1/-1 [20] 1/-1/-1->2->3|3->2->1/-1/-1 [21] 1/-1/-1->2->3|3->2->1/-1/-1 [22] 1/-1/-1->2->3|3->2->1/-1/-1 [23] 1/-1/-1->2->3|3->2->1/-1/-1
116c5efe4c4f4ea58146ac762111be98-master-0:64651:65240 [0] NCCL INFO Channel 00/24 :    0   7   6   5   4   3   2   1
116c5efe4c4f4ea58146ac762111be98-master-0:64652:65245 [1] NCCL INFO threadThresholds 8/8/64 | 64/8/64 | 8/8/64
116c5efe4c4f4ea58146ac762111be98-master-0:64658:65242 [7] NCCL INFO threadThresholds 8/8/64 | 64/8/64 | 8/8/64
116c5efe4c4f4ea58146ac762111be98-master-0:64654:65243 [3] NCCL INFO Trees [0] 2/-1/-1->3->4|4->3->2/-1/-1 [1] 2/-1/-1->3->4|4->3->2/-1/-1 [2] 2/-1/-1->3->4|4->3->2/-1/-1 [3] 2/-1/-1->3->4|4->3->2/-1/-1 [4] 2/-1/-1->3->4|4->3->2/-1/-1 [5] 2/-1/-1->3->4|4->3->2/-1/-1 [6] 2/-1/-1->3->4|4->3->2/-1/-1 [7] 2/-1/-1->3->4|4->3->2/-1/-1 [8] 2/-1/-1->3->4|4->3->2/-1/-1 [9] 2/-1/-1->3->4|4->3->2/-1/-1 [10] 2/-1/-1->3->4|4->3->2/-1/-1 [11] 2/-1/-1->3->4|4->3->2/-1/-1 [12] 2/-1/-1->3->4|4->3->2/-1/-1 [13] 2/-1/-1->3->4|4->3->2/-1/-1 [14] 2/-1/-1->3->4|4->3->2/-1/-1 [15] 2/-1/-1->3->4|4->3->2/-1/-1 [16] 2/-1/-1->3->4|4->3->2/-1/-1 [17] 2/-1/-1->3->4|4->3->2/-1/-1 [18] 2/-1/-1->3->4|4->3->2/-1/-1 [19] 2/-1/-1->3->4|4->3->2/-1/-1 [20] 2/-1/-1->3->4|4->3->2/-1/-1 [21] 2/-1/-1->3->4|4->3->2/-1/-1 [22] 2/-1/-1->3->4|4->3->2/-1/-1 [23] 2/-1/-1->3->4|4->3->2/-1/-1
116c5efe4c4f4ea58146ac762111be98-master-0:64655:65247 [4] NCCL INFO Trees [0] 3/-1/-1->4->5|5->4->3/-1/-1 [1] 3/-1/-1->4->5|5->4->3/-1/-1 [2] 3/-1/-1->4->5|5->4->3/-1/-1 [3] 3/-1/-1->4->5|5->4->3/-1/-1 [4] 3/-1/-1->4->5|5->4->3/-1/-1 [5] 3/-1/-1->4->5|5->4->3/-1/-1 [6] 3/-1/-1->4->5|5->4->3/-1/-1 [7] 3/-1/-1->4->5|5->4->3/-1/-1 [8] 3/-1/-1->4->5|5->4->3/-1/-1 [9] 3/-1/-1->4->5|5->4->3/-1/-1 [10] 3/-1/-1->4->5|5->4->3/-1/-1 [11] 3/-1/-1->4->5|5->4->3/-1/-1 [12] 3/-1/-1->4->5|5->4->3/-1/-1 [13] 3/-1/-1->4->5|5->4->3/-1/-1 [14] 3/-1/-1->4->5|5->4->3/-1/-1 [15] 3/-1/-1->4->5|5->4->3/-1/-1 [16] 3/-1/-1->4->5|5->4->3/-1/-1 [17] 3/-1/-1->4->5|5->4->3/-1/-1 [18] 3/-1/-1->4->5|5->4->3/-1/-1 [19] 3/-1/-1->4->5|5->4->3/-1/-1 [20] 3/-1/-1->4->5|5->4->3/-1/-1 [21] 3/-1/-1->4->5|5->4->3/-1/-1 [22] 3/-1/-1->4->5|5->4->3/-1/-1 [23] 3/-1/-1->4->5|5->4->3/-1/-1
116c5efe4c4f4ea58146ac762111be98-master-0:64656:65241 [5] NCCL INFO Trees [0] 4/-1/-1->5->6|6->5->4/-1/-1 [1] 4/-1/-1->5->6|6->5->4/-1/-1 [2] 4/-1/-1->5->6|6->5->4/-1/-1 [3] 4/-1/-1->5->6|6->5->4/-1/-1 [4] 4/-1/-1->5->6|6->5->4/-1/-1 [5] 4/-1/-1->5->6|6->5->4/-1/-1 [6] 4/-1/-1->5->6|6->5->4/-1/-1 [7] 4/-1/-1->5->6|6->5->4/-1/-1 [8] 4/-1/-1->5->6|6->5->4/-1/-1 [9] 4/-1/-1->5->6|6->5->4/-1/-1 [10] 4/-1/-1->5->6|6->5->4/-1/-1 [11] 4/-1/-1->5->6|6->5->4/-1/-1 [12] 4/-1/-1->5->6|6->5->4/-1/-1 [13] 4/-1/-1->5->6|6->5->4/-1/-1 [14] 4/-1/-1->5->6|6->5->4/-1/-1 [15] 4/-1/-1->5->6|6->5->4/-1/-1 [16] 4/-1/-1->5->6|6->5->4/-1/-1 [17] 4/-1/-1->5->6|6->5->4/-1/-1 [18] 4/-1/-1->5->6|6->5->4/-1/-1 [19] 4/-1/-1->5->6|6->5->4/-1/-1 [20] 4/-1/-1->5->6|6->5->4/-1/-1 [21] 4/-1/-1->5->6|6->5->4/-1/-1 [22] 4/-1/-1->5->6|6->5->4/-1/-1 [23] 4/-1/-1->5->6|6->5->4/-1/-1
116c5efe4c4f4ea58146ac762111be98-master-0:64657:65246 [6] NCCL INFO Trees [0] 5/-1/-1->6->7|7->6->5/-1/-1 [1] 5/-1/-1->6->7|7->6->5/-1/-1 [2] 5/-1/-1->6->7|7->6->5/-1/-1 [3] 5/-1/-1->6->7|7->6->5/-1/-1 [4] 5/-1/-1->6->7|7->6->5/-1/-1 [5] 5/-1/-1->6->7|7->6->5/-1/-1 [6] 5/-1/-1->6->7|7->6->5/-1/-1 [7] 5/-1/-1->6->7|7->6->5/-1/-1 [8] 5/-1/-1->6->7|7->6->5/-1/-1 [9] 5/-1/-1->6->7|7->6->5/-1/-1 [10] 5/-1/-1->6->7|7->6->5/-1/-1 [11] 5/-1/-1->6->7|7->6->5/-1/-1 [12] 5/-1/-1->6->7|7->6->5/-1/-1 [13] 5/-1/-1->6->7|7->6->5/-1/-1 [14] 5/-1/-1->6->7|7->6->5/-1/-1 [15] 5/-1/-1->6->7|7->6->5/-1/-1 [16] 5/-1/-1->6->7|7->6->5/-1/-1 [17] 5/-1/-1->6->7|7->6->5/-1/-1 [18] 5/-1/-1->6->7|7->6->5/-1/-1 [19] 5/-1/-1->6->7|7->6->5/-1/-1 [20] 5/-1/-1->6->7|7->6->5/-1/-1 [21] 5/-1/-1->6->7|7->6->5/-1/-1 [22] 5/-1/-1->6->7|7->6->5/-1/-1 [23] 5/-1/-1->6->7|7->6->5/-1/-1
116c5efe4c4f4ea58146ac762111be98-master-0:64653:65244 [2] NCCL INFO Setting affinity for GPU 5 to ffff,0000ffff
116c5efe4c4f4ea58146ac762111be98-master-0:64651:65240 [0] NCCL INFO Channel 01/24 :    0   7   6   5   4   3   2   1
116c5efe4c4f4ea58146ac762111be98-master-0:64652:65245 [1] NCCL INFO Trees [0] 0/-1/-1->1->2|2->1->0/-1/-1 [1] 0/-1/-1->1->2|2->1->0/-1/-1 [2] 0/-1/-1->1->2|2->1->0/-1/-1 [3] 0/-1/-1->1->2|2->1->0/-1/-1 [4] 0/-1/-1->1->2|2->1->0/-1/-1 [5] 0/-1/-1->1->2|2->1->0/-1/-1 [6] 0/-1/-1->1->2|2->1->0/-1/-1 [7] 0/-1/-1->1->2|2->1->0/-1/-1 [8] 0/-1/-1->1->2|2->1->0/-1/-1 [9] 0/-1/-1->1->2|2->1->0/-1/-1 [10] 0/-1/-1->1->2|2->1->0/-1/-1 [11] 0/-1/-1->1->2|2->1->0/-1/-1 [12] 0/-1/-1->1->2|2->1->0/-1/-1 [13] 0/-1/-1->1->2|2->1->0/-1/-1 [14] 0/-1/-1->1->2|2->1->0/-1/-1 [15] 0/-1/-1->1->2|2->1->0/-1/-1 [16] 0/-1/-1->1->2|2->1->0/-1/-1 [17] 0/-1/-1->1->2|2->1->0/-1/-1 [18] 0/-1/-1->1->2|2->1->0/-1/-1 [19] 0/-1/-1->1->2|2->1->0/-1/-1 [20] 0/-1/-1->1->2|2->1->0/-1/-1 [21] 0/-1/-1->1->2|2->1->0/-1/-1 [22] 0/-1/-1->1->2|2->1->0/-1/-1 [23] 0/-1/-1->1->2|2->1->0/-1/-1
116c5efe4c4f4ea58146ac762111be98-master-0:64658:65242 [7] NCCL INFO Trees [0] 6/-1/-1->7->-1|-1->7->6/-1/-1 [1] 6/-1/-1->7->-1|-1->7->6/-1/-1 [2] 6/-1/-1->7->-1|-1->7->6/-1/-1 [3] 6/-1/-1->7->-1|-1->7->6/-1/-1 [4] 6/-1/-1->7->-1|-1->7->6/-1/-1 [5] 6/-1/-1->7->-1|-1->7->6/-1/-1 [6] 6/-1/-1->7->-1|-1->7->6/-1/-1 [7] 6/-1/-1->7->-1|-1->7->6/-1/-1 [8] 6/-1/-1->7->-1|-1->7->6/-1/-1 [9] 6/-1/-1->7->-1|-1->7->6/-1/-1 [10] 6/-1/-1->7->-1|-1->7->6/-1/-1 [11] 6/-1/-1->7->-1|-1->7->6/-1/-1 [12] 6/-1/-1->7->-1|-1->7->6/-1/-1 [13] 6/-1/-1->7->-1|-1->7->6/-1/-1 [14] 6/-1/-1->7->-1|-1->7->6/-1/-1 [15] 6/-1/-1->7->-1|-1->7->6/-1/-1 [16] 6/-1/-1->7->-1|-1->7->6/-1/-1 [17] 6/-1/-1->7->-1|-1->7->6/-1/-1 [18] 6/-1/-1->7->-1|-1->7->6/-1/-1 [19] 6/-1/-1->7->-1|-1->7->6/-1/-1 [20] 6/-1/-1->7->-1|-1->7->6/-1/-1 [21] 6/-1/-1->7->-1|-1->7->6/-1/-1 [22] 6/-1/-1->7->-1|-1->7->6/-1/-1 [23] 6/-1/-1->7->-1|-1->7->6/-1/-1
116c5efe4c4f4ea58146ac762111be98-master-0:64654:65243 [3] NCCL INFO Setting affinity for GPU 4 to ffff,0000ffff
116c5efe4c4f4ea58146ac762111be98-master-0:64655:65247 [4] NCCL INFO Setting affinity for GPU 3 to ffff,0000ffff
116c5efe4c4f4ea58146ac762111be98-master-0:64656:65241 [5] NCCL INFO Setting affinity for GPU 2 to ffff,0000ffff
116c5efe4c4f4ea58146ac762111be98-master-0:64657:65246 [6] NCCL INFO Setting affinity for GPU 1 to ffff,0000ffff
116c5efe4c4f4ea58146ac762111be98-master-0:64651:65240 [0] NCCL INFO Channel 02/24 :    0   7   6   5   4   3   2   1
116c5efe4c4f4ea58146ac762111be98-master-0:64652:65245 [1] NCCL INFO Setting affinity for GPU 6 to ffff,0000ffff
116c5efe4c4f4ea58146ac762111be98-master-0:64658:65242 [7] NCCL INFO Setting affinity for GPU 0 to ffff,0000ffff
116c5efe4c4f4ea58146ac762111be98-master-0:64651:65240 [0] NCCL INFO Channel 03/24 :    0   7   6   5   4   3   2   1
116c5efe4c4f4ea58146ac762111be98-master-0:64651:65240 [0] NCCL INFO Channel 04/24 :    0   7   6   5   4   3   2   1
116c5efe4c4f4ea58146ac762111be98-master-0:64651:65240 [0] NCCL INFO Channel 05/24 :    0   7   6   5   4   3   2   1
116c5efe4c4f4ea58146ac762111be98-master-0:64651:65240 [0] NCCL INFO Channel 06/24 :    0   7   6   5   4   3   2   1
116c5efe4c4f4ea58146ac762111be98-master-0:64651:65240 [0] NCCL INFO Channel 07/24 :    0   7   6   5   4   3   2   1
116c5efe4c4f4ea58146ac762111be98-master-0:64651:65240 [0] NCCL INFO Channel 08/24 :    0   7   6   5   4   3   2   1
116c5efe4c4f4ea58146ac762111be98-master-0:64651:65240 [0] NCCL INFO Channel 09/24 :    0   7   6   5   4   3   2   1
116c5efe4c4f4ea58146ac762111be98-master-0:64651:65240 [0] NCCL INFO Channel 10/24 :    0   7   6   5   4   3   2   1
116c5efe4c4f4ea58146ac762111be98-master-0:64651:65240 [0] NCCL INFO Channel 11/24 :    0   7   6   5   4   3   2   1
116c5efe4c4f4ea58146ac762111be98-master-0:64651:65240 [0] NCCL INFO Channel 12/24 :    0   7   6   5   4   3   2   1
116c5efe4c4f4ea58146ac762111be98-master-0:64651:65240 [0] NCCL INFO Channel 13/24 :    0   7   6   5   4   3   2   1
116c5efe4c4f4ea58146ac762111be98-master-0:64651:65240 [0] NCCL INFO Channel 14/24 :    0   7   6   5   4   3   2   1
116c5efe4c4f4ea58146ac762111be98-master-0:64651:65240 [0] NCCL INFO Channel 15/24 :    0   7   6   5   4   3   2   1
116c5efe4c4f4ea58146ac762111be98-master-0:64651:65240 [0] NCCL INFO Channel 16/24 :    0   7   6   5   4   3   2   1
116c5efe4c4f4ea58146ac762111be98-master-0:64651:65240 [0] NCCL INFO Channel 17/24 :    0   7   6   5   4   3   2   1
116c5efe4c4f4ea58146ac762111be98-master-0:64651:65240 [0] NCCL INFO Channel 18/24 :    0   7   6   5   4   3   2   1
116c5efe4c4f4ea58146ac762111be98-master-0:64651:65240 [0] NCCL INFO Channel 19/24 :    0   7   6   5   4   3   2   1
116c5efe4c4f4ea58146ac762111be98-master-0:64651:65240 [0] NCCL INFO Channel 20/24 :    0   7   6   5   4   3   2   1
116c5efe4c4f4ea58146ac762111be98-master-0:64651:65240 [0] NCCL INFO Channel 21/24 :    0   7   6   5   4   3   2   1
116c5efe4c4f4ea58146ac762111be98-master-0:64651:65240 [0] NCCL INFO Channel 22/24 :    0   7   6   5   4   3   2   1
116c5efe4c4f4ea58146ac762111be98-master-0:64651:65240 [0] NCCL INFO Channel 23/24 :    0   7   6   5   4   3   2   1
116c5efe4c4f4ea58146ac762111be98-master-0:64651:65240 [0] NCCL INFO threadThresholds 8/8/64 | 64/8/64 | 8/8/64
116c5efe4c4f4ea58146ac762111be98-master-0:64651:65240 [0] NCCL INFO Trees [0] -1/-1/-1->0->1|1->0->-1/-1/-1 [1] -1/-1/-1->0->1|1->0->-1/-1/-1 [2] -1/-1/-1->0->1|1->0->-1/-1/-1 [3] -1/-1/-1->0->1|1->0->-1/-1/-1 [4] -1/-1/-1->0->1|1->0->-1/-1/-1 [5] -1/-1/-1->0->1|1->0->-1/-1/-1 [6] -1/-1/-1->0->1|1->0->-1/-1/-1 [7] -1/-1/-1->0->1|1->0->-1/-1/-1 [8] -1/-1/-1->0->1|1->0->-1/-1/-1 [9] -1/-1/-1->0->1|1->0->-1/-1/-1 [10] -1/-1/-1->0->1|1->0->-1/-1/-1 [11] -1/-1/-1->0->1|1->0->-1/-1/-1 [12] -1/-1/-1->0->1|1->0->-1/-1/-1 [13] -1/-1/-1->0->1|1->0->-1/-1/-1 [14] -1/-1/-1->0->1|1->0->-1/-1/-1 [15] -1/-1/-1->0->1|1->0->-1/-1/-1 [16] -1/-1/-1->0->1|1->0->-1/-1/-1 [17] -1/-1/-1->0->1|1->0->-1/-1/-1 [18] -1/-1/-1->0->1|1->0->-1/-1/-1 [19] -1/-1/-1->0->1|1->0->-1/-1/-1 [20] -1/-1/-1->0->1|1->0->-1/-1/-1 [21] -1/-1/-1->0->1|1->0->-1/-1/-1 [22] -1/-1/-1->0->1|1->0->-1/-1/-1 [23] -1/-1/-1->0->1|1->0->-1/-1/-1
116c5efe4c4f4ea58146ac762111be98-master-0:64651:65240 [0] NCCL INFO Setting affinity for GPU 7 to ffff,0000ffff
116c5efe4c4f4ea58146ac762111be98-master-0:64656:65241 [5] NCCL INFO Channel 00 : 5[300000] -> 4[400000] via P2P/IPC/read
116c5efe4c4f4ea58146ac762111be98-master-0:64657:65246 [6] NCCL INFO Channel 00 : 6[200000] -> 5[300000] via P2P/IPC/read
116c5efe4c4f4ea58146ac762111be98-master-0:64655:65247 [4] NCCL INFO Channel 00 : 4[400000] -> 3[b00000] via P2P/IPC/read
116c5efe4c4f4ea58146ac762111be98-master-0:64652:65245 [1] NCCL INFO Channel 00 : 1[d00000] -> 0[e00000] via P2P/IPC/read
116c5efe4c4f4ea58146ac762111be98-master-0:64654:65243 [3] NCCL INFO Channel 00 : 3[b00000] -> 2[c00000] via P2P/IPC/read
116c5efe4c4f4ea58146ac762111be98-master-0:64658:65242 [7] NCCL INFO Channel 00 : 7[100000] -> 6[200000] via P2P/IPC/read
116c5efe4c4f4ea58146ac762111be98-master-0:64651:65240 [0] NCCL INFO Channel 00 : 0[e00000] -> 7[100000] via P2P/IPC/read
116c5efe4c4f4ea58146ac762111be98-master-0:64653:65244 [2] NCCL INFO Channel 00 : 2[c00000] -> 1[d00000] via P2P/IPC/read
116c5efe4c4f4ea58146ac762111be98-master-0:64656:65241 [5] NCCL INFO Channel 00 : 5[300000] -> 6[200000] via P2P/IPC/read
116c5efe4c4f4ea58146ac762111be98-master-0:64655:65247 [4] NCCL INFO Channel 00 : 4[400000] -> 5[300000] via P2P/IPC/read
116c5efe4c4f4ea58146ac762111be98-master-0:64657:65246 [6] NCCL INFO Channel 00 : 6[200000] -> 7[100000] via P2P/IPC/read
116c5efe4c4f4ea58146ac762111be98-master-0:64654:65243 [3] NCCL INFO Channel 00 : 3[b00000] -> 4[400000] via P2P/IPC/read
116c5efe4c4f4ea58146ac762111be98-master-0:64652:65245 [1] NCCL INFO Channel 00 : 1[d00000] -> 2[c00000] via P2P/IPC/read
116c5efe4c4f4ea58146ac762111be98-master-0:64651:65240 [0] NCCL INFO Channel 00 : 0[e00000] -> 1[d00000] via P2P/IPC/read
116c5efe4c4f4ea58146ac762111be98-master-0:64653:65244 [2] NCCL INFO Channel 00 : 2[c00000] -> 3[b00000] via P2P/IPC/read
116c5efe4c4f4ea58146ac762111be98-master-0:64658:65242 [7] NCCL INFO Channel 01 : 7[100000] -> 6[200000] via P2P/IPC/read
116c5efe4c4f4ea58146ac762111be98-master-0:64656:65241 [5] NCCL INFO Channel 01 : 5[300000] -> 4[400000] via P2P/IPC/read
116c5efe4c4f4ea58146ac762111be98-master-0:64655:65247 [4] NCCL INFO Channel 01 : 4[400000] -> 3[b00000] via P2P/IPC/read
116c5efe4c4f4ea58146ac762111be98-master-0:64651:65240 [0] NCCL INFO Channel 01 : 0[e00000] -> 7[100000] via P2P/IPC/read
116c5efe4c4f4ea58146ac762111be98-master-0:64657:65246 [6] NCCL INFO Channel 01 : 6[200000] -> 5[300000] via P2P/IPC/read
116c5efe4c4f4ea58146ac762111be98-master-0:64652:65245 [1] NCCL INFO Channel 01 : 1[d00000] -> 0[e00000] via P2P/IPC/read
116c5efe4c4f4ea58146ac762111be98-master-0:64654:65243 [3] NCCL INFO Channel 01 : 3[b00000] -> 2[c00000] via P2P/IPC/read
116c5efe4c4f4ea58146ac762111be98-master-0:64653:65244 [2] NCCL INFO Channel 01 : 2[c00000] -> 1[d00000] via P2P/IPC/read
116c5efe4c4f4ea58146ac762111be98-master-0:64651:65240 [0] NCCL INFO Channel 01 : 0[e00000] -> 1[d00000] via P2P/IPC/read
116c5efe4c4f4ea58146ac762111be98-master-0:64656:65241 [5] NCCL INFO Channel 01 : 5[300000] -> 6[200000] via P2P/IPC/read
116c5efe4c4f4ea58146ac762111be98-master-0:64655:65247 [4] NCCL INFO Channel 01 : 4[400000] -> 5[300000] via P2P/IPC/read
116c5efe4c4f4ea58146ac762111be98-master-0:64657:65246 [6] NCCL INFO Channel 01 : 6[200000] -> 7[100000] via P2P/IPC/read
116c5efe4c4f4ea58146ac762111be98-master-0:64652:65245 [1] NCCL INFO Channel 01 : 1[d00000] -> 2[c00000] via P2P/IPC/read
116c5efe4c4f4ea58146ac762111be98-master-0:64654:65243 [3] NCCL INFO Channel 01 : 3[b00000] -> 4[400000] via P2P/IPC/read
116c5efe4c4f4ea58146ac762111be98-master-0:64653:65244 [2] NCCL INFO Channel 01 : 2[c00000] -> 3[b00000] via P2P/IPC/read
116c5efe4c4f4ea58146ac762111be98-master-0:64651:65240 [0] NCCL INFO Channel 02 : 0[e00000] -> 7[100000] via P2P/IPC/read
116c5efe4c4f4ea58146ac762111be98-master-0:64658:65242 [7] NCCL INFO Channel 02 : 7[100000] -> 6[200000] via P2P/IPC/read
116c5efe4c4f4ea58146ac762111be98-master-0:64656:65241 [5] NCCL INFO Channel 02 : 5[300000] -> 4[400000] via P2P/IPC/read
116c5efe4c4f4ea58146ac762111be98-master-0:64657:65246 [6] NCCL INFO Channel 02 : 6[200000] -> 5[300000] via P2P/IPC/read
116c5efe4c4f4ea58146ac762111be98-master-0:64655:65247 [4] NCCL INFO Channel 02 : 4[400000] -> 3[b00000] via P2P/IPC/read
116c5efe4c4f4ea58146ac762111be98-master-0:64654:65243 [3] NCCL INFO Channel 02 : 3[b00000] -> 2[c00000] via P2P/IPC/read
116c5efe4c4f4ea58146ac762111be98-master-0:64652:65245 [1] NCCL INFO Channel 02 : 1[d00000] -> 0[e00000] via P2P/IPC/read
116c5efe4c4f4ea58146ac762111be98-master-0:64653:65244 [2] NCCL INFO Channel 02 : 2[c00000] -> 1[d00000] via P2P/IPC/read
116c5efe4c4f4ea58146ac762111be98-master-0:64651:65240 [0] NCCL INFO Channel 02 : 0[e00000] -> 1[d00000] via P2P/IPC/read
116c5efe4c4f4ea58146ac762111be98-master-0:64656:65241 [5] NCCL INFO Channel 02 : 5[300000] -> 6[200000] via P2P/IPC/read
116c5efe4c4f4ea58146ac762111be98-master-0:64657:65246 [6] NCCL INFO Channel 02 : 6[200000] -> 7[100000] via P2P/IPC/read
116c5efe4c4f4ea58146ac762111be98-master-0:64655:65247 [4] NCCL INFO Channel 02 : 4[400000] -> 5[300000] via P2P/IPC/read
116c5efe4c4f4ea58146ac762111be98-master-0:64654:65243 [3] NCCL INFO Channel 02 : 3[b00000] -> 4[400000] via P2P/IPC/read
116c5efe4c4f4ea58146ac762111be98-master-0:64652:65245 [1] NCCL INFO Channel 02 : 1[d00000] -> 2[c00000] via P2P/IPC/read
116c5efe4c4f4ea58146ac762111be98-master-0:64653:65244 [2] NCCL INFO Channel 02 : 2[c00000] -> 3[b00000] via P2P/IPC/read
116c5efe4c4f4ea58146ac762111be98-master-0:64651:65240 [0] NCCL INFO Channel 03 : 0[e00000] -> 7[100000] via P2P/IPC/read
116c5efe4c4f4ea58146ac762111be98-master-0:64658:65242 [7] NCCL INFO Channel 03 : 7[100000] -> 6[200000] via P2P/IPC/read
116c5efe4c4f4ea58146ac762111be98-master-0:64656:65241 [5] NCCL INFO Channel 03 : 5[300000] -> 4[400000] via P2P/IPC/read
116c5efe4c4f4ea58146ac762111be98-master-0:64657:65246 [6] NCCL INFO Channel 03 : 6[200000] -> 5[300000] via P2P/IPC/read
116c5efe4c4f4ea58146ac762111be98-master-0:64655:65247 [4] NCCL INFO Channel 03 : 4[400000] -> 3[b00000] via P2P/IPC/read
116c5efe4c4f4ea58146ac762111be98-master-0:64654:65243 [3] NCCL INFO Channel 03 : 3[b00000] -> 2[c00000] via P2P/IPC/read
116c5efe4c4f4ea58146ac762111be98-master-0:64652:65245 [1] NCCL INFO Channel 03 : 1[d00000] -> 0[e00000] via P2P/IPC/read
116c5efe4c4f4ea58146ac762111be98-master-0:64653:65244 [2] NCCL INFO Channel 03 : 2[c00000] -> 1[d00000] via P2P/IPC/read
116c5efe4c4f4ea58146ac762111be98-master-0:64651:65240 [0] NCCL INFO Channel 03 : 0[e00000] -> 1[d00000] via P2P/IPC/read
116c5efe4c4f4ea58146ac762111be98-master-0:64656:65241 [5] NCCL INFO Channel 03 : 5[300000] -> 6[200000] via P2P/IPC/read
116c5efe4c4f4ea58146ac762111be98-master-0:64657:65246 [6] NCCL INFO Channel 03 : 6[200000] -> 7[100000] via P2P/IPC/read
116c5efe4c4f4ea58146ac762111be98-master-0:64655:65247 [4] NCCL INFO Channel 03 : 4[400000] -> 5[300000] via P2P/IPC/read
116c5efe4c4f4ea58146ac762111be98-master-0:64654:65243 [3] NCCL INFO Channel 03 : 3[b00000] -> 4[400000] via P2P/IPC/read
116c5efe4c4f4ea58146ac762111be98-master-0:64652:65245 [1] NCCL INFO Channel 03 : 1[d00000] -> 2[c00000] via P2P/IPC/read
116c5efe4c4f4ea58146ac762111be98-master-0:64653:65244 [2] NCCL INFO Channel 03 : 2[c00000] -> 3[b00000] via P2P/IPC/read
116c5efe4c4f4ea58146ac762111be98-master-0:64651:65240 [0] NCCL INFO Channel 04 : 0[e00000] -> 7[100000] via P2P/IPC/read
116c5efe4c4f4ea58146ac762111be98-master-0:64658:65242 [7] NCCL INFO Channel 04 : 7[100000] -> 6[200000] via P2P/IPC/read
116c5efe4c4f4ea58146ac762111be98-master-0:64656:65241 [5] NCCL INFO Channel 04 : 5[300000] -> 4[400000] via P2P/IPC/read
116c5efe4c4f4ea58146ac762111be98-master-0:64657:65246 [6] NCCL INFO Channel 04 : 6[200000] -> 5[300000] via P2P/IPC/read
116c5efe4c4f4ea58146ac762111be98-master-0:64655:65247 [4] NCCL INFO Channel 04 : 4[400000] -> 3[b00000] via P2P/IPC/read
116c5efe4c4f4ea58146ac762111be98-master-0:64652:65245 [1] NCCL INFO Channel 04 : 1[d00000] -> 0[e00000] via P2P/IPC/read
116c5efe4c4f4ea58146ac762111be98-master-0:64654:65243 [3] NCCL INFO Channel 04 : 3[b00000] -> 2[c00000] via P2P/IPC/read
116c5efe4c4f4ea58146ac762111be98-master-0:64653:65244 [2] NCCL INFO Channel 04 : 2[c00000] -> 1[d00000] via P2P/IPC/read
116c5efe4c4f4ea58146ac762111be98-master-0:64651:65240 [0] NCCL INFO Channel 04 : 0[e00000] -> 1[d00000] via P2P/IPC/read
116c5efe4c4f4ea58146ac762111be98-master-0:64656:65241 [5] NCCL INFO Channel 04 : 5[300000] -> 6[200000] via P2P/IPC/read
116c5efe4c4f4ea58146ac762111be98-master-0:64657:65246 [6] NCCL INFO Channel 04 : 6[200000] -> 7[100000] via P2P/IPC/read
116c5efe4c4f4ea58146ac762111be98-master-0:64655:65247 [4] NCCL INFO Channel 04 : 4[400000] -> 5[300000] via P2P/IPC/read
116c5efe4c4f4ea58146ac762111be98-master-0:64654:65243 [3] NCCL INFO Channel 04 : 3[b00000] -> 4[400000] via P2P/IPC/read
116c5efe4c4f4ea58146ac762111be98-master-0:64652:65245 [1] NCCL INFO Channel 04 : 1[d00000] -> 2[c00000] via P2P/IPC/read
116c5efe4c4f4ea58146ac762111be98-master-0:64653:65244 [2] NCCL INFO Channel 04 : 2[c00000] -> 3[b00000] via P2P/IPC/read
116c5efe4c4f4ea58146ac762111be98-master-0:64658:65242 [7] NCCL INFO Channel 05 : 7[100000] -> 6[200000] via P2P/IPC/read
116c5efe4c4f4ea58146ac762111be98-master-0:64651:65240 [0] NCCL INFO Channel 05 : 0[e00000] -> 7[100000] via P2P/IPC/read
116c5efe4c4f4ea58146ac762111be98-master-0:64656:65241 [5] NCCL INFO Channel 05 : 5[300000] -> 4[400000] via P2P/IPC/read
116c5efe4c4f4ea58146ac762111be98-master-0:64657:65246 [6] NCCL INFO Channel 05 : 6[200000] -> 5[300000] via P2P/IPC/read
116c5efe4c4f4ea58146ac762111be98-master-0:64655:65247 [4] NCCL INFO Channel 05 : 4[400000] -> 3[b00000] via P2P/IPC/read
116c5efe4c4f4ea58146ac762111be98-master-0:64654:65243 [3] NCCL INFO Channel 05 : 3[b00000] -> 2[c00000] via P2P/IPC/read
116c5efe4c4f4ea58146ac762111be98-master-0:64652:65245 [1] NCCL INFO Channel 05 : 1[d00000] -> 0[e00000] via P2P/IPC/read
116c5efe4c4f4ea58146ac762111be98-master-0:64653:65244 [2] NCCL INFO Channel 05 : 2[c00000] -> 1[d00000] via P2P/IPC/read
116c5efe4c4f4ea58146ac762111be98-master-0:64656:65241 [5] NCCL INFO Channel 05 : 5[300000] -> 6[200000] via P2P/IPC/read
116c5efe4c4f4ea58146ac762111be98-master-0:64651:65240 [0] NCCL INFO Channel 05 : 0[e00000] -> 1[d00000] via P2P/IPC/read
116c5efe4c4f4ea58146ac762111be98-master-0:64657:65246 [6] NCCL INFO Channel 05 : 6[200000] -> 7[100000] via P2P/IPC/read
116c5efe4c4f4ea58146ac762111be98-master-0:64655:65247 [4] NCCL INFO Channel 05 : 4[400000] -> 5[300000] via P2P/IPC/read
116c5efe4c4f4ea58146ac762111be98-master-0:64654:65243 [3] NCCL INFO Channel 05 : 3[b00000] -> 4[400000] via P2P/IPC/read
116c5efe4c4f4ea58146ac762111be98-master-0:64652:65245 [1] NCCL INFO Channel 05 : 1[d00000] -> 2[c00000] via P2P/IPC/read
116c5efe4c4f4ea58146ac762111be98-master-0:64653:65244 [2] NCCL INFO Channel 05 : 2[c00000] -> 3[b00000] via P2P/IPC/read
116c5efe4c4f4ea58146ac762111be98-master-0:64658:65242 [7] NCCL INFO Channel 06 : 7[100000] -> 6[200000] via P2P/IPC/read
116c5efe4c4f4ea58146ac762111be98-master-0:64651:65240 [0] NCCL INFO Channel 06 : 0[e00000] -> 7[100000] via P2P/IPC/read
116c5efe4c4f4ea58146ac762111be98-master-0:64656:65241 [5] NCCL INFO Channel 06 : 5[300000] -> 4[400000] via P2P/IPC/read
116c5efe4c4f4ea58146ac762111be98-master-0:64657:65246 [6] NCCL INFO Channel 06 : 6[200000] -> 5[300000] via P2P/IPC/read
116c5efe4c4f4ea58146ac762111be98-master-0:64655:65247 [4] NCCL INFO Channel 06 : 4[400000] -> 3[b00000] via P2P/IPC/read
116c5efe4c4f4ea58146ac762111be98-master-0:64654:65243 [3] NCCL INFO Channel 06 : 3[b00000] -> 2[c00000] via P2P/IPC/read
116c5efe4c4f4ea58146ac762111be98-master-0:64652:65245 [1] NCCL INFO Channel 06 : 1[d00000] -> 0[e00000] via P2P/IPC/read
116c5efe4c4f4ea58146ac762111be98-master-0:64653:65244 [2] NCCL INFO Channel 06 : 2[c00000] -> 1[d00000] via P2P/IPC/read
116c5efe4c4f4ea58146ac762111be98-master-0:64651:65240 [0] NCCL INFO Channel 06 : 0[e00000] -> 1[d00000] via P2P/IPC/read
116c5efe4c4f4ea58146ac762111be98-master-0:64656:65241 [5] NCCL INFO Channel 06 : 5[300000] -> 6[200000] via P2P/IPC/read
116c5efe4c4f4ea58146ac762111be98-master-0:64657:65246 [6] NCCL INFO Channel 06 : 6[200000] -> 7[100000] via P2P/IPC/read
116c5efe4c4f4ea58146ac762111be98-master-0:64655:65247 [4] NCCL INFO Channel 06 : 4[400000] -> 5[300000] via P2P/IPC/read
116c5efe4c4f4ea58146ac762111be98-master-0:64654:65243 [3] NCCL INFO Channel 06 : 3[b00000] -> 4[400000] via P2P/IPC/read
116c5efe4c4f4ea58146ac762111be98-master-0:64652:65245 [1] NCCL INFO Channel 06 : 1[d00000] -> 2[c00000] via P2P/IPC/read
116c5efe4c4f4ea58146ac762111be98-master-0:64653:65244 [2] NCCL INFO Channel 06 : 2[c00000] -> 3[b00000] via P2P/IPC/read
116c5efe4c4f4ea58146ac762111be98-master-0:64658:65242 [7] NCCL INFO Channel 07 : 7[100000] -> 6[200000] via P2P/IPC/read
116c5efe4c4f4ea58146ac762111be98-master-0:64651:65240 [0] NCCL INFO Channel 07 : 0[e00000] -> 7[100000] via P2P/IPC/read
116c5efe4c4f4ea58146ac762111be98-master-0:64657:65246 [6] NCCL INFO Channel 07 : 6[200000] -> 5[300000] via P2P/IPC/read
116c5efe4c4f4ea58146ac762111be98-master-0:64656:65241 [5] NCCL INFO Channel 07 : 5[300000] -> 4[400000] via P2P/IPC/read
116c5efe4c4f4ea58146ac762111be98-master-0:64655:65247 [4] NCCL INFO Channel 07 : 4[400000] -> 3[b00000] via P2P/IPC/read
116c5efe4c4f4ea58146ac762111be98-master-0:64654:65243 [3] NCCL INFO Channel 07 : 3[b00000] -> 2[c00000] via P2P/IPC/read
116c5efe4c4f4ea58146ac762111be98-master-0:64652:65245 [1] NCCL INFO Channel 07 : 1[d00000] -> 0[e00000] via P2P/IPC/read
116c5efe4c4f4ea58146ac762111be98-master-0:64653:65244 [2] NCCL INFO Channel 07 : 2[c00000] -> 1[d00000] via P2P/IPC/read
116c5efe4c4f4ea58146ac762111be98-master-0:64651:65240 [0] NCCL INFO Channel 07 : 0[e00000] -> 1[d00000] via P2P/IPC/read
116c5efe4c4f4ea58146ac762111be98-master-0:64657:65246 [6] NCCL INFO Channel 07 : 6[200000] -> 7[100000] via P2P/IPC/read
116c5efe4c4f4ea58146ac762111be98-master-0:64656:65241 [5] NCCL INFO Channel 07 : 5[300000] -> 6[200000] via P2P/IPC/read
116c5efe4c4f4ea58146ac762111be98-master-0:64655:65247 [4] NCCL INFO Channel 07 : 4[400000] -> 5[300000] via P2P/IPC/read
116c5efe4c4f4ea58146ac762111be98-master-0:64654:65243 [3] NCCL INFO Channel 07 : 3[b00000] -> 4[400000] via P2P/IPC/read
116c5efe4c4f4ea58146ac762111be98-master-0:64652:65245 [1] NCCL INFO Channel 07 : 1[d00000] -> 2[c00000] via P2P/IPC/read
116c5efe4c4f4ea58146ac762111be98-master-0:64653:65244 [2] NCCL INFO Channel 07 : 2[c00000] -> 3[b00000] via P2P/IPC/read
116c5efe4c4f4ea58146ac762111be98-master-0:64658:65242 [7] NCCL INFO Channel 08 : 7[100000] -> 6[200000] via P2P/IPC/read
116c5efe4c4f4ea58146ac762111be98-master-0:64657:65246 [6] NCCL INFO Channel 08 : 6[200000] -> 5[300000] via P2P/IPC/read
116c5efe4c4f4ea58146ac762111be98-master-0:64651:65240 [0] NCCL INFO Channel 08 : 0[e00000] -> 7[100000] via P2P/IPC/read
116c5efe4c4f4ea58146ac762111be98-master-0:64656:65241 [5] NCCL INFO Channel 08 : 5[300000] -> 4[400000] via P2P/IPC/read
116c5efe4c4f4ea58146ac762111be98-master-0:64655:65247 [4] NCCL INFO Channel 08 : 4[400000] -> 3[b00000] via P2P/IPC/read
116c5efe4c4f4ea58146ac762111be98-master-0:64654:65243 [3] NCCL INFO Channel 08 : 3[b00000] -> 2[c00000] via P2P/IPC/read
116c5efe4c4f4ea58146ac762111be98-master-0:64652:65245 [1] NCCL INFO Channel 08 : 1[d00000] -> 0[e00000] via P2P/IPC/read
116c5efe4c4f4ea58146ac762111be98-master-0:64653:65244 [2] NCCL INFO Channel 08 : 2[c00000] -> 1[d00000] via P2P/IPC/read
116c5efe4c4f4ea58146ac762111be98-master-0:64651:65240 [0] NCCL INFO Channel 08 : 0[e00000] -> 1[d00000] via P2P/IPC/read
116c5efe4c4f4ea58146ac762111be98-master-0:64657:65246 [6] NCCL INFO Channel 08 : 6[200000] -> 7[100000] via P2P/IPC/read
116c5efe4c4f4ea58146ac762111be98-master-0:64656:65241 [5] NCCL INFO Channel 08 : 5[300000] -> 6[200000] via P2P/IPC/read
116c5efe4c4f4ea58146ac762111be98-master-0:64655:65247 [4] NCCL INFO Channel 08 : 4[400000] -> 5[300000] via P2P/IPC/read
116c5efe4c4f4ea58146ac762111be98-master-0:64654:65243 [3] NCCL INFO Channel 08 : 3[b00000] -> 4[400000] via P2P/IPC/read
116c5efe4c4f4ea58146ac762111be98-master-0:64652:65245 [1] NCCL INFO Channel 08 : 1[d00000] -> 2[c00000] via P2P/IPC/read
116c5efe4c4f4ea58146ac762111be98-master-0:64653:65244 [2] NCCL INFO Channel 08 : 2[c00000] -> 3[b00000] via P2P/IPC/read
116c5efe4c4f4ea58146ac762111be98-master-0:64658:65242 [7] NCCL INFO Channel 09 : 7[100000] -> 6[200000] via P2P/IPC/read
116c5efe4c4f4ea58146ac762111be98-master-0:64651:65240 [0] NCCL INFO Channel 09 : 0[e00000] -> 7[100000] via P2P/IPC/read
116c5efe4c4f4ea58146ac762111be98-master-0:64657:65246 [6] NCCL INFO Channel 09 : 6[200000] -> 5[300000] via P2P/IPC/read
116c5efe4c4f4ea58146ac762111be98-master-0:64656:65241 [5] NCCL INFO Channel 09 : 5[300000] -> 4[400000] via P2P/IPC/read
116c5efe4c4f4ea58146ac762111be98-master-0:64655:65247 [4] NCCL INFO Channel 09 : 4[400000] -> 3[b00000] via P2P/IPC/read
116c5efe4c4f4ea58146ac762111be98-master-0:64654:65243 [3] NCCL INFO Channel 09 : 3[b00000] -> 2[c00000] via P2P/IPC/read
116c5efe4c4f4ea58146ac762111be98-master-0:64652:65245 [1] NCCL INFO Channel 09 : 1[d00000] -> 0[e00000] via P2P/IPC/read
116c5efe4c4f4ea58146ac762111be98-master-0:64653:65244 [2] NCCL INFO Channel 09 : 2[c00000] -> 1[d00000] via P2P/IPC/read
116c5efe4c4f4ea58146ac762111be98-master-0:64651:65240 [0] NCCL INFO Channel 09 : 0[e00000] -> 1[d00000] via P2P/IPC/read
116c5efe4c4f4ea58146ac762111be98-master-0:64657:65246 [6] NCCL INFO Channel 09 : 6[200000] -> 7[100000] via P2P/IPC/read
116c5efe4c4f4ea58146ac762111be98-master-0:64656:65241 [5] NCCL INFO Channel 09 : 5[300000] -> 6[200000] via P2P/IPC/read
116c5efe4c4f4ea58146ac762111be98-master-0:64655:65247 [4] NCCL INFO Channel 09 : 4[400000] -> 5[300000] via P2P/IPC/read
116c5efe4c4f4ea58146ac762111be98-master-0:64654:65243 [3] NCCL INFO Channel 09 : 3[b00000] -> 4[400000] via P2P/IPC/read
116c5efe4c4f4ea58146ac762111be98-master-0:64652:65245 [1] NCCL INFO Channel 09 : 1[d00000] -> 2[c00000] via P2P/IPC/read
116c5efe4c4f4ea58146ac762111be98-master-0:64653:65244 [2] NCCL INFO Channel 09 : 2[c00000] -> 3[b00000] via P2P/IPC/read
116c5efe4c4f4ea58146ac762111be98-master-0:64658:65242 [7] NCCL INFO Channel 10 : 7[100000] -> 6[200000] via P2P/IPC/read
116c5efe4c4f4ea58146ac762111be98-master-0:64651:65240 [0] NCCL INFO Channel 10 : 0[e00000] -> 7[100000] via P2P/IPC/read
116c5efe4c4f4ea58146ac762111be98-master-0:64657:65246 [6] NCCL INFO Channel 10 : 6[200000] -> 5[300000] via P2P/IPC/read
116c5efe4c4f4ea58146ac762111be98-master-0:64656:65241 [5] NCCL INFO Channel 10 : 5[300000] -> 4[400000] via P2P/IPC/read
116c5efe4c4f4ea58146ac762111be98-master-0:64655:65247 [4] NCCL INFO Channel 10 : 4[400000] -> 3[b00000] via P2P/IPC/read
116c5efe4c4f4ea58146ac762111be98-master-0:64654:65243 [3] NCCL INFO Channel 10 : 3[b00000] -> 2[c00000] via P2P/IPC/read
116c5efe4c4f4ea58146ac762111be98-master-0:64652:65245 [1] NCCL INFO Channel 10 : 1[d00000] -> 0[e00000] via P2P/IPC/read
116c5efe4c4f4ea58146ac762111be98-master-0:64653:65244 [2] NCCL INFO Channel 10 : 2[c00000] -> 1[d00000] via P2P/IPC/read
116c5efe4c4f4ea58146ac762111be98-master-0:64651:65240 [0] NCCL INFO Channel 10 : 0[e00000] -> 1[d00000] via P2P/IPC/read
116c5efe4c4f4ea58146ac762111be98-master-0:64657:65246 [6] NCCL INFO Channel 10 : 6[200000] -> 7[100000] via P2P/IPC/read
116c5efe4c4f4ea58146ac762111be98-master-0:64656:65241 [5] NCCL INFO Channel 10 : 5[300000] -> 6[200000] via P2P/IPC/read
116c5efe4c4f4ea58146ac762111be98-master-0:64655:65247 [4] NCCL INFO Channel 10 : 4[400000] -> 5[300000] via P2P/IPC/read
116c5efe4c4f4ea58146ac762111be98-master-0:64654:65243 [3] NCCL INFO Channel 10 : 3[b00000] -> 4[400000] via P2P/IPC/read
116c5efe4c4f4ea58146ac762111be98-master-0:64652:65245 [1] NCCL INFO Channel 10 : 1[d00000] -> 2[c00000] via P2P/IPC/read
116c5efe4c4f4ea58146ac762111be98-master-0:64653:65244 [2] NCCL INFO Channel 10 : 2[c00000] -> 3[b00000] via P2P/IPC/read
116c5efe4c4f4ea58146ac762111be98-master-0:64658:65242 [7] NCCL INFO Channel 11 : 7[100000] -> 6[200000] via P2P/IPC/read
116c5efe4c4f4ea58146ac762111be98-master-0:64651:65240 [0] NCCL INFO Channel 11 : 0[e00000] -> 7[100000] via P2P/IPC/read
116c5efe4c4f4ea58146ac762111be98-master-0:64657:65246 [6] NCCL INFO Channel 11 : 6[200000] -> 5[300000] via P2P/IPC/read
116c5efe4c4f4ea58146ac762111be98-master-0:64656:65241 [5] NCCL INFO Channel 11 : 5[300000] -> 4[400000] via P2P/IPC/read
116c5efe4c4f4ea58146ac762111be98-master-0:64655:65247 [4] NCCL INFO Channel 11 : 4[400000] -> 3[b00000] via P2P/IPC/read
116c5efe4c4f4ea58146ac762111be98-master-0:64654:65243 [3] NCCL INFO Channel 11 : 3[b00000] -> 2[c00000] via P2P/IPC/read
116c5efe4c4f4ea58146ac762111be98-master-0:64652:65245 [1] NCCL INFO Channel 11 : 1[d00000] -> 0[e00000] via P2P/IPC/read
116c5efe4c4f4ea58146ac762111be98-master-0:64653:65244 [2] NCCL INFO Channel 11 : 2[c00000] -> 1[d00000] via P2P/IPC/read
116c5efe4c4f4ea58146ac762111be98-master-0:64651:65240 [0] NCCL INFO Channel 11 : 0[e00000] -> 1[d00000] via P2P/IPC/read
116c5efe4c4f4ea58146ac762111be98-master-0:64657:65246 [6] NCCL INFO Channel 11 : 6[200000] -> 7[100000] via P2P/IPC/read
116c5efe4c4f4ea58146ac762111be98-master-0:64656:65241 [5] NCCL INFO Channel 11 : 5[300000] -> 6[200000] via P2P/IPC/read
116c5efe4c4f4ea58146ac762111be98-master-0:64655:65247 [4] NCCL INFO Channel 11 : 4[400000] -> 5[300000] via P2P/IPC/read
116c5efe4c4f4ea58146ac762111be98-master-0:64654:65243 [3] NCCL INFO Channel 11 : 3[b00000] -> 4[400000] via P2P/IPC/read
116c5efe4c4f4ea58146ac762111be98-master-0:64652:65245 [1] NCCL INFO Channel 11 : 1[d00000] -> 2[c00000] via P2P/IPC/read
116c5efe4c4f4ea58146ac762111be98-master-0:64653:65244 [2] NCCL INFO Channel 11 : 2[c00000] -> 3[b00000] via P2P/IPC/read
116c5efe4c4f4ea58146ac762111be98-master-0:64658:65242 [7] NCCL INFO Channel 12 : 7[100000] -> 6[200000] via P2P/IPC/read
116c5efe4c4f4ea58146ac762111be98-master-0:64651:65240 [0] NCCL INFO Channel 12 : 0[e00000] -> 7[100000] via P2P/IPC/read
116c5efe4c4f4ea58146ac762111be98-master-0:64657:65246 [6] NCCL INFO Channel 12 : 6[200000] -> 5[300000] via P2P/IPC/read
116c5efe4c4f4ea58146ac762111be98-master-0:64656:65241 [5] NCCL INFO Channel 12 : 5[300000] -> 4[400000] via P2P/IPC/read
116c5efe4c4f4ea58146ac762111be98-master-0:64655:65247 [4] NCCL INFO Channel 12 : 4[400000] -> 3[b00000] via P2P/IPC/read
116c5efe4c4f4ea58146ac762111be98-master-0:64654:65243 [3] NCCL INFO Channel 12 : 3[b00000] -> 2[c00000] via P2P/IPC/read
116c5efe4c4f4ea58146ac762111be98-master-0:64652:65245 [1] NCCL INFO Channel 12 : 1[d00000] -> 0[e00000] via P2P/IPC/read
116c5efe4c4f4ea58146ac762111be98-master-0:64653:65244 [2] NCCL INFO Channel 12 : 2[c00000] -> 1[d00000] via P2P/IPC/read
116c5efe4c4f4ea58146ac762111be98-master-0:64657:65246 [6] NCCL INFO Channel 12 : 6[200000] -> 7[100000] via P2P/IPC/read
116c5efe4c4f4ea58146ac762111be98-master-0:64651:65240 [0] NCCL INFO Channel 12 : 0[e00000] -> 1[d00000] via P2P/IPC/read
116c5efe4c4f4ea58146ac762111be98-master-0:64656:65241 [5] NCCL INFO Channel 12 : 5[300000] -> 6[200000] via P2P/IPC/read
116c5efe4c4f4ea58146ac762111be98-master-0:64655:65247 [4] NCCL INFO Channel 12 : 4[400000] -> 5[300000] via P2P/IPC/read
116c5efe4c4f4ea58146ac762111be98-master-0:64654:65243 [3] NCCL INFO Channel 12 : 3[b00000] -> 4[400000] via P2P/IPC/read
116c5efe4c4f4ea58146ac762111be98-master-0:64652:65245 [1] NCCL INFO Channel 12 : 1[d00000] -> 2[c00000] via P2P/IPC/read
116c5efe4c4f4ea58146ac762111be98-master-0:64653:65244 [2] NCCL INFO Channel 12 : 2[c00000] -> 3[b00000] via P2P/IPC/read
116c5efe4c4f4ea58146ac762111be98-master-0:64658:65242 [7] NCCL INFO Channel 13 : 7[100000] -> 6[200000] via P2P/IPC/read
116c5efe4c4f4ea58146ac762111be98-master-0:64657:65246 [6] NCCL INFO Channel 13 : 6[200000] -> 5[300000] via P2P/IPC/read
116c5efe4c4f4ea58146ac762111be98-master-0:64651:65240 [0] NCCL INFO Channel 13 : 0[e00000] -> 7[100000] via P2P/IPC/read
116c5efe4c4f4ea58146ac762111be98-master-0:64656:65241 [5] NCCL INFO Channel 13 : 5[300000] -> 4[400000] via P2P/IPC/read
116c5efe4c4f4ea58146ac762111be98-master-0:64655:65247 [4] NCCL INFO Channel 13 : 4[400000] -> 3[b00000] via P2P/IPC/read
116c5efe4c4f4ea58146ac762111be98-master-0:64654:65243 [3] NCCL INFO Channel 13 : 3[b00000] -> 2[c00000] via P2P/IPC/read
116c5efe4c4f4ea58146ac762111be98-master-0:64652:65245 [1] NCCL INFO Channel 13 : 1[d00000] -> 0[e00000] via P2P/IPC/read
116c5efe4c4f4ea58146ac762111be98-master-0:64653:65244 [2] NCCL INFO Channel 13 : 2[c00000] -> 1[d00000] via P2P/IPC/read
116c5efe4c4f4ea58146ac762111be98-master-0:64657:65246 [6] NCCL INFO Channel 13 : 6[200000] -> 7[100000] via P2P/IPC/read
116c5efe4c4f4ea58146ac762111be98-master-0:64651:65240 [0] NCCL INFO Channel 13 : 0[e00000] -> 1[d00000] via P2P/IPC/read
116c5efe4c4f4ea58146ac762111be98-master-0:64656:65241 [5] NCCL INFO Channel 13 : 5[300000] -> 6[200000] via P2P/IPC/read
116c5efe4c4f4ea58146ac762111be98-master-0:64655:65247 [4] NCCL INFO Channel 13 : 4[400000] -> 5[300000] via P2P/IPC/read
116c5efe4c4f4ea58146ac762111be98-master-0:64654:65243 [3] NCCL INFO Channel 13 : 3[b00000] -> 4[400000] via P2P/IPC/read
116c5efe4c4f4ea58146ac762111be98-master-0:64652:65245 [1] NCCL INFO Channel 13 : 1[d00000] -> 2[c00000] via P2P/IPC/read
116c5efe4c4f4ea58146ac762111be98-master-0:64653:65244 [2] NCCL INFO Channel 13 : 2[c00000] -> 3[b00000] via P2P/IPC/read
