[INFO|modeling_utils.py:898] 2022-07-31 23:48:20,430 >> Model weights saved in /weizhou_data/generation/ranker/RLRanker_v7/saves/ablation_ncand/v7-large-cnndm-ncand14-npick14/checkpoint-12000/reranker/pytorch_model.bin
[INFO|tokenization_utils_base.py:1948] 2022-07-31 23:48:20,444 >> tokenizer config file saved in /weizhou_data/generation/ranker/RLRanker_v7/saves/ablation_ncand/v7-large-cnndm-ncand14-npick14/checkpoint-12000/reranker/tokenizer_config.json
[INFO|tokenization_utils_base.py:1954] 2022-07-31 23:48:20,456 >> Special tokens file saved in /weizhou_data/generation/ranker/RLRanker_v7/saves/ablation_ncand/v7-large-cnndm-ncand14-npick14/checkpoint-12000/reranker/special_tokens_map.json
{'steps': 12500, 'reranker_loss': 0.8762, 'learning_rate': 5.170159013226334e-06}
{'steps': 13000, 'generator_loss': 0.4419, 'learning_rate': 2.5854510328429187e-05}
[INFO|configuration_utils.py:364] 2022-08-01 05:02:29,709 >> Configuration saved in /weizhou_data/generation/ranker/RLRanker_v7/saves/ablation_ncand/v7-large-cnndm-ncand14-npick14/checkpoint-13000/generator/config.json
[INFO|modeling_utils.py:898] 2022-08-01 05:02:37,849 >> Model weights saved in /weizhou_data/generation/ranker/RLRanker_v7/saves/ablation_ncand/v7-large-cnndm-ncand14-npick14/checkpoint-13000/generator/pytorch_model.bin
[INFO|tokenization_utils_base.py:1948] 2022-08-01 05:02:37,865 >> tokenizer config file saved in /weizhou_data/generation/ranker/RLRanker_v7/saves/ablation_ncand/v7-large-cnndm-ncand14-npick14/checkpoint-13000/generator/tokenizer_config.json
[INFO|tokenization_utils_base.py:1954] 2022-08-01 05:02:37,880 >> Special tokens file saved in /weizhou_data/generation/ranker/RLRanker_v7/saves/ablation_ncand/v7-large-cnndm-ncand14-npick14/checkpoint-13000/generator/special_tokens_map.json
[INFO|configuration_utils.py:364] 2022-08-01 05:02:38,022 >> Configuration saved in /weizhou_data/generation/ranker/RLRanker_v7/saves/ablation_ncand/v7-large-cnndm-ncand14-npick14/checkpoint-13000/reranker/config.json
[INFO|modeling_utils.py:898] 2022-08-01 05:02:45,382 >> Model weights saved in /weizhou_data/generation/ranker/RLRanker_v7/saves/ablation_ncand/v7-large-cnndm-ncand14-npick14/checkpoint-13000/reranker/pytorch_model.bin
[INFO|tokenization_utils_base.py:1948] 2022-08-01 05:02:45,395 >> tokenizer config file saved in /weizhou_data/generation/ranker/RLRanker_v7/saves/ablation_ncand/v7-large-cnndm-ncand14-npick14/checkpoint-13000/reranker/tokenizer_config.json
[INFO|tokenization_utils_base.py:1954] 2022-08-01 05:02:45,408 >> Special tokens file saved in /weizhou_data/generation/ranker/RLRanker_v7/saves/ablation_ncand/v7-large-cnndm-ncand14-npick14/checkpoint-13000/reranker/special_tokens_map.json
[INFO|configuration_utils.py:364] 2022-08-01 06:22:00,823 >> Configuration saved in /weizhou_data/generation/ranker/RLRanker_v7/saves/ablation_ncand/v7-large-cnndm-ncand14-npick14/generator/config.json
[INFO|modeling_utils.py:898] 2022-08-01 06:22:08,748 >> Model weights saved in /weizhou_data/generation/ranker/RLRanker_v7/saves/ablation_ncand/v7-large-cnndm-ncand14-npick14/generator/pytorch_model.bin
[INFO|tokenization_utils_base.py:1948] 2022-08-01 06:22:08,762 >> tokenizer config file saved in /weizhou_data/generation/ranker/RLRanker_v7/saves/ablation_ncand/v7-large-cnndm-ncand14-npick14/generator/tokenizer_config.json
[INFO|tokenization_utils_base.py:1954] 2022-08-01 06:22:08,775 >> Special tokens file saved in /weizhou_data/generation/ranker/RLRanker_v7/saves/ablation_ncand/v7-large-cnndm-ncand14-npick14/generator/special_tokens_map.json
[INFO|configuration_utils.py:364] 2022-08-01 06:22:08,989 >> Configuration saved in /weizhou_data/generation/ranker/RLRanker_v7/saves/ablation_ncand/v7-large-cnndm-ncand14-npick14/reranker/config.json
[INFO|modeling_utils.py:898] 2022-08-01 06:22:15,945 >> Model weights saved in /weizhou_data/generation/ranker/RLRanker_v7/saves/ablation_ncand/v7-large-cnndm-ncand14-npick14/reranker/pytorch_model.bin
[INFO|tokenization_utils_base.py:1948] 2022-08-01 06:22:15,959 >> tokenizer config file saved in /weizhou_data/generation/ranker/RLRanker_v7/saves/ablation_ncand/v7-large-cnndm-ncand14-npick14/reranker/tokenizer_config.json
[INFO|tokenization_utils_base.py:1954] 2022-08-01 06:22:15,972 >> Special tokens file saved in /weizhou_data/generation/ranker/RLRanker_v7/saves/ablation_ncand/v7-large-cnndm-ncand14-npick14/reranker/special_tokens_map.json
***** train metrics *****
  generator_train_loss     =               0.101
  reranker_train_loss      =              0.4381
  total_flos               =        3290632872GF
  train_runtime            = 2 days, 22:49:21.21
  train_samples            =              287113
  train_samples_per_second =               3.378
  train_steps_per_second   =               0.053
*****************************************
Setting OMP_NUM_THREADS environment variable for each process to be 1 in default, to avoid your system being overloaded, please further tune the variable for optimal performance in your application as needed. 
*****************************************
2022-08-01 06:22:29.629561: I tensorflow/stream_executor/platform/default/dso_loader.cc:49] Successfully opened dynamic library libcudart.so.11.0
2022-08-01 06:22:29.711527: I tensorflow/stream_executor/platform/default/dso_loader.cc:49] Successfully opened dynamic library libcudart.so.11.0
2022-08-01 06:22:29.742252: I tensorflow/stream_executor/platform/default/dso_loader.cc:49] Successfully opened dynamic library libcudart.so.11.0
2022-08-01 06:22:30.231570: I tensorflow/stream_executor/platform/default/dso_loader.cc:49] Successfully opened dynamic library libcudart.so.11.0
2022-08-01 06:22:30.255401: I tensorflow/stream_executor/platform/default/dso_loader.cc:49] Successfully opened dynamic library libcudart.so.11.0
2022-08-01 06:22:30.256022: I tensorflow/stream_executor/platform/default/dso_loader.cc:49] Successfully opened dynamic library libcudart.so.11.0
2022-08-01 06:22:30.256339: I tensorflow/stream_executor/platform/default/dso_loader.cc:49] Successfully opened dynamic library libcudart.so.11.0
2022-08-01 06:22:30.266063: I tensorflow/stream_executor/platform/default/dso_loader.cc:49] Successfully opened dynamic library libcudart.so.11.0
2cd248fc6447439fbcdb1d8347c8c7ed-master-0:96883:96883 [0] NCCL INFO Bootstrap : Using [0]eth0:10.41.178.42<0>
2cd248fc6447439fbcdb1d8347c8c7ed-master-0:96883:96883 [0] NCCL INFO NET/Plugin: Failed to find ncclNetPlugin_v3 symbol.
2cd248fc6447439fbcdb1d8347c8c7ed-master-0:96883:96883 [0] NCCL INFO NET/IB : No device found.
2cd248fc6447439fbcdb1d8347c8c7ed-master-0:96883:96883 [0] NCCL INFO NET/Socket : Using [0]eth0:10.41.178.42<0>
2cd248fc6447439fbcdb1d8347c8c7ed-master-0:96883:96883 [0] NCCL INFO Using network Socket
NCCL version 2.7.8+cuda11.0
2cd248fc6447439fbcdb1d8347c8c7ed-master-0:96890:96890 [7] NCCL INFO Bootstrap : Using [0]eth0:10.41.178.42<0>
2cd248fc6447439fbcdb1d8347c8c7ed-master-0:96888:96888 [5] NCCL INFO Bootstrap : Using [0]eth0:10.41.178.42<0>
2cd248fc6447439fbcdb1d8347c8c7ed-master-0:96885:96885 [2] NCCL INFO Bootstrap : Using [0]eth0:10.41.178.42<0>
2cd248fc6447439fbcdb1d8347c8c7ed-master-0:96886:96886 [3] NCCL INFO Bootstrap : Using [0]eth0:10.41.178.42<0>
2cd248fc6447439fbcdb1d8347c8c7ed-master-0:96884:96884 [1] NCCL INFO Bootstrap : Using [0]eth0:10.41.178.42<0>
2cd248fc6447439fbcdb1d8347c8c7ed-master-0:96887:96887 [4] NCCL INFO Bootstrap : Using [0]eth0:10.41.178.42<0>
2cd248fc6447439fbcdb1d8347c8c7ed-master-0:96889:96889 [6] NCCL INFO Bootstrap : Using [0]eth0:10.41.178.42<0>
2cd248fc6447439fbcdb1d8347c8c7ed-master-0:96888:96888 [5] NCCL INFO NET/Plugin: Failed to find ncclNetPlugin_v3 symbol.
2cd248fc6447439fbcdb1d8347c8c7ed-master-0:96890:96890 [7] NCCL INFO NET/Plugin: Failed to find ncclNetPlugin_v3 symbol.
2cd248fc6447439fbcdb1d8347c8c7ed-master-0:96885:96885 [2] NCCL INFO NET/Plugin: Failed to find ncclNetPlugin_v3 symbol.
2cd248fc6447439fbcdb1d8347c8c7ed-master-0:96886:96886 [3] NCCL INFO NET/Plugin: Failed to find ncclNetPlugin_v3 symbol.
2cd248fc6447439fbcdb1d8347c8c7ed-master-0:96884:96884 [1] NCCL INFO NET/Plugin: Failed to find ncclNetPlugin_v3 symbol.
2cd248fc6447439fbcdb1d8347c8c7ed-master-0:96887:96887 [4] NCCL INFO NET/Plugin: Failed to find ncclNetPlugin_v3 symbol.
2cd248fc6447439fbcdb1d8347c8c7ed-master-0:96888:96888 [5] NCCL INFO NET/IB : No device found.
2cd248fc6447439fbcdb1d8347c8c7ed-master-0:96888:96888 [5] NCCL INFO NET/Socket : Using [0]eth0:10.41.178.42<0>
2cd248fc6447439fbcdb1d8347c8c7ed-master-0:96888:96888 [5] NCCL INFO Using network Socket
2cd248fc6447439fbcdb1d8347c8c7ed-master-0:96890:96890 [7] NCCL INFO NET/IB : No device found.
2cd248fc6447439fbcdb1d8347c8c7ed-master-0:96889:96889 [6] NCCL INFO NET/Plugin: Failed to find ncclNetPlugin_v3 symbol.
2cd248fc6447439fbcdb1d8347c8c7ed-master-0:96890:96890 [7] NCCL INFO NET/Socket : Using [0]eth0:10.41.178.42<0>
2cd248fc6447439fbcdb1d8347c8c7ed-master-0:96890:96890 [7] NCCL INFO Using network Socket
2cd248fc6447439fbcdb1d8347c8c7ed-master-0:96885:96885 [2] NCCL INFO NET/IB : No device found.
2cd248fc6447439fbcdb1d8347c8c7ed-master-0:96885:96885 [2] NCCL INFO NET/Socket : Using [0]eth0:10.41.178.42<0>
2cd248fc6447439fbcdb1d8347c8c7ed-master-0:96885:96885 [2] NCCL INFO Using network Socket
2cd248fc6447439fbcdb1d8347c8c7ed-master-0:96884:96884 [1] NCCL INFO NET/IB : No device found.
2cd248fc6447439fbcdb1d8347c8c7ed-master-0:96884:96884 [1] NCCL INFO NET/Socket : Using [0]eth0:10.41.178.42<0>
2cd248fc6447439fbcdb1d8347c8c7ed-master-0:96884:96884 [1] NCCL INFO Using network Socket
2cd248fc6447439fbcdb1d8347c8c7ed-master-0:96886:96886 [3] NCCL INFO NET/IB : No device found.
2cd248fc6447439fbcdb1d8347c8c7ed-master-0:96886:96886 [3] NCCL INFO NET/Socket : Using [0]eth0:10.41.178.42<0>
2cd248fc6447439fbcdb1d8347c8c7ed-master-0:96886:96886 [3] NCCL INFO Using network Socket
2cd248fc6447439fbcdb1d8347c8c7ed-master-0:96887:96887 [4] NCCL INFO NET/IB : No device found.
2cd248fc6447439fbcdb1d8347c8c7ed-master-0:96887:96887 [4] NCCL INFO NET/Socket : Using [0]eth0:10.41.178.42<0>
2cd248fc6447439fbcdb1d8347c8c7ed-master-0:96887:96887 [4] NCCL INFO Using network Socket
2cd248fc6447439fbcdb1d8347c8c7ed-master-0:96889:96889 [6] NCCL INFO NET/IB : No device found.
2cd248fc6447439fbcdb1d8347c8c7ed-master-0:96889:96889 [6] NCCL INFO NET/Socket : Using [0]eth0:10.41.178.42<0>
2cd248fc6447439fbcdb1d8347c8c7ed-master-0:96889:96889 [6] NCCL INFO Using network Socket
2cd248fc6447439fbcdb1d8347c8c7ed-master-0:96887:96996 [4] NCCL INFO threadThresholds 8/8/64 | 64/8/64 | 8/8/64
2cd248fc6447439fbcdb1d8347c8c7ed-master-0:96888:96991 [5] NCCL INFO threadThresholds 8/8/64 | 64/8/64 | 8/8/64
2cd248fc6447439fbcdb1d8347c8c7ed-master-0:96889:96997 [6] NCCL INFO threadThresholds 8/8/64 | 64/8/64 | 8/8/64
2cd248fc6447439fbcdb1d8347c8c7ed-master-0:96887:96996 [4] NCCL INFO Trees [0] 3/-1/-1->4->5|5->4->3/-1/-1 [1] 3/-1/-1->4->5|5->4->3/-1/-1 [2] 3/-1/-1->4->5|5->4->3/-1/-1 [3] 3/-1/-1->4->5|5->4->3/-1/-1 [4] 3/-1/-1->4->5|5->4->3/-1/-1 [5] 3/-1/-1->4->5|5->4->3/-1/-1 [6] 3/-1/-1->4->5|5->4->3/-1/-1 [7] 3/-1/-1->4->5|5->4->3/-1/-1 [8] 3/-1/-1->4->5|5->4->3/-1/-1 [9] 3/-1/-1->4->5|5->4->3/-1/-1 [10] 3/-1/-1->4->5|5->4->3/-1/-1 [11] 3/-1/-1->4->5|5->4->3/-1/-1 [12] 3/-1/-1->4->5|5->4->3/-1/-1 [13] 3/-1/-1->4->5|5->4->3/-1/-1 [14] 3/-1/-1->4->5|5->4->3/-1/-1 [15] 3/-1/-1->4->5|5->4->3/-1/-1 [16] 3/-1/-1->4->5|5->4->3/-1/-1 [17] 3/-1/-1->4->5|5->4->3/-1/-1 [18] 3/-1/-1->4->5|5->4->3/-1/-1 [19] 3/-1/-1->4->5|5->4->3/-1/-1 [20] 3/-1/-1->4->5|5->4->3/-1/-1 [21] 3/-1/-1->4->5|5->4->3/-1/-1 [22] 3/-1/-1->4->5|5->4->3/-1/-1 [23] 3/-1/-1->4->5|5->4->3/-1/-1
2cd248fc6447439fbcdb1d8347c8c7ed-master-0:96883:96990 [0] NCCL INFO Channel 00/24 :    0   7   6   5   4   3   2   1
2cd248fc6447439fbcdb1d8347c8c7ed-master-0:96890:96992 [7] NCCL INFO threadThresholds 8/8/64 | 64/8/64 | 8/8/64
2cd248fc6447439fbcdb1d8347c8c7ed-master-0:96884:96994 [1] NCCL INFO threadThresholds 8/8/64 | 64/8/64 | 8/8/64
2cd248fc6447439fbcdb1d8347c8c7ed-master-0:96888:96991 [5] NCCL INFO Trees [0] 4/-1/-1->5->6|6->5->4/-1/-1 [1] 4/-1/-1->5->6|6->5->4/-1/-1 [2] 4/-1/-1->5->6|6->5->4/-1/-1 [3] 4/-1/-1->5->6|6->5->4/-1/-1 [4] 4/-1/-1->5->6|6->5->4/-1/-1 [5] 4/-1/-1->5->6|6->5->4/-1/-1 [6] 4/-1/-1->5->6|6->5->4/-1/-1 [7] 4/-1/-1->5->6|6->5->4/-1/-1 [8] 4/-1/-1->5->6|6->5->4/-1/-1 [9] 4/-1/-1->5->6|6->5->4/-1/-1 [10] 4/-1/-1->5->6|6->5->4/-1/-1 [11] 4/-1/-1->5->6|6->5->4/-1/-1 [12] 4/-1/-1->5->6|6->5->4/-1/-1 [13] 4/-1/-1->5->6|6->5->4/-1/-1 [14] 4/-1/-1->5->6|6->5->4/-1/-1 [15] 4/-1/-1->5->6|6->5->4/-1/-1 [16] 4/-1/-1->5->6|6->5->4/-1/-1 [17] 4/-1/-1->5->6|6->5->4/-1/-1 [18] 4/-1/-1->5->6|6->5->4/-1/-1 [19] 4/-1/-1->5->6|6->5->4/-1/-1 [20] 4/-1/-1->5->6|6->5->4/-1/-1 [21] 4/-1/-1->5->6|6->5->4/-1/-1 [22] 4/-1/-1->5->6|6->5->4/-1/-1 [23] 4/-1/-1->5->6|6->5->4/-1/-1
2cd248fc6447439fbcdb1d8347c8c7ed-master-0:96886:96995 [3] NCCL INFO threadThresholds 8/8/64 | 64/8/64 | 8/8/64
2cd248fc6447439fbcdb1d8347c8c7ed-master-0:96885:96993 [2] NCCL INFO threadThresholds 8/8/64 | 64/8/64 | 8/8/64
2cd248fc6447439fbcdb1d8347c8c7ed-master-0:96889:96997 [6] NCCL INFO Trees [0] 5/-1/-1->6->7|7->6->5/-1/-1 [1] 5/-1/-1->6->7|7->6->5/-1/-1 [2] 5/-1/-1->6->7|7->6->5/-1/-1 [3] 5/-1/-1->6->7|7->6->5/-1/-1 [4] 5/-1/-1->6->7|7->6->5/-1/-1 [5] 5/-1/-1->6->7|7->6->5/-1/-1 [6] 5/-1/-1->6->7|7->6->5/-1/-1 [7] 5/-1/-1->6->7|7->6->5/-1/-1 [8] 5/-1/-1->6->7|7->6->5/-1/-1 [9] 5/-1/-1->6->7|7->6->5/-1/-1 [10] 5/-1/-1->6->7|7->6->5/-1/-1 [11] 5/-1/-1->6->7|7->6->5/-1/-1 [12] 5/-1/-1->6->7|7->6->5/-1/-1 [13] 5/-1/-1->6->7|7->6->5/-1/-1 [14] 5/-1/-1->6->7|7->6->5/-1/-1 [15] 5/-1/-1->6->7|7->6->5/-1/-1 [16] 5/-1/-1->6->7|7->6->5/-1/-1 [17] 5/-1/-1->6->7|7->6->5/-1/-1 [18] 5/-1/-1->6->7|7->6->5/-1/-1 [19] 5/-1/-1->6->7|7->6->5/-1/-1 [20] 5/-1/-1->6->7|7->6->5/-1/-1 [21] 5/-1/-1->6->7|7->6->5/-1/-1 [22] 5/-1/-1->6->7|7->6->5/-1/-1 [23] 5/-1/-1->6->7|7->6->5/-1/-1
2cd248fc6447439fbcdb1d8347c8c7ed-master-0:96885:96993 [2] NCCL INFO Trees [0] 1/-1/-1->2->3|3->2->1/-1/-1 [1] 1/-1/-1->2->3|3->2->1/-1/-1 [2] 1/-1/-1->2->3|3->2->1/-1/-1 [3] 1/-1/-1->2->3|3->2->1/-1/-1 [4] 1/-1/-1->2->3|3->2->1/-1/-1 [5] 1/-1/-1->2->3|3->2->1/-1/-1 [6] 1/-1/-1->2->3|3->2->1/-1/-1 [7] 1/-1/-1->2->3|3->2->1/-1/-1 [8] 1/-1/-1->2->3|3->2->1/-1/-1 [9] 1/-1/-1->2->3|3->2->1/-1/-1 [10] 1/-1/-1->2->3|3->2->1/-1/-1 [11] 1/-1/-1->2->3|3->2->1/-1/-1 [12] 1/-1/-1->2->3|3->2->1/-1/-1 [13] 1/-1/-1->2->3|3->2->1/-1/-1 [14] 1/-1/-1->2->3|3->2->1/-1/-1 [15] 1/-1/-1->2->3|3->2->1/-1/-1 [16] 1/-1/-1->2->3|3->2->1/-1/-1 [17] 1/-1/-1->2->3|3->2->1/-1/-1 [18] 1/-1/-1->2->3|3->2->1/-1/-1 [19] 1/-1/-1->2->3|3->2->1/-1/-1 [20] 1/-1/-1->2->3|3->2->1/-1/-1 [21] 1/-1/-1->2->3|3->2->1/-1/-1 [22] 1/-1/-1->2->3|3->2->1/-1/-1 [23] 1/-1/-1->2->3|3->2->1/-1/-1
2cd248fc6447439fbcdb1d8347c8c7ed-master-0:96887:96996 [4] NCCL INFO Setting affinity for GPU 3 to ffff,0000ffff
2cd248fc6447439fbcdb1d8347c8c7ed-master-0:96883:96990 [0] NCCL INFO Channel 01/24 :    0   7   6   5   4   3   2   1
2cd248fc6447439fbcdb1d8347c8c7ed-master-0:96890:96992 [7] NCCL INFO Trees [0] 6/-1/-1->7->-1|-1->7->6/-1/-1 [1] 6/-1/-1->7->-1|-1->7->6/-1/-1 [2] 6/-1/-1->7->-1|-1->7->6/-1/-1 [3] 6/-1/-1->7->-1|-1->7->6/-1/-1 [4] 6/-1/-1->7->-1|-1->7->6/-1/-1 [5] 6/-1/-1->7->-1|-1->7->6/-1/-1 [6] 6/-1/-1->7->-1|-1->7->6/-1/-1 [7] 6/-1/-1->7->-1|-1->7->6/-1/-1 [8] 6/-1/-1->7->-1|-1->7->6/-1/-1 [9] 6/-1/-1->7->-1|-1->7->6/-1/-1 [10] 6/-1/-1->7->-1|-1->7->6/-1/-1 [11] 6/-1/-1->7->-1|-1->7->6/-1/-1 [12] 6/-1/-1->7->-1|-1->7->6/-1/-1 [13] 6/-1/-1->7->-1|-1->7->6/-1/-1 [14] 6/-1/-1->7->-1|-1->7->6/-1/-1 [15] 6/-1/-1->7->-1|-1->7->6/-1/-1 [16] 6/-1/-1->7->-1|-1->7->6/-1/-1 [17] 6/-1/-1->7->-1|-1->7->6/-1/-1 [18] 6/-1/-1->7->-1|-1->7->6/-1/-1 [19] 6/-1/-1->7->-1|-1->7->6/-1/-1 [20] 6/-1/-1->7->-1|-1->7->6/-1/-1 [21] 6/-1/-1->7->-1|-1->7->6/-1/-1 [22] 6/-1/-1->7->-1|-1->7->6/-1/-1 [23] 6/-1/-1->7->-1|-1->7->6/-1/-1
2cd248fc6447439fbcdb1d8347c8c7ed-master-0:96884:96994 [1] NCCL INFO Trees [0] 0/-1/-1->1->2|2->1->0/-1/-1 [1] 0/-1/-1->1->2|2->1->0/-1/-1 [2] 0/-1/-1->1->2|2->1->0/-1/-1 [3] 0/-1/-1->1->2|2->1->0/-1/-1 [4] 0/-1/-1->1->2|2->1->0/-1/-1 [5] 0/-1/-1->1->2|2->1->0/-1/-1 [6] 0/-1/-1->1->2|2->1->0/-1/-1 [7] 0/-1/-1->1->2|2->1->0/-1/-1 [8] 0/-1/-1->1->2|2->1->0/-1/-1 [9] 0/-1/-1->1->2|2->1->0/-1/-1 [10] 0/-1/-1->1->2|2->1->0/-1/-1 [11] 0/-1/-1->1->2|2->1->0/-1/-1 [12] 0/-1/-1->1->2|2->1->0/-1/-1 [13] 0/-1/-1->1->2|2->1->0/-1/-1 [14] 0/-1/-1->1->2|2->1->0/-1/-1 [15] 0/-1/-1->1->2|2->1->0/-1/-1 [16] 0/-1/-1->1->2|2->1->0/-1/-1 [17] 0/-1/-1->1->2|2->1->0/-1/-1 [18] 0/-1/-1->1->2|2->1->0/-1/-1 [19] 0/-1/-1->1->2|2->1->0/-1/-1 [20] 0/-1/-1->1->2|2->1->0/-1/-1 [21] 0/-1/-1->1->2|2->1->0/-1/-1 [22] 0/-1/-1->1->2|2->1->0/-1/-1 [23] 0/-1/-1->1->2|2->1->0/-1/-1
2cd248fc6447439fbcdb1d8347c8c7ed-master-0:96888:96991 [5] NCCL INFO Setting affinity for GPU 2 to ffff,0000ffff
2cd248fc6447439fbcdb1d8347c8c7ed-master-0:96886:96995 [3] NCCL INFO Trees [0] 2/-1/-1->3->4|4->3->2/-1/-1 [1] 2/-1/-1->3->4|4->3->2/-1/-1 [2] 2/-1/-1->3->4|4->3->2/-1/-1 [3] 2/-1/-1->3->4|4->3->2/-1/-1 [4] 2/-1/-1->3->4|4->3->2/-1/-1 [5] 2/-1/-1->3->4|4->3->2/-1/-1 [6] 2/-1/-1->3->4|4->3->2/-1/-1 [7] 2/-1/-1->3->4|4->3->2/-1/-1 [8] 2/-1/-1->3->4|4->3->2/-1/-1 [9] 2/-1/-1->3->4|4->3->2/-1/-1 [10] 2/-1/-1->3->4|4->3->2/-1/-1 [11] 2/-1/-1->3->4|4->3->2/-1/-1 [12] 2/-1/-1->3->4|4->3->2/-1/-1 [13] 2/-1/-1->3->4|4->3->2/-1/-1 [14] 2/-1/-1->3->4|4->3->2/-1/-1 [15] 2/-1/-1->3->4|4->3->2/-1/-1 [16] 2/-1/-1->3->4|4->3->2/-1/-1 [17] 2/-1/-1->3->4|4->3->2/-1/-1 [18] 2/-1/-1->3->4|4->3->2/-1/-1 [19] 2/-1/-1->3->4|4->3->2/-1/-1 [20] 2/-1/-1->3->4|4->3->2/-1/-1 [21] 2/-1/-1->3->4|4->3->2/-1/-1 [22] 2/-1/-1->3->4|4->3->2/-1/-1 [23] 2/-1/-1->3->4|4->3->2/-1/-1
2cd248fc6447439fbcdb1d8347c8c7ed-master-0:96889:96997 [6] NCCL INFO Setting affinity for GPU 1 to ffff,0000ffff
2cd248fc6447439fbcdb1d8347c8c7ed-master-0:96885:96993 [2] NCCL INFO Setting affinity for GPU 5 to ffff,0000ffff
2cd248fc6447439fbcdb1d8347c8c7ed-master-0:96883:96990 [0] NCCL INFO Channel 02/24 :    0   7   6   5   4   3   2   1
2cd248fc6447439fbcdb1d8347c8c7ed-master-0:96890:96992 [7] NCCL INFO Setting affinity for GPU 0 to ffff,0000ffff
2cd248fc6447439fbcdb1d8347c8c7ed-master-0:96883:96990 [0] NCCL INFO Channel 03/24 :    0   7   6   5   4   3   2   1
2cd248fc6447439fbcdb1d8347c8c7ed-master-0:96884:96994 [1] NCCL INFO Setting affinity for GPU 6 to ffff,0000ffff
2cd248fc6447439fbcdb1d8347c8c7ed-master-0:96886:96995 [3] NCCL INFO Setting affinity for GPU 4 to ffff,0000ffff
2cd248fc6447439fbcdb1d8347c8c7ed-master-0:96883:96990 [0] NCCL INFO Channel 04/24 :    0   7   6   5   4   3   2   1
2cd248fc6447439fbcdb1d8347c8c7ed-master-0:96883:96990 [0] NCCL INFO Channel 05/24 :    0   7   6   5   4   3   2   1
2cd248fc6447439fbcdb1d8347c8c7ed-master-0:96883:96990 [0] NCCL INFO Channel 06/24 :    0   7   6   5   4   3   2   1
2cd248fc6447439fbcdb1d8347c8c7ed-master-0:96883:96990 [0] NCCL INFO Channel 07/24 :    0   7   6   5   4   3   2   1
2cd248fc6447439fbcdb1d8347c8c7ed-master-0:96883:96990 [0] NCCL INFO Channel 08/24 :    0   7   6   5   4   3   2   1
2cd248fc6447439fbcdb1d8347c8c7ed-master-0:96883:96990 [0] NCCL INFO Channel 09/24 :    0   7   6   5   4   3   2   1
2cd248fc6447439fbcdb1d8347c8c7ed-master-0:96883:96990 [0] NCCL INFO Channel 10/24 :    0   7   6   5   4   3   2   1
2cd248fc6447439fbcdb1d8347c8c7ed-master-0:96883:96990 [0] NCCL INFO Channel 11/24 :    0   7   6   5   4   3   2   1
2cd248fc6447439fbcdb1d8347c8c7ed-master-0:96883:96990 [0] NCCL INFO Channel 12/24 :    0   7   6   5   4   3   2   1
2cd248fc6447439fbcdb1d8347c8c7ed-master-0:96883:96990 [0] NCCL INFO Channel 13/24 :    0   7   6   5   4   3   2   1
2cd248fc6447439fbcdb1d8347c8c7ed-master-0:96883:96990 [0] NCCL INFO Channel 14/24 :    0   7   6   5   4   3   2   1
2cd248fc6447439fbcdb1d8347c8c7ed-master-0:96883:96990 [0] NCCL INFO Channel 15/24 :    0   7   6   5   4   3   2   1
2cd248fc6447439fbcdb1d8347c8c7ed-master-0:96883:96990 [0] NCCL INFO Channel 16/24 :    0   7   6   5   4   3   2   1
2cd248fc6447439fbcdb1d8347c8c7ed-master-0:96883:96990 [0] NCCL INFO Channel 17/24 :    0   7   6   5   4   3   2   1
2cd248fc6447439fbcdb1d8347c8c7ed-master-0:96883:96990 [0] NCCL INFO Channel 18/24 :    0   7   6   5   4   3   2   1
2cd248fc6447439fbcdb1d8347c8c7ed-master-0:96883:96990 [0] NCCL INFO Channel 19/24 :    0   7   6   5   4   3   2   1
2cd248fc6447439fbcdb1d8347c8c7ed-master-0:96883:96990 [0] NCCL INFO Channel 20/24 :    0   7   6   5   4   3   2   1
2cd248fc6447439fbcdb1d8347c8c7ed-master-0:96883:96990 [0] NCCL INFO Channel 21/24 :    0   7   6   5   4   3   2   1
2cd248fc6447439fbcdb1d8347c8c7ed-master-0:96883:96990 [0] NCCL INFO Channel 22/24 :    0   7   6   5   4   3   2   1
2cd248fc6447439fbcdb1d8347c8c7ed-master-0:96883:96990 [0] NCCL INFO Channel 23/24 :    0   7   6   5   4   3   2   1
2cd248fc6447439fbcdb1d8347c8c7ed-master-0:96883:96990 [0] NCCL INFO threadThresholds 8/8/64 | 64/8/64 | 8/8/64
2cd248fc6447439fbcdb1d8347c8c7ed-master-0:96883:96990 [0] NCCL INFO Trees [0] -1/-1/-1->0->1|1->0->-1/-1/-1 [1] -1/-1/-1->0->1|1->0->-1/-1/-1 [2] -1/-1/-1->0->1|1->0->-1/-1/-1 [3] -1/-1/-1->0->1|1->0->-1/-1/-1 [4] -1/-1/-1->0->1|1->0->-1/-1/-1 [5] -1/-1/-1->0->1|1->0->-1/-1/-1 [6] -1/-1/-1->0->1|1->0->-1/-1/-1 [7] -1/-1/-1->0->1|1->0->-1/-1/-1 [8] -1/-1/-1->0->1|1->0->-1/-1/-1 [9] -1/-1/-1->0->1|1->0->-1/-1/-1 [10] -1/-1/-1->0->1|1->0->-1/-1/-1 [11] -1/-1/-1->0->1|1->0->-1/-1/-1 [12] -1/-1/-1->0->1|1->0->-1/-1/-1 [13] -1/-1/-1->0->1|1->0->-1/-1/-1 [14] -1/-1/-1->0->1|1->0->-1/-1/-1 [15] -1/-1/-1->0->1|1->0->-1/-1/-1 [16] -1/-1/-1->0->1|1->0->-1/-1/-1 [17] -1/-1/-1->0->1|1->0->-1/-1/-1 [18] -1/-1/-1->0->1|1->0->-1/-1/-1 [19] -1/-1/-1->0->1|1->0->-1/-1/-1 [20] -1/-1/-1->0->1|1->0->-1/-1/-1 [21] -1/-1/-1->0->1|1->0->-1/-1/-1 [22] -1/-1/-1->0->1|1->0->-1/-1/-1 [23] -1/-1/-1->0->1|1->0->-1/-1/-1
2cd248fc6447439fbcdb1d8347c8c7ed-master-0:96883:96990 [0] NCCL INFO Setting affinity for GPU 7 to ffff,0000ffff
2cd248fc6447439fbcdb1d8347c8c7ed-master-0:96888:96991 [5] NCCL INFO Channel 00 : 5[300000] -> 4[400000] via P2P/IPC/read
2cd248fc6447439fbcdb1d8347c8c7ed-master-0:96890:96992 [7] NCCL INFO Channel 00 : 7[100000] -> 6[200000] via P2P/IPC/read
2cd248fc6447439fbcdb1d8347c8c7ed-master-0:96889:96997 [6] NCCL INFO Channel 00 : 6[200000] -> 5[300000] via P2P/IPC/read
2cd248fc6447439fbcdb1d8347c8c7ed-master-0:96885:96993 [2] NCCL INFO Channel 00 : 2[c00000] -> 1[d00000] via P2P/IPC/read
2cd248fc6447439fbcdb1d8347c8c7ed-master-0:96884:96994 [1] NCCL INFO Channel 00 : 1[d00000] -> 0[e00000] via P2P/IPC/read
2cd248fc6447439fbcdb1d8347c8c7ed-master-0:96883:96990 [0] NCCL INFO Channel 00 : 0[e00000] -> 7[100000] via P2P/IPC/read
2cd248fc6447439fbcdb1d8347c8c7ed-master-0:96886:96995 [3] NCCL INFO Channel 00 : 3[b00000] -> 2[c00000] via P2P/IPC/read
2cd248fc6447439fbcdb1d8347c8c7ed-master-0:96887:96996 [4] NCCL INFO Channel 00 : 4[400000] -> 3[b00000] via P2P/IPC/read
2cd248fc6447439fbcdb1d8347c8c7ed-master-0:96883:96990 [0] NCCL INFO Channel 00 : 0[e00000] -> 1[d00000] via P2P/IPC/read
2cd248fc6447439fbcdb1d8347c8c7ed-master-0:96888:96991 [5] NCCL INFO Channel 00 : 5[300000] -> 6[200000] via P2P/IPC/read
2cd248fc6447439fbcdb1d8347c8c7ed-master-0:96889:96997 [6] NCCL INFO Channel 00 : 6[200000] -> 7[100000] via P2P/IPC/read
2cd248fc6447439fbcdb1d8347c8c7ed-master-0:96885:96993 [2] NCCL INFO Channel 00 : 2[c00000] -> 3[b00000] via P2P/IPC/read
2cd248fc6447439fbcdb1d8347c8c7ed-master-0:96886:96995 [3] NCCL INFO Channel 00 : 3[b00000] -> 4[400000] via P2P/IPC/read
2cd248fc6447439fbcdb1d8347c8c7ed-master-0:96884:96994 [1] NCCL INFO Channel 00 : 1[d00000] -> 2[c00000] via P2P/IPC/read
2cd248fc6447439fbcdb1d8347c8c7ed-master-0:96887:96996 [4] NCCL INFO Channel 00 : 4[400000] -> 5[300000] via P2P/IPC/read
2cd248fc6447439fbcdb1d8347c8c7ed-master-0:96883:96990 [0] NCCL INFO Channel 01 : 0[e00000] -> 7[100000] via P2P/IPC/read
2cd248fc6447439fbcdb1d8347c8c7ed-master-0:96890:96992 [7] NCCL INFO Channel 01 : 7[100000] -> 6[200000] via P2P/IPC/read
2cd248fc6447439fbcdb1d8347c8c7ed-master-0:96888:96991 [5] NCCL INFO Channel 01 : 5[300000] -> 4[400000] via P2P/IPC/read
2cd248fc6447439fbcdb1d8347c8c7ed-master-0:96889:96997 [6] NCCL INFO Channel 01 : 6[200000] -> 5[300000] via P2P/IPC/read
2cd248fc6447439fbcdb1d8347c8c7ed-master-0:96885:96993 [2] NCCL INFO Channel 01 : 2[c00000] -> 1[d00000] via P2P/IPC/read
2cd248fc6447439fbcdb1d8347c8c7ed-master-0:96886:96995 [3] NCCL INFO Channel 01 : 3[b00000] -> 2[c00000] via P2P/IPC/read
2cd248fc6447439fbcdb1d8347c8c7ed-master-0:96884:96994 [1] NCCL INFO Channel 01 : 1[d00000] -> 0[e00000] via P2P/IPC/read
2cd248fc6447439fbcdb1d8347c8c7ed-master-0:96887:96996 [4] NCCL INFO Channel 01 : 4[400000] -> 3[b00000] via P2P/IPC/read
2cd248fc6447439fbcdb1d8347c8c7ed-master-0:96883:96990 [0] NCCL INFO Channel 01 : 0[e00000] -> 1[d00000] via P2P/IPC/read
2cd248fc6447439fbcdb1d8347c8c7ed-master-0:96888:96991 [5] NCCL INFO Channel 01 : 5[300000] -> 6[200000] via P2P/IPC/read
2cd248fc6447439fbcdb1d8347c8c7ed-master-0:96889:96997 [6] NCCL INFO Channel 01 : 6[200000] -> 7[100000] via P2P/IPC/read
2cd248fc6447439fbcdb1d8347c8c7ed-master-0:96885:96993 [2] NCCL INFO Channel 01 : 2[c00000] -> 3[b00000] via P2P/IPC/read
2cd248fc6447439fbcdb1d8347c8c7ed-master-0:96886:96995 [3] NCCL INFO Channel 01 : 3[b00000] -> 4[400000] via P2P/IPC/read
2cd248fc6447439fbcdb1d8347c8c7ed-master-0:96884:96994 [1] NCCL INFO Channel 01 : 1[d00000] -> 2[c00000] via P2P/IPC/read
2cd248fc6447439fbcdb1d8347c8c7ed-master-0:96887:96996 [4] NCCL INFO Channel 01 : 4[400000] -> 5[300000] via P2P/IPC/read
2cd248fc6447439fbcdb1d8347c8c7ed-master-0:96883:96990 [0] NCCL INFO Channel 02 : 0[e00000] -> 7[100000] via P2P/IPC/read
2cd248fc6447439fbcdb1d8347c8c7ed-master-0:96890:96992 [7] NCCL INFO Channel 02 : 7[100000] -> 6[200000] via P2P/IPC/read
2cd248fc6447439fbcdb1d8347c8c7ed-master-0:96888:96991 [5] NCCL INFO Channel 02 : 5[300000] -> 4[400000] via P2P/IPC/read
2cd248fc6447439fbcdb1d8347c8c7ed-master-0:96889:96997 [6] NCCL INFO Channel 02 : 6[200000] -> 5[300000] via P2P/IPC/read
2cd248fc6447439fbcdb1d8347c8c7ed-master-0:96885:96993 [2] NCCL INFO Channel 02 : 2[c00000] -> 1[d00000] via P2P/IPC/read
2cd248fc6447439fbcdb1d8347c8c7ed-master-0:96884:96994 [1] NCCL INFO Channel 02 : 1[d00000] -> 0[e00000] via P2P/IPC/read
2cd248fc6447439fbcdb1d8347c8c7ed-master-0:96887:96996 [4] NCCL INFO Channel 02 : 4[400000] -> 3[b00000] via P2P/IPC/read
2cd248fc6447439fbcdb1d8347c8c7ed-master-0:96886:96995 [3] NCCL INFO Channel 02 : 3[b00000] -> 2[c00000] via P2P/IPC/read
2cd248fc6447439fbcdb1d8347c8c7ed-master-0:96883:96990 [0] NCCL INFO Channel 02 : 0[e00000] -> 1[d00000] via P2P/IPC/read
2cd248fc6447439fbcdb1d8347c8c7ed-master-0:96888:96991 [5] NCCL INFO Channel 02 : 5[300000] -> 6[200000] via P2P/IPC/read
2cd248fc6447439fbcdb1d8347c8c7ed-master-0:96889:96997 [6] NCCL INFO Channel 02 : 6[200000] -> 7[100000] via P2P/IPC/read
2cd248fc6447439fbcdb1d8347c8c7ed-master-0:96885:96993 [2] NCCL INFO Channel 02 : 2[c00000] -> 3[b00000] via P2P/IPC/read
2cd248fc6447439fbcdb1d8347c8c7ed-master-0:96884:96994 [1] NCCL INFO Channel 02 : 1[d00000] -> 2[c00000] via P2P/IPC/read
2cd248fc6447439fbcdb1d8347c8c7ed-master-0:96887:96996 [4] NCCL INFO Channel 02 : 4[400000] -> 5[300000] via P2P/IPC/read
2cd248fc6447439fbcdb1d8347c8c7ed-master-0:96886:96995 [3] NCCL INFO Channel 02 : 3[b00000] -> 4[400000] via P2P/IPC/read
2cd248fc6447439fbcdb1d8347c8c7ed-master-0:96883:96990 [0] NCCL INFO Channel 03 : 0[e00000] -> 7[100000] via P2P/IPC/read
2cd248fc6447439fbcdb1d8347c8c7ed-master-0:96890:96992 [7] NCCL INFO Channel 03 : 7[100000] -> 6[200000] via P2P/IPC/read
2cd248fc6447439fbcdb1d8347c8c7ed-master-0:96888:96991 [5] NCCL INFO Channel 03 : 5[300000] -> 4[400000] via P2P/IPC/read
2cd248fc6447439fbcdb1d8347c8c7ed-master-0:96889:96997 [6] NCCL INFO Channel 03 : 6[200000] -> 5[300000] via P2P/IPC/read
2cd248fc6447439fbcdb1d8347c8c7ed-master-0:96885:96993 [2] NCCL INFO Channel 03 : 2[c00000] -> 1[d00000] via P2P/IPC/read
2cd248fc6447439fbcdb1d8347c8c7ed-master-0:96884:96994 [1] NCCL INFO Channel 03 : 1[d00000] -> 0[e00000] via P2P/IPC/read
2cd248fc6447439fbcdb1d8347c8c7ed-master-0:96887:96996 [4] NCCL INFO Channel 03 : 4[400000] -> 3[b00000] via P2P/IPC/read
2cd248fc6447439fbcdb1d8347c8c7ed-master-0:96886:96995 [3] NCCL INFO Channel 03 : 3[b00000] -> 2[c00000] via P2P/IPC/read
2cd248fc6447439fbcdb1d8347c8c7ed-master-0:96883:96990 [0] NCCL INFO Channel 03 : 0[e00000] -> 1[d00000] via P2P/IPC/read
2cd248fc6447439fbcdb1d8347c8c7ed-master-0:96888:96991 [5] NCCL INFO Channel 03 : 5[300000] -> 6[200000] via P2P/IPC/read
2cd248fc6447439fbcdb1d8347c8c7ed-master-0:96889:96997 [6] NCCL INFO Channel 03 : 6[200000] -> 7[100000] via P2P/IPC/read
2cd248fc6447439fbcdb1d8347c8c7ed-master-0:96885:96993 [2] NCCL INFO Channel 03 : 2[c00000] -> 3[b00000] via P2P/IPC/read
2cd248fc6447439fbcdb1d8347c8c7ed-master-0:96884:96994 [1] NCCL INFO Channel 03 : 1[d00000] -> 2[c00000] via P2P/IPC/read
2cd248fc6447439fbcdb1d8347c8c7ed-master-0:96887:96996 [4] NCCL INFO Channel 03 : 4[400000] -> 5[300000] via P2P/IPC/read
2cd248fc6447439fbcdb1d8347c8c7ed-master-0:96886:96995 [3] NCCL INFO Channel 03 : 3[b00000] -> 4[400000] via P2P/IPC/read
2cd248fc6447439fbcdb1d8347c8c7ed-master-0:96883:96990 [0] NCCL INFO Channel 04 : 0[e00000] -> 7[100000] via P2P/IPC/read
2cd248fc6447439fbcdb1d8347c8c7ed-master-0:96890:96992 [7] NCCL INFO Channel 04 : 7[100000] -> 6[200000] via P2P/IPC/read
2cd248fc6447439fbcdb1d8347c8c7ed-master-0:96888:96991 [5] NCCL INFO Channel 04 : 5[300000] -> 4[400000] via P2P/IPC/read
2cd248fc6447439fbcdb1d8347c8c7ed-master-0:96889:96997 [6] NCCL INFO Channel 04 : 6[200000] -> 5[300000] via P2P/IPC/read
2cd248fc6447439fbcdb1d8347c8c7ed-master-0:96885:96993 [2] NCCL INFO Channel 04 : 2[c00000] -> 1[d00000] via P2P/IPC/read
2cd248fc6447439fbcdb1d8347c8c7ed-master-0:96884:96994 [1] NCCL INFO Channel 04 : 1[d00000] -> 0[e00000] via P2P/IPC/read
2cd248fc6447439fbcdb1d8347c8c7ed-master-0:96887:96996 [4] NCCL INFO Channel 04 : 4[400000] -> 3[b00000] via P2P/IPC/read
2cd248fc6447439fbcdb1d8347c8c7ed-master-0:96886:96995 [3] NCCL INFO Channel 04 : 3[b00000] -> 2[c00000] via P2P/IPC/read
2cd248fc6447439fbcdb1d8347c8c7ed-master-0:96883:96990 [0] NCCL INFO Channel 04 : 0[e00000] -> 1[d00000] via P2P/IPC/read
2cd248fc6447439fbcdb1d8347c8c7ed-master-0:96888:96991 [5] NCCL INFO Channel 04 : 5[300000] -> 6[200000] via P2P/IPC/read
2cd248fc6447439fbcdb1d8347c8c7ed-master-0:96889:96997 [6] NCCL INFO Channel 04 : 6[200000] -> 7[100000] via P2P/IPC/read
2cd248fc6447439fbcdb1d8347c8c7ed-master-0:96885:96993 [2] NCCL INFO Channel 04 : 2[c00000] -> 3[b00000] via P2P/IPC/read
2cd248fc6447439fbcdb1d8347c8c7ed-master-0:96884:96994 [1] NCCL INFO Channel 04 : 1[d00000] -> 2[c00000] via P2P/IPC/read
2cd248fc6447439fbcdb1d8347c8c7ed-master-0:96887:96996 [4] NCCL INFO Channel 04 : 4[400000] -> 5[300000] via P2P/IPC/read
2cd248fc6447439fbcdb1d8347c8c7ed-master-0:96886:96995 [3] NCCL INFO Channel 04 : 3[b00000] -> 4[400000] via P2P/IPC/read
2cd248fc6447439fbcdb1d8347c8c7ed-master-0:96883:96990 [0] NCCL INFO Channel 05 : 0[e00000] -> 7[100000] via P2P/IPC/read
2cd248fc6447439fbcdb1d8347c8c7ed-master-0:96890:96992 [7] NCCL INFO Channel 05 : 7[100000] -> 6[200000] via P2P/IPC/read
2cd248fc6447439fbcdb1d8347c8c7ed-master-0:96888:96991 [5] NCCL INFO Channel 05 : 5[300000] -> 4[400000] via P2P/IPC/read
2cd248fc6447439fbcdb1d8347c8c7ed-master-0:96889:96997 [6] NCCL INFO Channel 05 : 6[200000] -> 5[300000] via P2P/IPC/read
2cd248fc6447439fbcdb1d8347c8c7ed-master-0:96885:96993 [2] NCCL INFO Channel 05 : 2[c00000] -> 1[d00000] via P2P/IPC/read
2cd248fc6447439fbcdb1d8347c8c7ed-master-0:96884:96994 [1] NCCL INFO Channel 05 : 1[d00000] -> 0[e00000] via P2P/IPC/read
2cd248fc6447439fbcdb1d8347c8c7ed-master-0:96887:96996 [4] NCCL INFO Channel 05 : 4[400000] -> 3[b00000] via P2P/IPC/read
2cd248fc6447439fbcdb1d8347c8c7ed-master-0:96886:96995 [3] NCCL INFO Channel 05 : 3[b00000] -> 2[c00000] via P2P/IPC/read
2cd248fc6447439fbcdb1d8347c8c7ed-master-0:96883:96990 [0] NCCL INFO Channel 05 : 0[e00000] -> 1[d00000] via P2P/IPC/read
2cd248fc6447439fbcdb1d8347c8c7ed-master-0:96888:96991 [5] NCCL INFO Channel 05 : 5[300000] -> 6[200000] via P2P/IPC/read
2cd248fc6447439fbcdb1d8347c8c7ed-master-0:96889:96997 [6] NCCL INFO Channel 05 : 6[200000] -> 7[100000] via P2P/IPC/read
2cd248fc6447439fbcdb1d8347c8c7ed-master-0:96885:96993 [2] NCCL INFO Channel 05 : 2[c00000] -> 3[b00000] via P2P/IPC/read
2cd248fc6447439fbcdb1d8347c8c7ed-master-0:96884:96994 [1] NCCL INFO Channel 05 : 1[d00000] -> 2[c00000] via P2P/IPC/read
2cd248fc6447439fbcdb1d8347c8c7ed-master-0:96887:96996 [4] NCCL INFO Channel 05 : 4[400000] -> 5[300000] via P2P/IPC/read
2cd248fc6447439fbcdb1d8347c8c7ed-master-0:96886:96995 [3] NCCL INFO Channel 05 : 3[b00000] -> 4[400000] via P2P/IPC/read
2cd248fc6447439fbcdb1d8347c8c7ed-master-0:96883:96990 [0] NCCL INFO Channel 06 : 0[e00000] -> 7[100000] via P2P/IPC/read
2cd248fc6447439fbcdb1d8347c8c7ed-master-0:96890:96992 [7] NCCL INFO Channel 06 : 7[100000] -> 6[200000] via P2P/IPC/read
2cd248fc6447439fbcdb1d8347c8c7ed-master-0:96888:96991 [5] NCCL INFO Channel 06 : 5[300000] -> 4[400000] via P2P/IPC/read
2cd248fc6447439fbcdb1d8347c8c7ed-master-0:96889:96997 [6] NCCL INFO Channel 06 : 6[200000] -> 5[300000] via P2P/IPC/read
2cd248fc6447439fbcdb1d8347c8c7ed-master-0:96885:96993 [2] NCCL INFO Channel 06 : 2[c00000] -> 1[d00000] via P2P/IPC/read
2cd248fc6447439fbcdb1d8347c8c7ed-master-0:96884:96994 [1] NCCL INFO Channel 06 : 1[d00000] -> 0[e00000] via P2P/IPC/read
2cd248fc6447439fbcdb1d8347c8c7ed-master-0:96887:96996 [4] NCCL INFO Channel 06 : 4[400000] -> 3[b00000] via P2P/IPC/read
2cd248fc6447439fbcdb1d8347c8c7ed-master-0:96886:96995 [3] NCCL INFO Channel 06 : 3[b00000] -> 2[c00000] via P2P/IPC/read
2cd248fc6447439fbcdb1d8347c8c7ed-master-0:96883:96990 [0] NCCL INFO Channel 06 : 0[e00000] -> 1[d00000] via P2P/IPC/read
2cd248fc6447439fbcdb1d8347c8c7ed-master-0:96888:96991 [5] NCCL INFO Channel 06 : 5[300000] -> 6[200000] via P2P/IPC/read
2cd248fc6447439fbcdb1d8347c8c7ed-master-0:96885:96993 [2] NCCL INFO Channel 06 : 2[c00000] -> 3[b00000] via P2P/IPC/read
2cd248fc6447439fbcdb1d8347c8c7ed-master-0:96889:96997 [6] NCCL INFO Channel 06 : 6[200000] -> 7[100000] via P2P/IPC/read
2cd248fc6447439fbcdb1d8347c8c7ed-master-0:96884:96994 [1] NCCL INFO Channel 06 : 1[d00000] -> 2[c00000] via P2P/IPC/read
2cd248fc6447439fbcdb1d8347c8c7ed-master-0:96887:96996 [4] NCCL INFO Channel 06 : 4[400000] -> 5[300000] via P2P/IPC/read
2cd248fc6447439fbcdb1d8347c8c7ed-master-0:96886:96995 [3] NCCL INFO Channel 06 : 3[b00000] -> 4[400000] via P2P/IPC/read
2cd248fc6447439fbcdb1d8347c8c7ed-master-0:96883:96990 [0] NCCL INFO Channel 07 : 0[e00000] -> 7[100000] via P2P/IPC/read
2cd248fc6447439fbcdb1d8347c8c7ed-master-0:96890:96992 [7] NCCL INFO Channel 07 : 7[100000] -> 6[200000] via P2P/IPC/read
2cd248fc6447439fbcdb1d8347c8c7ed-master-0:96888:96991 [5] NCCL INFO Channel 07 : 5[300000] -> 4[400000] via P2P/IPC/read
2cd248fc6447439fbcdb1d8347c8c7ed-master-0:96885:96993 [2] NCCL INFO Channel 07 : 2[c00000] -> 1[d00000] via P2P/IPC/read
2cd248fc6447439fbcdb1d8347c8c7ed-master-0:96889:96997 [6] NCCL INFO Channel 07 : 6[200000] -> 5[300000] via P2P/IPC/read
2cd248fc6447439fbcdb1d8347c8c7ed-master-0:96884:96994 [1] NCCL INFO Channel 07 : 1[d00000] -> 0[e00000] via P2P/IPC/read
2cd248fc6447439fbcdb1d8347c8c7ed-master-0:96887:96996 [4] NCCL INFO Channel 07 : 4[400000] -> 3[b00000] via P2P/IPC/read
2cd248fc6447439fbcdb1d8347c8c7ed-master-0:96886:96995 [3] NCCL INFO Channel 07 : 3[b00000] -> 2[c00000] via P2P/IPC/read
2cd248fc6447439fbcdb1d8347c8c7ed-master-0:96883:96990 [0] NCCL INFO Channel 07 : 0[e00000] -> 1[d00000] via P2P/IPC/read
2cd248fc6447439fbcdb1d8347c8c7ed-master-0:96888:96991 [5] NCCL INFO Channel 07 : 5[300000] -> 6[200000] via P2P/IPC/read
2cd248fc6447439fbcdb1d8347c8c7ed-master-0:96885:96993 [2] NCCL INFO Channel 07 : 2[c00000] -> 3[b00000] via P2P/IPC/read
2cd248fc6447439fbcdb1d8347c8c7ed-master-0:96889:96997 [6] NCCL INFO Channel 07 : 6[200000] -> 7[100000] via P2P/IPC/read
2cd248fc6447439fbcdb1d8347c8c7ed-master-0:96884:96994 [1] NCCL INFO Channel 07 : 1[d00000] -> 2[c00000] via P2P/IPC/read
2cd248fc6447439fbcdb1d8347c8c7ed-master-0:96887:96996 [4] NCCL INFO Channel 07 : 4[400000] -> 5[300000] via P2P/IPC/read
2cd248fc6447439fbcdb1d8347c8c7ed-master-0:96886:96995 [3] NCCL INFO Channel 07 : 3[b00000] -> 4[400000] via P2P/IPC/read
2cd248fc6447439fbcdb1d8347c8c7ed-master-0:96883:96990 [0] NCCL INFO Channel 08 : 0[e00000] -> 7[100000] via P2P/IPC/read
2cd248fc6447439fbcdb1d8347c8c7ed-master-0:96890:96992 [7] NCCL INFO Channel 08 : 7[100000] -> 6[200000] via P2P/IPC/read
2cd248fc6447439fbcdb1d8347c8c7ed-master-0:96888:96991 [5] NCCL INFO Channel 08 : 5[300000] -> 4[400000] via P2P/IPC/read
2cd248fc6447439fbcdb1d8347c8c7ed-master-0:96885:96993 [2] NCCL INFO Channel 08 : 2[c00000] -> 1[d00000] via P2P/IPC/read
2cd248fc6447439fbcdb1d8347c8c7ed-master-0:96889:96997 [6] NCCL INFO Channel 08 : 6[200000] -> 5[300000] via P2P/IPC/read
2cd248fc6447439fbcdb1d8347c8c7ed-master-0:96884:96994 [1] NCCL INFO Channel 08 : 1[d00000] -> 0[e00000] via P2P/IPC/read
2cd248fc6447439fbcdb1d8347c8c7ed-master-0:96887:96996 [4] NCCL INFO Channel 08 : 4[400000] -> 3[b00000] via P2P/IPC/read
2cd248fc6447439fbcdb1d8347c8c7ed-master-0:96886:96995 [3] NCCL INFO Channel 08 : 3[b00000] -> 2[c00000] via P2P/IPC/read
2cd248fc6447439fbcdb1d8347c8c7ed-master-0:96883:96990 [0] NCCL INFO Channel 08 : 0[e00000] -> 1[d00000] via P2P/IPC/read
2cd248fc6447439fbcdb1d8347c8c7ed-master-0:96888:96991 [5] NCCL INFO Channel 08 : 5[300000] -> 6[200000] via P2P/IPC/read
2cd248fc6447439fbcdb1d8347c8c7ed-master-0:96885:96993 [2] NCCL INFO Channel 08 : 2[c00000] -> 3[b00000] via P2P/IPC/read
2cd248fc6447439fbcdb1d8347c8c7ed-master-0:96889:96997 [6] NCCL INFO Channel 08 : 6[200000] -> 7[100000] via P2P/IPC/read
2cd248fc6447439fbcdb1d8347c8c7ed-master-0:96884:96994 [1] NCCL INFO Channel 08 : 1[d00000] -> 2[c00000] via P2P/IPC/read
2cd248fc6447439fbcdb1d8347c8c7ed-master-0:96887:96996 [4] NCCL INFO Channel 08 : 4[400000] -> 5[300000] via P2P/IPC/read
2cd248fc6447439fbcdb1d8347c8c7ed-master-0:96886:96995 [3] NCCL INFO Channel 08 : 3[b00000] -> 4[400000] via P2P/IPC/read
2cd248fc6447439fbcdb1d8347c8c7ed-master-0:96883:96990 [0] NCCL INFO Channel 09 : 0[e00000] -> 7[100000] via P2P/IPC/read
2cd248fc6447439fbcdb1d8347c8c7ed-master-0:96890:96992 [7] NCCL INFO Channel 09 : 7[100000] -> 6[200000] via P2P/IPC/read
2cd248fc6447439fbcdb1d8347c8c7ed-master-0:96888:96991 [5] NCCL INFO Channel 09 : 5[300000] -> 4[400000] via P2P/IPC/read
2cd248fc6447439fbcdb1d8347c8c7ed-master-0:96889:96997 [6] NCCL INFO Channel 09 : 6[200000] -> 5[300000] via P2P/IPC/read
2cd248fc6447439fbcdb1d8347c8c7ed-master-0:96885:96993 [2] NCCL INFO Channel 09 : 2[c00000] -> 1[d00000] via P2P/IPC/read
2cd248fc6447439fbcdb1d8347c8c7ed-master-0:96884:96994 [1] NCCL INFO Channel 09 : 1[d00000] -> 0[e00000] via P2P/IPC/read
2cd248fc6447439fbcdb1d8347c8c7ed-master-0:96887:96996 [4] NCCL INFO Channel 09 : 4[400000] -> 3[b00000] via P2P/IPC/read
2cd248fc6447439fbcdb1d8347c8c7ed-master-0:96886:96995 [3] NCCL INFO Channel 09 : 3[b00000] -> 2[c00000] via P2P/IPC/read
2cd248fc6447439fbcdb1d8347c8c7ed-master-0:96883:96990 [0] NCCL INFO Channel 09 : 0[e00000] -> 1[d00000] via P2P/IPC/read
2cd248fc6447439fbcdb1d8347c8c7ed-master-0:96888:96991 [5] NCCL INFO Channel 09 : 5[300000] -> 6[200000] via P2P/IPC/read
2cd248fc6447439fbcdb1d8347c8c7ed-master-0:96889:96997 [6] NCCL INFO Channel 09 : 6[200000] -> 7[100000] via P2P/IPC/read
2cd248fc6447439fbcdb1d8347c8c7ed-master-0:96885:96993 [2] NCCL INFO Channel 09 : 2[c00000] -> 3[b00000] via P2P/IPC/read
2cd248fc6447439fbcdb1d8347c8c7ed-master-0:96884:96994 [1] NCCL INFO Channel 09 : 1[d00000] -> 2[c00000] via P2P/IPC/read
2cd248fc6447439fbcdb1d8347c8c7ed-master-0:96887:96996 [4] NCCL INFO Channel 09 : 4[400000] -> 5[300000] via P2P/IPC/read
2cd248fc6447439fbcdb1d8347c8c7ed-master-0:96886:96995 [3] NCCL INFO Channel 09 : 3[b00000] -> 4[400000] via P2P/IPC/read
2cd248fc6447439fbcdb1d8347c8c7ed-master-0:96883:96990 [0] NCCL INFO Channel 10 : 0[e00000] -> 7[100000] via P2P/IPC/read
2cd248fc6447439fbcdb1d8347c8c7ed-master-0:96890:96992 [7] NCCL INFO Channel 10 : 7[100000] -> 6[200000] via P2P/IPC/read
2cd248fc6447439fbcdb1d8347c8c7ed-master-0:96888:96991 [5] NCCL INFO Channel 10 : 5[300000] -> 4[400000] via P2P/IPC/read
2cd248fc6447439fbcdb1d8347c8c7ed-master-0:96889:96997 [6] NCCL INFO Channel 10 : 6[200000] -> 5[300000] via P2P/IPC/read
2cd248fc6447439fbcdb1d8347c8c7ed-master-0:96885:96993 [2] NCCL INFO Channel 10 : 2[c00000] -> 1[d00000] via P2P/IPC/read
2cd248fc6447439fbcdb1d8347c8c7ed-master-0:96884:96994 [1] NCCL INFO Channel 10 : 1[d00000] -> 0[e00000] via P2P/IPC/read
2cd248fc6447439fbcdb1d8347c8c7ed-master-0:96887:96996 [4] NCCL INFO Channel 10 : 4[400000] -> 3[b00000] via P2P/IPC/read
2cd248fc6447439fbcdb1d8347c8c7ed-master-0:96886:96995 [3] NCCL INFO Channel 10 : 3[b00000] -> 2[c00000] via P2P/IPC/read
2cd248fc6447439fbcdb1d8347c8c7ed-master-0:96883:96990 [0] NCCL INFO Channel 10 : 0[e00000] -> 1[d00000] via P2P/IPC/read
2cd248fc6447439fbcdb1d8347c8c7ed-master-0:96888:96991 [5] NCCL INFO Channel 10 : 5[300000] -> 6[200000] via P2P/IPC/read
2cd248fc6447439fbcdb1d8347c8c7ed-master-0:96889:96997 [6] NCCL INFO Channel 10 : 6[200000] -> 7[100000] via P2P/IPC/read
2cd248fc6447439fbcdb1d8347c8c7ed-master-0:96885:96993 [2] NCCL INFO Channel 10 : 2[c00000] -> 3[b00000] via P2P/IPC/read
2cd248fc6447439fbcdb1d8347c8c7ed-master-0:96884:96994 [1] NCCL INFO Channel 10 : 1[d00000] -> 2[c00000] via P2P/IPC/read
2cd248fc6447439fbcdb1d8347c8c7ed-master-0:96887:96996 [4] NCCL INFO Channel 10 : 4[400000] -> 5[300000] via P2P/IPC/read
2cd248fc6447439fbcdb1d8347c8c7ed-master-0:96886:96995 [3] NCCL INFO Channel 10 : 3[b00000] -> 4[400000] via P2P/IPC/read
2cd248fc6447439fbcdb1d8347c8c7ed-master-0:96883:96990 [0] NCCL INFO Channel 11 : 0[e00000] -> 7[100000] via P2P/IPC/read
2cd248fc6447439fbcdb1d8347c8c7ed-master-0:96890:96992 [7] NCCL INFO Channel 11 : 7[100000] -> 6[200000] via P2P/IPC/read
2cd248fc6447439fbcdb1d8347c8c7ed-master-0:96888:96991 [5] NCCL INFO Channel 11 : 5[300000] -> 4[400000] via P2P/IPC/read
2cd248fc6447439fbcdb1d8347c8c7ed-master-0:96889:96997 [6] NCCL INFO Channel 11 : 6[200000] -> 5[300000] via P2P/IPC/read
2cd248fc6447439fbcdb1d8347c8c7ed-master-0:96885:96993 [2] NCCL INFO Channel 11 : 2[c00000] -> 1[d00000] via P2P/IPC/read
2cd248fc6447439fbcdb1d8347c8c7ed-master-0:96884:96994 [1] NCCL INFO Channel 11 : 1[d00000] -> 0[e00000] via P2P/IPC/read
2cd248fc6447439fbcdb1d8347c8c7ed-master-0:96887:96996 [4] NCCL INFO Channel 11 : 4[400000] -> 3[b00000] via P2P/IPC/read
2cd248fc6447439fbcdb1d8347c8c7ed-master-0:96886:96995 [3] NCCL INFO Channel 11 : 3[b00000] -> 2[c00000] via P2P/IPC/read
2cd248fc6447439fbcdb1d8347c8c7ed-master-0:96883:96990 [0] NCCL INFO Channel 11 : 0[e00000] -> 1[d00000] via P2P/IPC/read
2cd248fc6447439fbcdb1d8347c8c7ed-master-0:96888:96991 [5] NCCL INFO Channel 11 : 5[300000] -> 6[200000] via P2P/IPC/read
2cd248fc6447439fbcdb1d8347c8c7ed-master-0:96889:96997 [6] NCCL INFO Channel 11 : 6[200000] -> 7[100000] via P2P/IPC/read
2cd248fc6447439fbcdb1d8347c8c7ed-master-0:96885:96993 [2] NCCL INFO Channel 11 : 2[c00000] -> 3[b00000] via P2P/IPC/read
2cd248fc6447439fbcdb1d8347c8c7ed-master-0:96884:96994 [1] NCCL INFO Channel 11 : 1[d00000] -> 2[c00000] via P2P/IPC/read
2cd248fc6447439fbcdb1d8347c8c7ed-master-0:96887:96996 [4] NCCL INFO Channel 11 : 4[400000] -> 5[300000] via P2P/IPC/read
2cd248fc6447439fbcdb1d8347c8c7ed-master-0:96886:96995 [3] NCCL INFO Channel 11 : 3[b00000] -> 4[400000] via P2P/IPC/read
2cd248fc6447439fbcdb1d8347c8c7ed-master-0:96883:96990 [0] NCCL INFO Channel 12 : 0[e00000] -> 7[100000] via P2P/IPC/read
2cd248fc6447439fbcdb1d8347c8c7ed-master-0:96890:96992 [7] NCCL INFO Channel 12 : 7[100000] -> 6[200000] via P2P/IPC/read
2cd248fc6447439fbcdb1d8347c8c7ed-master-0:96888:96991 [5] NCCL INFO Channel 12 : 5[300000] -> 4[400000] via P2P/IPC/read
2cd248fc6447439fbcdb1d8347c8c7ed-master-0:96889:96997 [6] NCCL INFO Channel 12 : 6[200000] -> 5[300000] via P2P/IPC/read
2cd248fc6447439fbcdb1d8347c8c7ed-master-0:96885:96993 [2] NCCL INFO Channel 12 : 2[c00000] -> 1[d00000] via P2P/IPC/read
2cd248fc6447439fbcdb1d8347c8c7ed-master-0:96884:96994 [1] NCCL INFO Channel 12 : 1[d00000] -> 0[e00000] via P2P/IPC/read
2cd248fc6447439fbcdb1d8347c8c7ed-master-0:96887:96996 [4] NCCL INFO Channel 12 : 4[400000] -> 3[b00000] via P2P/IPC/read
2cd248fc6447439fbcdb1d8347c8c7ed-master-0:96886:96995 [3] NCCL INFO Channel 12 : 3[b00000] -> 2[c00000] via P2P/IPC/read
2cd248fc6447439fbcdb1d8347c8c7ed-master-0:96883:96990 [0] NCCL INFO Channel 12 : 0[e00000] -> 1[d00000] via P2P/IPC/read
2cd248fc6447439fbcdb1d8347c8c7ed-master-0:96888:96991 [5] NCCL INFO Channel 12 : 5[300000] -> 6[200000] via P2P/IPC/read
2cd248fc6447439fbcdb1d8347c8c7ed-master-0:96889:96997 [6] NCCL INFO Channel 12 : 6[200000] -> 7[100000] via P2P/IPC/read
2cd248fc6447439fbcdb1d8347c8c7ed-master-0:96885:96993 [2] NCCL INFO Channel 12 : 2[c00000] -> 3[b00000] via P2P/IPC/read
2cd248fc6447439fbcdb1d8347c8c7ed-master-0:96887:96996 [4] NCCL INFO Channel 12 : 4[400000] -> 5[300000] via P2P/IPC/read
2cd248fc6447439fbcdb1d8347c8c7ed-master-0:96884:96994 [1] NCCL INFO Channel 12 : 1[d00000] -> 2[c00000] via P2P/IPC/read
2cd248fc6447439fbcdb1d8347c8c7ed-master-0:96886:96995 [3] NCCL INFO Channel 12 : 3[b00000] -> 4[400000] via P2P/IPC/read
2cd248fc6447439fbcdb1d8347c8c7ed-master-0:96883:96990 [0] NCCL INFO Channel 13 : 0[e00000] -> 7[100000] via P2P/IPC/read
2cd248fc6447439fbcdb1d8347c8c7ed-master-0:96890:96992 [7] NCCL INFO Channel 13 : 7[100000] -> 6[200000] via P2P/IPC/read
2cd248fc6447439fbcdb1d8347c8c7ed-master-0:96888:96991 [5] NCCL INFO Channel 13 : 5[300000] -> 4[400000] via P2P/IPC/read
2cd248fc6447439fbcdb1d8347c8c7ed-master-0:96889:96997 [6] NCCL INFO Channel 13 : 6[200000] -> 5[300000] via P2P/IPC/read
2cd248fc6447439fbcdb1d8347c8c7ed-master-0:96885:96993 [2] NCCL INFO Channel 13 : 2[c00000] -> 1[d00000] via P2P/IPC/read
2cd248fc6447439fbcdb1d8347c8c7ed-master-0:96887:96996 [4] NCCL INFO Channel 13 : 4[400000] -> 3[b00000] via P2P/IPC/read
2cd248fc6447439fbcdb1d8347c8c7ed-master-0:96884:96994 [1] NCCL INFO Channel 13 : 1[d00000] -> 0[e00000] via P2P/IPC/read
2cd248fc6447439fbcdb1d8347c8c7ed-master-0:96886:96995 [3] NCCL INFO Channel 13 : 3[b00000] -> 2[c00000] via P2P/IPC/read
2cd248fc6447439fbcdb1d8347c8c7ed-master-0:96883:96990 [0] NCCL INFO Channel 13 : 0[e00000] -> 1[d00000] via P2P/IPC/read
2cd248fc6447439fbcdb1d8347c8c7ed-master-0:96888:96991 [5] NCCL INFO Channel 13 : 5[300000] -> 6[200000] via P2P/IPC/read
2cd248fc6447439fbcdb1d8347c8c7ed-master-0:96889:96997 [6] NCCL INFO Channel 13 : 6[200000] -> 7[100000] via P2P/IPC/read
2cd248fc6447439fbcdb1d8347c8c7ed-master-0:96885:96993 [2] NCCL INFO Channel 13 : 2[c00000] -> 3[b00000] via P2P/IPC/read
2cd248fc6447439fbcdb1d8347c8c7ed-master-0:96887:96996 [4] NCCL INFO Channel 13 : 4[400000] -> 5[300000] via P2P/IPC/read
2cd248fc6447439fbcdb1d8347c8c7ed-master-0:96884:96994 [1] NCCL INFO Channel 13 : 1[d00000] -> 2[c00000] via P2P/IPC/read
2cd248fc6447439fbcdb1d8347c8c7ed-master-0:96886:96995 [3] NCCL INFO Channel 13 : 3[b00000] -> 4[400000] via P2P/IPC/read
2cd248fc6447439fbcdb1d8347c8c7ed-master-0:96883:96990 [0] NCCL INFO Channel 14 : 0[e00000] -> 7[100000] via P2P/IPC/read
2cd248fc6447439fbcdb1d8347c8c7ed-master-0:96890:96992 [7] NCCL INFO Channel 14 : 7[100000] -> 6[200000] via P2P/IPC/read
2cd248fc6447439fbcdb1d8347c8c7ed-master-0:96888:96991 [5] NCCL INFO Channel 14 : 5[300000] -> 4[400000] via P2P/IPC/read
2cd248fc6447439fbcdb1d8347c8c7ed-master-0:96889:96997 [6] NCCL INFO Channel 14 : 6[200000] -> 5[300000] via P2P/IPC/read
2cd248fc6447439fbcdb1d8347c8c7ed-master-0:96885:96993 [2] NCCL INFO Channel 14 : 2[c00000] -> 1[d00000] via P2P/IPC/read
2cd248fc6447439fbcdb1d8347c8c7ed-master-0:96887:96996 [4] NCCL INFO Channel 14 : 4[400000] -> 3[b00000] via P2P/IPC/read
2cd248fc6447439fbcdb1d8347c8c7ed-master-0:96884:96994 [1] NCCL INFO Channel 14 : 1[d00000] -> 0[e00000] via P2P/IPC/read
2cd248fc6447439fbcdb1d8347c8c7ed-master-0:96886:96995 [3] NCCL INFO Channel 14 : 3[b00000] -> 2[c00000] via P2P/IPC/read
2cd248fc6447439fbcdb1d8347c8c7ed-master-0:96883:96990 [0] NCCL INFO Channel 14 : 0[e00000] -> 1[d00000] via P2P/IPC/read
2cd248fc6447439fbcdb1d8347c8c7ed-master-0:96888:96991 [5] NCCL INFO Channel 14 : 5[300000] -> 6[200000] via P2P/IPC/read
2cd248fc6447439fbcdb1d8347c8c7ed-master-0:96889:96997 [6] NCCL INFO Channel 14 : 6[200000] -> 7[100000] via P2P/IPC/read
2cd248fc6447439fbcdb1d8347c8c7ed-master-0:96885:96993 [2] NCCL INFO Channel 14 : 2[c00000] -> 3[b00000] via P2P/IPC/read
2cd248fc6447439fbcdb1d8347c8c7ed-master-0:96887:96996 [4] NCCL INFO Channel 14 : 4[400000] -> 5[300000] via P2P/IPC/read
2cd248fc6447439fbcdb1d8347c8c7ed-master-0:96884:96994 [1] NCCL INFO Channel 14 : 1[d00000] -> 2[c00000] via P2P/IPC/read
2cd248fc6447439fbcdb1d8347c8c7ed-master-0:96886:96995 [3] NCCL INFO Channel 14 : 3[b00000] -> 4[400000] via P2P/IPC/read
2cd248fc6447439fbcdb1d8347c8c7ed-master-0:96883:96990 [0] NCCL INFO Channel 15 : 0[e00000] -> 7[100000] via P2P/IPC/read
2cd248fc6447439fbcdb1d8347c8c7ed-master-0:96890:96992 [7] NCCL INFO Channel 15 : 7[100000] -> 6[200000] via P2P/IPC/read
2cd248fc6447439fbcdb1d8347c8c7ed-master-0:96888:96991 [5] NCCL INFO Channel 15 : 5[300000] -> 4[400000] via P2P/IPC/read
2cd248fc6447439fbcdb1d8347c8c7ed-master-0:96889:96997 [6] NCCL INFO Channel 15 : 6[200000] -> 5[300000] via P2P/IPC/read
2cd248fc6447439fbcdb1d8347c8c7ed-master-0:96885:96993 [2] NCCL INFO Channel 15 : 2[c00000] -> 1[d00000] via P2P/IPC/read
2cd248fc6447439fbcdb1d8347c8c7ed-master-0:96887:96996 [4] NCCL INFO Channel 15 : 4[400000] -> 3[b00000] via P2P/IPC/read
