08/01/2022 07:32:52 - INFO - __main__ -   Training/evaluation parameters TrainingArguments(
_n_gpu=1,
adafactor=False,
adam_beta1=0.9,
adam_beta2=0.999,
adam_epsilon=1e-08,
candidate_pick_strategy=bottom,
dataloader_drop_last=False,
dataloader_num_workers=0,
dataloader_pin_memory=True,
ddp_find_unused_parameters=None,
debug=[],
disable_tqdm=True,
do_eval=True,
do_predict=True,
do_train=False,
eval_accumulation_steps=None,
eval_steps=1000,
evaluate_generator=True,
evaluation_strategy=IntervalStrategy.STEPS,
fp16=False,
fp16_backend=auto,
fp16_full_eval=False,
fp16_opt_level=O1,
generate_candidate_strategy=beamsearch,
generator_learning_rate=5e-05,
generator_num_cand_generated=16,
generator_num_cand_picked=16,
generator_supervised=True,
generator_supervised_lambda=1.0,
gradient_accumulation_steps=4,
greater_is_better=True,
group_by_length=False,
ignore_data_skip=False,
iteration_reranker_steps=1000,
iteration_steps=2000,
label_names=None,
label_smoothing_factor=0.0,
length_column_name=length,
load_best_model_at_end=True,
local_rank=0,
log_level=-1,
log_level_replica=-1,
log_on_each_node=True,
logging_dir=/weizhou_data/generation/ranker/RLRanker_v7/saves/ablation_ncand/v7-large-cnndm-ncand14-npick14/checkpoint-2000/beamsearch-16/runs/Aug01_07-32-34_2cd248fc6447439fbcdb1d8347c8c7ed-master-0,
logging_first_step=False,
logging_steps=1000,
logging_strategy=IntervalStrategy.STEPS,
lr_scheduler_type=SchedulerType.LINEAR,
max_grad_norm=1.0,
max_steps=-1,
metric_for_best_model=generator_eval_rouge1,
metric_reward_scaler=1.5,
mp_parameters=,
no_cuda=False,
normalize_rewards=False,
num_cand_generated=16,
num_cand_picked=3,
num_train_epochs=3.0,
output_dir=/weizhou_data/generation/ranker/RLRanker_v7/saves/ablation_ncand/v7-large-cnndm-ncand14-npick14/checkpoint-2000/beamsearch-16,
overwrite_output_dir=True,
past_index=-1,
per_device_eval_batch_size=4,
per_device_train_batch_size=2,
prediction_loss_only=False,
push_to_hub=False,
push_to_hub_model_id=beamsearch-16,
push_to_hub_organization=None,
push_to_hub_token=None,
remove_unused_columns=True,
report_to=['azure_ml', 'tensorboard'],
reranker_learning_rate=1e-05,
reranker_reward_scaler=1.5,
resume_from_checkpoint=None,
reward_type=reranker_minus,
run_name=/weizhou_data/generation/ranker/RLRanker_v7/saves/ablation_ncand/v7-large-cnndm-ncand14-npick14/checkpoint-2000/beamsearch-16,
save_steps=1000,
save_strategy=IntervalStrategy.STEPS,
save_total_limit=10,
seed=42,
sharded_ddp=[],
skip_memory_metrics=True,
tpu_metrics_debug=False,
tpu_num_cores=None,
training_mode=iterative,
use_baseline_reward=True,
use_legacy_prediction_loop=False,
warmup_ratio=0.0,
warmup_steps=0,
weight_decay=0.0,
)
[INFO|configuration_utils.py:528] 2022-08-01 07:32:52,480 >> loading configuration file /weizhou_data/generation/ranker/RLRanker_v7/saves/ablation_ncand/v7-large-cnndm-ncand14-npick14/checkpoint-2000/reranker/config.json
[INFO|configuration_utils.py:566] 2022-08-01 07:32:52,480 >> Model config RobertaConfig {
  "_name_or_path": "/weizhou_data/generation/ranker/BertRanker_v1/saves/roberta-large-cnndm-lr1e-5-wu02",
  "architectures": [
    "RobertaRanker"
  ],
  "attention_probs_dropout_prob": 0.1,
  "bos_token_id": 0,
  "eos_token_id": 2,
  "gradient_checkpointing": false,
  "hidden_act": "gelu",
  "hidden_dropout_prob": 0.1,
  "hidden_size": 1024,
  "initializer_range": 0.02,
  "intermediate_size": 4096,
  "layer_norm_eps": 1e-05,
  "loss_type": "contrastive",
  "max_position_embeddings": 514,
  "model_type": "roberta",
  "num_attention_heads": 16,
  "num_hidden_layers": 24,
  "pad_token_id": 1,
  "position_embedding_type": "absolute",
  "transformers_version": "4.8.1",
  "type_vocab_size": 1,
  "use_cache": true,
  "vocab_size": 50265
}

[INFO|tokenization_utils_base.py:1651] 2022-08-01 07:32:52,484 >> Didn't find file /weizhou_data/generation/ranker/RLRanker_v7/saves/ablation_ncand/v7-large-cnndm-ncand14-npick14/checkpoint-2000/reranker/added_tokens.json. We won't load it.
[INFO|tokenization_utils_base.py:1651] 2022-08-01 07:32:52,487 >> Didn't find file /weizhou_data/generation/ranker/RLRanker_v7/saves/ablation_ncand/v7-large-cnndm-ncand14-npick14/checkpoint-2000/reranker/tokenizer.json. We won't load it.
[INFO|tokenization_utils_base.py:1715] 2022-08-01 07:32:52,488 >> loading file /weizhou_data/generation/ranker/RLRanker_v7/saves/ablation_ncand/v7-large-cnndm-ncand14-npick14/checkpoint-2000/reranker/vocab.json
[INFO|tokenization_utils_base.py:1715] 2022-08-01 07:32:52,488 >> loading file /weizhou_data/generation/ranker/RLRanker_v7/saves/ablation_ncand/v7-large-cnndm-ncand14-npick14/checkpoint-2000/reranker/merges.txt
[INFO|tokenization_utils_base.py:1715] 2022-08-01 07:32:52,488 >> loading file None
[INFO|tokenization_utils_base.py:1715] 2022-08-01 07:32:52,488 >> loading file /weizhou_data/generation/ranker/RLRanker_v7/saves/ablation_ncand/v7-large-cnndm-ncand14-npick14/checkpoint-2000/reranker/special_tokens_map.json
[INFO|tokenization_utils_base.py:1715] 2022-08-01 07:32:52,488 >> loading file /weizhou_data/generation/ranker/RLRanker_v7/saves/ablation_ncand/v7-large-cnndm-ncand14-npick14/checkpoint-2000/reranker/tokenizer_config.json
[INFO|tokenization_utils_base.py:1715] 2022-08-01 07:32:52,488 >> loading file None
[INFO|modeling_utils.py:1159] 2022-08-01 07:32:52,547 >> loading weights file /weizhou_data/generation/ranker/RLRanker_v7/saves/ablation_ncand/v7-large-cnndm-ncand14-npick14/checkpoint-2000/reranker/pytorch_model.bin
Failure while loading azureml_run_type_providers. Failed to load entrypoint azureml.scriptrun = azureml.core.script_run:ScriptRun._from_run_dto with exception (cryptography 2.9.2 (/opt/conda/lib/python3.8/site-packages), Requirement.parse('cryptography>=3.3.1; extra == "crypto"'), {'PyJWT'}).
08/01/2022 07:32:52 - WARNING - __main__ -   Process rank: 1, device: cuda:1, n_gpu: 1distributed training: True, 16-bits training: False
Failure while loading azureml_run_type_providers. Failed to load entrypoint azureml.scriptrun = azureml.core.script_run:ScriptRun._from_run_dto with exception (cryptography 2.9.2 (/opt/conda/lib/python3.8/site-packages), Requirement.parse('cryptography>=3.3.1; extra == "crypto"'), {'PyJWT'}).
Failure while loading azureml_run_type_providers. Failed to load entrypoint azureml.scriptrun = azureml.core.script_run:ScriptRun._from_run_dto with exception (cryptography 2.9.2 (/opt/conda/lib/python3.8/site-packages), Requirement.parse('cryptography>=3.3.1; extra == "crypto"'), {'PyJWT'}).
Failure while loading azureml_run_type_providers. Failed to load entrypoint azureml.scriptrun = azureml.core.script_run:ScriptRun._from_run_dto with exception (cryptography 2.9.2 (/opt/conda/lib/python3.8/site-packages), Requirement.parse('cryptography>=3.3.1; extra == "crypto"'), {'PyJWT'}).
08/01/2022 07:32:52 - WARNING - __main__ -   Process rank: 6, device: cuda:6, n_gpu: 1distributed training: True, 16-bits training: False
Failure while loading azureml_run_type_providers. Failed to load entrypoint azureml.scriptrun = azureml.core.script_run:ScriptRun._from_run_dto with exception (cryptography 2.9.2 (/opt/conda/lib/python3.8/site-packages), Requirement.parse('cryptography>=3.3.1; extra == "crypto"'), {'PyJWT'}).
08/01/2022 07:32:52 - WARNING - __main__ -   Process rank: 4, device: cuda:4, n_gpu: 1distributed training: True, 16-bits training: False
08/01/2022 07:32:52 - WARNING - __main__ -   Process rank: 3, device: cuda:3, n_gpu: 1distributed training: True, 16-bits training: False
08/01/2022 07:32:52 - WARNING - __main__ -   Process rank: 2, device: cuda:2, n_gpu: 1distributed training: True, 16-bits training: False
Failure while loading azureml_run_type_providers. Failed to load entrypoint azureml.scriptrun = azureml.core.script_run:ScriptRun._from_run_dto with exception (cryptography 2.9.2 (/opt/conda/lib/python3.8/site-packages), Requirement.parse('cryptography>=3.3.1; extra == "crypto"'), {'PyJWT'}).
08/01/2022 07:32:52 - WARNING - __main__ -   Process rank: 5, device: cuda:5, n_gpu: 1distributed training: True, 16-bits training: False
[INFO|modeling_utils.py:1345] 2022-08-01 07:32:55,098 >> All model checkpoint weights were used when initializing RobertaRanker.

[INFO|modeling_utils.py:1353] 2022-08-01 07:32:55,098 >> All the weights of RobertaRanker were initialized from the model checkpoint at /weizhou_data/generation/ranker/RLRanker_v7/saves/ablation_ncand/v7-large-cnndm-ncand14-npick14/checkpoint-2000/reranker.
If your task is similar to the task the model of the checkpoint was trained on, you can already use RobertaRanker for predictions without further training.
[INFO|configuration_utils.py:528] 2022-08-01 07:32:55,100 >> loading configuration file /weizhou_data/generation/ranker/RLRanker_v7/saves/ablation_ncand/v7-large-cnndm-ncand14-npick14/checkpoint-2000/generator/config.json
[INFO|configuration_utils.py:566] 2022-08-01 07:32:55,101 >> Model config BartConfig {
  "_name_or_path": "/weizhou_data/generation/bart-samsum/bart-universal-generation/saves/bart-large-cnndm",
  "activation_dropout": 0.1,
  "activation_function": "gelu",
  "add_bias_logits": false,
  "add_final_layer_norm": false,
  "architectures": [
    "BartForConditionalGeneration"
  ],
  "attention_dropout": 0.1,
  "bos_token_id": 0,
  "classif_dropout": 0.1,
  "classifier_dropout": 0.0,
  "d_model": 1024,
  "decoder_attention_heads": 16,
  "decoder_ffn_dim": 4096,
  "decoder_layerdrop": 0.0,
  "decoder_layers": 12,
  "decoder_start_token_id": 2,
  "dropout": 0.1,
  "early_stopping": true,
  "encoder_attention_heads": 16,
  "encoder_ffn_dim": 4096,
  "encoder_layerdrop": 0.0,
  "encoder_layers": 12,
  "eos_token_id": 2,
  "forced_bos_token_id": 0,
  "forced_eos_token_id": 2,
  "gradient_checkpointing": false,
  "id2label": {
    "0": "LABEL_0",
    "1": "LABEL_1",
    "2": "LABEL_2"
  },
  "init_std": 0.02,
  "is_encoder_decoder": true,
  "label2id": {
    "LABEL_0": 0,
    "LABEL_1": 1,
    "LABEL_2": 2
  },
  "max_position_embeddings": 1024,
  "model_type": "bart",
  "no_repeat_ngram_size": 3,
  "normalize_before": false,
  "num_beams": 4,
  "num_hidden_layers": 12,
  "pad_token_id": 1,
  "scale_embedding": false,
  "task_specific_params": {
    "summarization": {
      "length_penalty": 1.0,
      "max_length": 128,
      "min_length": 12,
      "num_beams": 4
    },
    "summarization_cnn": {
      "length_penalty": 2.0,
      "max_length": 142,
      "min_length": 56,
      "num_beams": 4
    },
    "summarization_xsum": {
      "length_penalty": 1.0,
      "max_length": 62,
      "min_length": 11,
      "num_beams": 6
    }
  },
  "transformers_version": "4.8.1",
  "use_cache": true,
  "vocab_size": 50265
}

[INFO|tokenization_utils_base.py:1651] 2022-08-01 07:32:55,105 >> Didn't find file /weizhou_data/generation/ranker/RLRanker_v7/saves/ablation_ncand/v7-large-cnndm-ncand14-npick14/checkpoint-2000/generator/added_tokens.json. We won't load it.
[INFO|tokenization_utils_base.py:1651] 2022-08-01 07:32:55,108 >> Didn't find file /weizhou_data/generation/ranker/RLRanker_v7/saves/ablation_ncand/v7-large-cnndm-ncand14-npick14/checkpoint-2000/generator/tokenizer.json. We won't load it.
[INFO|tokenization_utils_base.py:1715] 2022-08-01 07:32:55,108 >> loading file /weizhou_data/generation/ranker/RLRanker_v7/saves/ablation_ncand/v7-large-cnndm-ncand14-npick14/checkpoint-2000/generator/vocab.json
[INFO|tokenization_utils_base.py:1715] 2022-08-01 07:32:55,108 >> loading file /weizhou_data/generation/ranker/RLRanker_v7/saves/ablation_ncand/v7-large-cnndm-ncand14-npick14/checkpoint-2000/generator/merges.txt
[INFO|tokenization_utils_base.py:1715] 2022-08-01 07:32:55,108 >> loading file None
[INFO|tokenization_utils_base.py:1715] 2022-08-01 07:32:55,109 >> loading file /weizhou_data/generation/ranker/RLRanker_v7/saves/ablation_ncand/v7-large-cnndm-ncand14-npick14/checkpoint-2000/generator/special_tokens_map.json
[INFO|tokenization_utils_base.py:1715] 2022-08-01 07:32:55,109 >> loading file /weizhou_data/generation/ranker/RLRanker_v7/saves/ablation_ncand/v7-large-cnndm-ncand14-npick14/checkpoint-2000/generator/tokenizer_config.json
[INFO|tokenization_utils_base.py:1715] 2022-08-01 07:32:55,109 >> loading file None
[INFO|modeling_utils.py:1159] 2022-08-01 07:32:55,168 >> loading weights file /weizhou_data/generation/ranker/RLRanker_v7/saves/ablation_ncand/v7-large-cnndm-ncand14-npick14/checkpoint-2000/generator/pytorch_model.bin
[INFO|modeling_utils.py:1345] 2022-08-01 07:32:58,296 >> All model checkpoint weights were used when initializing BartForConditionalGeneration.

[INFO|modeling_utils.py:1353] 2022-08-01 07:32:58,296 >> All the weights of BartForConditionalGeneration were initialized from the model checkpoint at /weizhou_data/generation/ranker/RLRanker_v7/saves/ablation_ncand/v7-large-cnndm-ncand14-npick14/checkpoint-2000/generator.
If your task is similar to the task the model of the checkpoint was trained on, you can already use BartForConditionalGeneration for predictions without further training.
08/01/2022 07:34:25 - INFO - absl -   Using default tokenizer.
08/01/2022 07:34:25 - INFO - absl -   Using default tokenizer.
08/01/2022 07:34:25 - INFO - absl -   Using default tokenizer.
08/01/2022 07:34:26 - INFO - absl -   Using default tokenizer.
08/01/2022 07:34:26 - INFO - absl -   Using default tokenizer.
08/01/2022 07:34:26 - INFO - absl -   Using default tokenizer.
08/01/2022 07:34:26 - INFO - __main__ -   *** Evaluate ***
08/01/2022 07:34:28 - INFO - absl -   Using default tokenizer.
08/01/2022 07:34:30 - INFO - absl -   Using default tokenizer.
08/01/2022 08:06:56 - INFO - absl -   Using default tokenizer.
08/01/2022 08:06:57 - INFO - absl -   Using default tokenizer.
08/01/2022 08:06:57 - INFO - absl -   Using default tokenizer.
08/01/2022 08:06:57 - INFO - absl -   Using default tokenizer.
08/01/2022 08:06:57 - INFO - absl -   Using default tokenizer.
08/01/2022 08:06:57 - INFO - absl -   Using default tokenizer.
08/01/2022 08:06:57 - INFO - absl -   Using default tokenizer.
08/01/2022 08:06:57 - INFO - absl -   Using default tokenizer.
08/01/2022 08:08:11 - INFO - absl -   Using default tokenizer.
08/01/2022 08:08:13 - INFO - absl -   Using default tokenizer.
08/01/2022 08:08:13 - INFO - absl -   Using default tokenizer.
08/01/2022 08:08:13 - INFO - absl -   Using default tokenizer.
08/01/2022 08:08:13 - INFO - absl -   Using default tokenizer.
08/01/2022 08:08:14 - INFO - absl -   Using default tokenizer.
08/01/2022 08:08:14 - INFO - absl -   Using default tokenizer.
08/01/2022 08:08:16 - INFO - absl -   Using default tokenizer.
{'generator_eval_rouge1': 45.7547, 'generator_eval_rouge2': 22.6288, 'generator_eval_rougeL': 32.1591, 'generator_eval_rougeLsum': 42.5779, 'generator_eval_loss': 1.616517424583435, 'reranker_eval_rouge1': 46.8309, 'reranker_eval_rouge2': 23.386, 'reranker_eval_rougeL': 32.7406, 'reranker_eval_rougeLsum': 43.6336, 'reranker_eval_loss': 2.8833227157592773, 'eval_runtime': 2098.6555, 'eval_samples_per_second': 6.37, 'eval_steps_per_second': 0.199}
***** eval metrics *****
  eval_runtime             = 0:34:58.65
  eval_samples             =      13368
  eval_samples_per_second  =       6.37
  eval_steps_per_second    =      0.199
  generator_eval_loss      =     1.6165
  generator_eval_rouge1    =    45.7547
  generator_eval_rouge2    =    22.6288
  generator_eval_rougeL    =    32.1591
  generator_eval_rougeLsum =    42.5779
  reranker_eval_loss       =     2.8833
  reranker_eval_rouge1     =    46.8309
  reranker_eval_rouge2     =     23.386
  reranker_eval_rougeL     =    32.7406
  reranker_eval_rougeLsum  =    43.6336
08/01/2022 08:09:25 - INFO - __main__ -   *** Predict ***
08/01/2022 08:36:50 - INFO - absl -   Using default tokenizer.
08/01/2022 08:36:51 - INFO - absl -   Using default tokenizer.
08/01/2022 08:36:51 - INFO - absl -   Using default tokenizer.
08/01/2022 08:36:51 - INFO - absl -   Using default tokenizer.
08/01/2022 08:36:51 - INFO - absl -   Using default tokenizer.
08/01/2022 08:36:51 - INFO - absl -   Using default tokenizer.
08/01/2022 08:36:51 - INFO - absl -   Using default tokenizer.
08/01/2022 08:36:51 - INFO - absl -   Using default tokenizer.
08/01/2022 08:37:53 - INFO - absl -   Using default tokenizer.
08/01/2022 08:37:54 - INFO - absl -   Using default tokenizer.
08/01/2022 08:37:54 - INFO - absl -   Using default tokenizer.
08/01/2022 08:37:54 - INFO - absl -   Using default tokenizer.
08/01/2022 08:37:55 - INFO - absl -   Using default tokenizer.
08/01/2022 08:37:55 - INFO - absl -   Using default tokenizer.
08/01/2022 08:37:55 - INFO - absl -   Using default tokenizer.
08/01/2022 08:37:55 - INFO - absl -   Using default tokenizer.
***** predict metrics *****
  generator_predict_loss      =     1.6369
  generator_predict_rouge1    =    45.0156
  generator_predict_rouge2    =     21.981
  generator_predict_rougeL    =    31.6142
  generator_predict_rougeLsum =    41.7883
  predict_runtime             = 0:29:28.57
  predict_samples             =      11490
  predict_samples_per_second  =      6.497
  predict_steps_per_second    =      0.204
  reranker_predict_loss       =     2.8858
  reranker_predict_rouge1     =    46.2851
  reranker_predict_rouge2     =    22.8969
  reranker_predict_rougeL     =    32.3799
  reranker_predict_rougeLsum  =    43.0559
*****************************************
Setting OMP_NUM_THREADS environment variable for each process to be 1 in default, to avoid your system being overloaded, please further tune the variable for optimal performance in your application as needed. 
*****************************************
2022-08-01 08:39:02.598664: I tensorflow/stream_executor/platform/default/dso_loader.cc:49] Successfully opened dynamic library libcudart.so.11.0
2022-08-01 08:39:02.599592: I tensorflow/stream_executor/platform/default/dso_loader.cc:49] Successfully opened dynamic library libcudart.so.11.0
2022-08-01 08:39:02.725659: I tensorflow/stream_executor/platform/default/dso_loader.cc:49] Successfully opened dynamic library libcudart.so.11.0
2022-08-01 08:39:02.764991: I tensorflow/stream_executor/platform/default/dso_loader.cc:49] Successfully opened dynamic library libcudart.so.11.0
2022-08-01 08:39:02.867019: I tensorflow/stream_executor/platform/default/dso_loader.cc:49] Successfully opened dynamic library libcudart.so.11.0
2022-08-01 08:39:02.968253: I tensorflow/stream_executor/platform/default/dso_loader.cc:49] Successfully opened dynamic library libcudart.so.11.0
2022-08-01 08:39:02.972667: I tensorflow/stream_executor/platform/default/dso_loader.cc:49] Successfully opened dynamic library libcudart.so.11.0
2022-08-01 08:39:02.973234: I tensorflow/stream_executor/platform/default/dso_loader.cc:49] Successfully opened dynamic library libcudart.so.11.0
2cd248fc6447439fbcdb1d8347c8c7ed-master-0:41018:41018 [0] NCCL INFO Bootstrap : Using [0]eth0:10.41.178.42<0>
2cd248fc6447439fbcdb1d8347c8c7ed-master-0:41018:41018 [0] NCCL INFO NET/Plugin: Failed to find ncclNetPlugin_v3 symbol.
2cd248fc6447439fbcdb1d8347c8c7ed-master-0:41018:41018 [0] NCCL INFO NET/IB : No device found.
2cd248fc6447439fbcdb1d8347c8c7ed-master-0:41018:41018 [0] NCCL INFO NET/Socket : Using [0]eth0:10.41.178.42<0>
2cd248fc6447439fbcdb1d8347c8c7ed-master-0:41018:41018 [0] NCCL INFO Using network Socket
NCCL version 2.7.8+cuda11.0
2cd248fc6447439fbcdb1d8347c8c7ed-master-0:41025:41025 [7] NCCL INFO Bootstrap : Using [0]eth0:10.41.178.42<0>
2cd248fc6447439fbcdb1d8347c8c7ed-master-0:41019:41019 [1] NCCL INFO Bootstrap : Using [0]eth0:10.41.178.42<0>
2cd248fc6447439fbcdb1d8347c8c7ed-master-0:41023:41023 [5] NCCL INFO Bootstrap : Using [0]eth0:10.41.178.42<0>
2cd248fc6447439fbcdb1d8347c8c7ed-master-0:41025:41025 [7] NCCL INFO NET/Plugin: Failed to find ncclNetPlugin_v3 symbol.
2cd248fc6447439fbcdb1d8347c8c7ed-master-0:41023:41023 [5] NCCL INFO NET/Plugin: Failed to find ncclNetPlugin_v3 symbol.
2cd248fc6447439fbcdb1d8347c8c7ed-master-0:41019:41019 [1] NCCL INFO NET/Plugin: Failed to find ncclNetPlugin_v3 symbol.
2cd248fc6447439fbcdb1d8347c8c7ed-master-0:41022:41022 [4] NCCL INFO Bootstrap : Using [0]eth0:10.41.178.42<0>
2cd248fc6447439fbcdb1d8347c8c7ed-master-0:41023:41023 [5] NCCL INFO NET/IB : No device found.
2cd248fc6447439fbcdb1d8347c8c7ed-master-0:41025:41025 [7] NCCL INFO NET/IB : No device found.
2cd248fc6447439fbcdb1d8347c8c7ed-master-0:41023:41023 [5] NCCL INFO NET/Socket : Using [0]eth0:10.41.178.42<0>
2cd248fc6447439fbcdb1d8347c8c7ed-master-0:41023:41023 [5] NCCL INFO Using network Socket
2cd248fc6447439fbcdb1d8347c8c7ed-master-0:41019:41019 [1] NCCL INFO NET/IB : No device found.
2cd248fc6447439fbcdb1d8347c8c7ed-master-0:41025:41025 [7] NCCL INFO NET/Socket : Using [0]eth0:10.41.178.42<0>
2cd248fc6447439fbcdb1d8347c8c7ed-master-0:41019:41019 [1] NCCL INFO NET/Socket : Using [0]eth0:10.41.178.42<0>
2cd248fc6447439fbcdb1d8347c8c7ed-master-0:41019:41019 [1] NCCL INFO Using network Socket
2cd248fc6447439fbcdb1d8347c8c7ed-master-0:41025:41025 [7] NCCL INFO Using network Socket
2cd248fc6447439fbcdb1d8347c8c7ed-master-0:41021:41021 [3] NCCL INFO Bootstrap : Using [0]eth0:10.41.178.42<0>
2cd248fc6447439fbcdb1d8347c8c7ed-master-0:41022:41022 [4] NCCL INFO NET/Plugin: Failed to find ncclNetPlugin_v3 symbol.
2cd248fc6447439fbcdb1d8347c8c7ed-master-0:41022:41022 [4] NCCL INFO NET/IB : No device found.
2cd248fc6447439fbcdb1d8347c8c7ed-master-0:41022:41022 [4] NCCL INFO NET/Socket : Using [0]eth0:10.41.178.42<0>
2cd248fc6447439fbcdb1d8347c8c7ed-master-0:41022:41022 [4] NCCL INFO Using network Socket
2cd248fc6447439fbcdb1d8347c8c7ed-master-0:41021:41021 [3] NCCL INFO NET/Plugin: Failed to find ncclNetPlugin_v3 symbol.
2cd248fc6447439fbcdb1d8347c8c7ed-master-0:41021:41021 [3] NCCL INFO NET/IB : No device found.
2cd248fc6447439fbcdb1d8347c8c7ed-master-0:41021:41021 [3] NCCL INFO NET/Socket : Using [0]eth0:10.41.178.42<0>
2cd248fc6447439fbcdb1d8347c8c7ed-master-0:41021:41021 [3] NCCL INFO Using network Socket
2cd248fc6447439fbcdb1d8347c8c7ed-master-0:41020:41020 [2] NCCL INFO Bootstrap : Using [0]eth0:10.41.178.42<0>
2cd248fc6447439fbcdb1d8347c8c7ed-master-0:41020:41020 [2] NCCL INFO NET/Plugin: Failed to find ncclNetPlugin_v3 symbol.
2cd248fc6447439fbcdb1d8347c8c7ed-master-0:41020:41020 [2] NCCL INFO NET/IB : No device found.
2cd248fc6447439fbcdb1d8347c8c7ed-master-0:41020:41020 [2] NCCL INFO NET/Socket : Using [0]eth0:10.41.178.42<0>
2cd248fc6447439fbcdb1d8347c8c7ed-master-0:41020:41020 [2] NCCL INFO Using network Socket
2cd248fc6447439fbcdb1d8347c8c7ed-master-0:41024:41024 [6] NCCL INFO Bootstrap : Using [0]eth0:10.41.178.42<0>
2cd248fc6447439fbcdb1d8347c8c7ed-master-0:41024:41024 [6] NCCL INFO NET/Plugin: Failed to find ncclNetPlugin_v3 symbol.
2cd248fc6447439fbcdb1d8347c8c7ed-master-0:41024:41024 [6] NCCL INFO NET/IB : No device found.
2cd248fc6447439fbcdb1d8347c8c7ed-master-0:41024:41024 [6] NCCL INFO NET/Socket : Using [0]eth0:10.41.178.42<0>
2cd248fc6447439fbcdb1d8347c8c7ed-master-0:41024:41024 [6] NCCL INFO Using network Socket
2cd248fc6447439fbcdb1d8347c8c7ed-master-0:41024:41131 [6] NCCL INFO threadThresholds 8/8/64 | 64/8/64 | 8/8/64
2cd248fc6447439fbcdb1d8347c8c7ed-master-0:41025:41127 [7] NCCL INFO threadThresholds 8/8/64 | 64/8/64 | 8/8/64
2cd248fc6447439fbcdb1d8347c8c7ed-master-0:41018:41124 [0] NCCL INFO Channel 00/24 :    0   7   6   5   4   3   2   1
2cd248fc6447439fbcdb1d8347c8c7ed-master-0:41024:41131 [6] NCCL INFO Trees [0] 5/-1/-1->6->7|7->6->5/-1/-1 [1] 5/-1/-1->6->7|7->6->5/-1/-1 [2] 5/-1/-1->6->7|7->6->5/-1/-1 [3] 5/-1/-1->6->7|7->6->5/-1/-1 [4] 5/-1/-1->6->7|7->6->5/-1/-1 [5] 5/-1/-1->6->7|7->6->5/-1/-1 [6] 5/-1/-1->6->7|7->6->5/-1/-1 [7] 5/-1/-1->6->7|7->6->5/-1/-1 [8] 5/-1/-1->6->7|7->6->5/-1/-1 [9] 5/-1/-1->6->7|7->6->5/-1/-1 [10] 5/-1/-1->6->7|7->6->5/-1/-1 [11] 5/-1/-1->6->7|7->6->5/-1/-1 [12] 5/-1/-1->6->7|7->6->5/-1/-1 [13] 5/-1/-1->6->7|7->6->5/-1/-1 [14] 5/-1/-1->6->7|7->6->5/-1/-1 [15] 5/-1/-1->6->7|7->6->5/-1/-1 [16] 5/-1/-1->6->7|7->6->5/-1/-1 [17] 5/-1/-1->6->7|7->6->5/-1/-1 [18] 5/-1/-1->6->7|7->6->5/-1/-1 [19] 5/-1/-1->6->7|7->6->5/-1/-1 [20] 5/-1/-1->6->7|7->6->5/-1/-1 [21] 5/-1/-1->6->7|7->6->5/-1/-1 [22] 5/-1/-1->6->7|7->6->5/-1/-1 [23] 5/-1/-1->6->7|7->6->5/-1/-1
2cd248fc6447439fbcdb1d8347c8c7ed-master-0:41019:41126 [1] NCCL INFO threadThresholds 8/8/64 | 64/8/64 | 8/8/64
2cd248fc6447439fbcdb1d8347c8c7ed-master-0:41020:41130 [2] NCCL INFO threadThresholds 8/8/64 | 64/8/64 | 8/8/64
2cd248fc6447439fbcdb1d8347c8c7ed-master-0:41021:41129 [3] NCCL INFO threadThresholds 8/8/64 | 64/8/64 | 8/8/64
2cd248fc6447439fbcdb1d8347c8c7ed-master-0:41022:41128 [4] NCCL INFO threadThresholds 8/8/64 | 64/8/64 | 8/8/64
2cd248fc6447439fbcdb1d8347c8c7ed-master-0:41025:41127 [7] NCCL INFO Trees [0] 6/-1/-1->7->-1|-1->7->6/-1/-1 [1] 6/-1/-1->7->-1|-1->7->6/-1/-1 [2] 6/-1/-1->7->-1|-1->7->6/-1/-1 [3] 6/-1/-1->7->-1|-1->7->6/-1/-1 [4] 6/-1/-1->7->-1|-1->7->6/-1/-1 [5] 6/-1/-1->7->-1|-1->7->6/-1/-1 [6] 6/-1/-1->7->-1|-1->7->6/-1/-1 [7] 6/-1/-1->7->-1|-1->7->6/-1/-1 [8] 6/-1/-1->7->-1|-1->7->6/-1/-1 [9] 6/-1/-1->7->-1|-1->7->6/-1/-1 [10] 6/-1/-1->7->-1|-1->7->6/-1/-1 [11] 6/-1/-1->7->-1|-1->7->6/-1/-1 [12] 6/-1/-1->7->-1|-1->7->6/-1/-1 [13] 6/-1/-1->7->-1|-1->7->6/-1/-1 [14] 6/-1/-1->7->-1|-1->7->6/-1/-1 [15] 6/-1/-1->7->-1|-1->7->6/-1/-1 [16] 6/-1/-1->7->-1|-1->7->6/-1/-1 [17] 6/-1/-1->7->-1|-1->7->6/-1/-1 [18] 6/-1/-1->7->-1|-1->7->6/-1/-1 [19] 6/-1/-1->7->-1|-1->7->6/-1/-1 [20] 6/-1/-1->7->-1|-1->7->6/-1/-1 [21] 6/-1/-1->7->-1|-1->7->6/-1/-1 [22] 6/-1/-1->7->-1|-1->7->6/-1/-1 [23] 6/-1/-1->7->-1|-1->7->6/-1/-1
2cd248fc6447439fbcdb1d8347c8c7ed-master-0:41023:41125 [5] NCCL INFO threadThresholds 8/8/64 | 64/8/64 | 8/8/64
2cd248fc6447439fbcdb1d8347c8c7ed-master-0:41018:41124 [0] NCCL INFO Channel 01/24 :    0   7   6   5   4   3   2   1
2cd248fc6447439fbcdb1d8347c8c7ed-master-0:41024:41131 [6] NCCL INFO Setting affinity for GPU 1 to ffff,0000ffff
2cd248fc6447439fbcdb1d8347c8c7ed-master-0:41019:41126 [1] NCCL INFO Trees [0] 0/-1/-1->1->2|2->1->0/-1/-1 [1] 0/-1/-1->1->2|2->1->0/-1/-1 [2] 0/-1/-1->1->2|2->1->0/-1/-1 [3] 0/-1/-1->1->2|2->1->0/-1/-1 [4] 0/-1/-1->1->2|2->1->0/-1/-1 [5] 0/-1/-1->1->2|2->1->0/-1/-1 [6] 0/-1/-1->1->2|2->1->0/-1/-1 [7] 0/-1/-1->1->2|2->1->0/-1/-1 [8] 0/-1/-1->1->2|2->1->0/-1/-1 [9] 0/-1/-1->1->2|2->1->0/-1/-1 [10] 0/-1/-1->1->2|2->1->0/-1/-1 [11] 0/-1/-1->1->2|2->1->0/-1/-1 [12] 0/-1/-1->1->2|2->1->0/-1/-1 [13] 0/-1/-1->1->2|2->1->0/-1/-1 [14] 0/-1/-1->1->2|2->1->0/-1/-1 [15] 0/-1/-1->1->2|2->1->0/-1/-1 [16] 0/-1/-1->1->2|2->1->0/-1/-1 [17] 0/-1/-1->1->2|2->1->0/-1/-1 [18] 0/-1/-1->1->2|2->1->0/-1/-1 [19] 0/-1/-1->1->2|2->1->0/-1/-1 [20] 0/-1/-1->1->2|2->1->0/-1/-1 [21] 0/-1/-1->1->2|2->1->0/-1/-1 [22] 0/-1/-1->1->2|2->1->0/-1/-1 [23] 0/-1/-1->1->2|2->1->0/-1/-1
2cd248fc6447439fbcdb1d8347c8c7ed-master-0:41020:41130 [2] NCCL INFO Trees [0] 1/-1/-1->2->3|3->2->1/-1/-1 [1] 1/-1/-1->2->3|3->2->1/-1/-1 [2] 1/-1/-1->2->3|3->2->1/-1/-1 [3] 1/-1/-1->2->3|3->2->1/-1/-1 [4] 1/-1/-1->2->3|3->2->1/-1/-1 [5] 1/-1/-1->2->3|3->2->1/-1/-1 [6] 1/-1/-1->2->3|3->2->1/-1/-1 [7] 1/-1/-1->2->3|3->2->1/-1/-1 [8] 1/-1/-1->2->3|3->2->1/-1/-1 [9] 1/-1/-1->2->3|3->2->1/-1/-1 [10] 1/-1/-1->2->3|3->2->1/-1/-1 [11] 1/-1/-1->2->3|3->2->1/-1/-1 [12] 1/-1/-1->2->3|3->2->1/-1/-1 [13] 1/-1/-1->2->3|3->2->1/-1/-1 [14] 1/-1/-1->2->3|3->2->1/-1/-1 [15] 1/-1/-1->2->3|3->2->1/-1/-1 [16] 1/-1/-1->2->3|3->2->1/-1/-1 [17] 1/-1/-1->2->3|3->2->1/-1/-1 [18] 1/-1/-1->2->3|3->2->1/-1/-1 [19] 1/-1/-1->2->3|3->2->1/-1/-1 [20] 1/-1/-1->2->3|3->2->1/-1/-1 [21] 1/-1/-1->2->3|3->2->1/-1/-1 [22] 1/-1/-1->2->3|3->2->1/-1/-1 [23] 1/-1/-1->2->3|3->2->1/-1/-1
2cd248fc6447439fbcdb1d8347c8c7ed-master-0:41021:41129 [3] NCCL INFO Trees [0] 2/-1/-1->3->4|4->3->2/-1/-1 [1] 2/-1/-1->3->4|4->3->2/-1/-1 [2] 2/-1/-1->3->4|4->3->2/-1/-1 [3] 2/-1/-1->3->4|4->3->2/-1/-1 [4] 2/-1/-1->3->4|4->3->2/-1/-1 [5] 2/-1/-1->3->4|4->3->2/-1/-1 [6] 2/-1/-1->3->4|4->3->2/-1/-1 [7] 2/-1/-1->3->4|4->3->2/-1/-1 [8] 2/-1/-1->3->4|4->3->2/-1/-1 [9] 2/-1/-1->3->4|4->3->2/-1/-1 [10] 2/-1/-1->3->4|4->3->2/-1/-1 [11] 2/-1/-1->3->4|4->3->2/-1/-1 [12] 2/-1/-1->3->4|4->3->2/-1/-1 [13] 2/-1/-1->3->4|4->3->2/-1/-1 [14] 2/-1/-1->3->4|4->3->2/-1/-1 [15] 2/-1/-1->3->4|4->3->2/-1/-1 [16] 2/-1/-1->3->4|4->3->2/-1/-1 [17] 2/-1/-1->3->4|4->3->2/-1/-1 [18] 2/-1/-1->3->4|4->3->2/-1/-1 [19] 2/-1/-1->3->4|4->3->2/-1/-1 [20] 2/-1/-1->3->4|4->3->2/-1/-1 [21] 2/-1/-1->3->4|4->3->2/-1/-1 [22] 2/-1/-1->3->4|4->3->2/-1/-1 [23] 2/-1/-1->3->4|4->3->2/-1/-1
2cd248fc6447439fbcdb1d8347c8c7ed-master-0:41022:41128 [4] NCCL INFO Trees [0] 3/-1/-1->4->5|5->4->3/-1/-1 [1] 3/-1/-1->4->5|5->4->3/-1/-1 [2] 3/-1/-1->4->5|5->4->3/-1/-1 [3] 3/-1/-1->4->5|5->4->3/-1/-1 [4] 3/-1/-1->4->5|5->4->3/-1/-1 [5] 3/-1/-1->4->5|5->4->3/-1/-1 [6] 3/-1/-1->4->5|5->4->3/-1/-1 [7] 3/-1/-1->4->5|5->4->3/-1/-1 [8] 3/-1/-1->4->5|5->4->3/-1/-1 [9] 3/-1/-1->4->5|5->4->3/-1/-1 [10] 3/-1/-1->4->5|5->4->3/-1/-1 [11] 3/-1/-1->4->5|5->4->3/-1/-1 [12] 3/-1/-1->4->5|5->4->3/-1/-1 [13] 3/-1/-1->4->5|5->4->3/-1/-1 [14] 3/-1/-1->4->5|5->4->3/-1/-1 [15] 3/-1/-1->4->5|5->4->3/-1/-1 [16] 3/-1/-1->4->5|5->4->3/-1/-1 [17] 3/-1/-1->4->5|5->4->3/-1/-1 [18] 3/-1/-1->4->5|5->4->3/-1/-1 [19] 3/-1/-1->4->5|5->4->3/-1/-1 [20] 3/-1/-1->4->5|5->4->3/-1/-1 [21] 3/-1/-1->4->5|5->4->3/-1/-1 [22] 3/-1/-1->4->5|5->4->3/-1/-1 [23] 3/-1/-1->4->5|5->4->3/-1/-1
2cd248fc6447439fbcdb1d8347c8c7ed-master-0:41025:41127 [7] NCCL INFO Setting affinity for GPU 0 to ffff,0000ffff
2cd248fc6447439fbcdb1d8347c8c7ed-master-0:41023:41125 [5] NCCL INFO Trees [0] 4/-1/-1->5->6|6->5->4/-1/-1 [1] 4/-1/-1->5->6|6->5->4/-1/-1 [2] 4/-1/-1->5->6|6->5->4/-1/-1 [3] 4/-1/-1->5->6|6->5->4/-1/-1 [4] 4/-1/-1->5->6|6->5->4/-1/-1 [5] 4/-1/-1->5->6|6->5->4/-1/-1 [6] 4/-1/-1->5->6|6->5->4/-1/-1 [7] 4/-1/-1->5->6|6->5->4/-1/-1 [8] 4/-1/-1->5->6|6->5->4/-1/-1 [9] 4/-1/-1->5->6|6->5->4/-1/-1 [10] 4/-1/-1->5->6|6->5->4/-1/-1 [11] 4/-1/-1->5->6|6->5->4/-1/-1 [12] 4/-1/-1->5->6|6->5->4/-1/-1 [13] 4/-1/-1->5->6|6->5->4/-1/-1 [14] 4/-1/-1->5->6|6->5->4/-1/-1 [15] 4/-1/-1->5->6|6->5->4/-1/-1 [16] 4/-1/-1->5->6|6->5->4/-1/-1 [17] 4/-1/-1->5->6|6->5->4/-1/-1 [18] 4/-1/-1->5->6|6->5->4/-1/-1 [19] 4/-1/-1->5->6|6->5->4/-1/-1 [20] 4/-1/-1->5->6|6->5->4/-1/-1 [21] 4/-1/-1->5->6|6->5->4/-1/-1 [22] 4/-1/-1->5->6|6->5->4/-1/-1 [23] 4/-1/-1->5->6|6->5->4/-1/-1
2cd248fc6447439fbcdb1d8347c8c7ed-master-0:41018:41124 [0] NCCL INFO Channel 02/24 :    0   7   6   5   4   3   2   1
2cd248fc6447439fbcdb1d8347c8c7ed-master-0:41019:41126 [1] NCCL INFO Setting affinity for GPU 6 to ffff,0000ffff
2cd248fc6447439fbcdb1d8347c8c7ed-master-0:41020:41130 [2] NCCL INFO Setting affinity for GPU 5 to ffff,0000ffff
2cd248fc6447439fbcdb1d8347c8c7ed-master-0:41021:41129 [3] NCCL INFO Setting affinity for GPU 4 to ffff,0000ffff
2cd248fc6447439fbcdb1d8347c8c7ed-master-0:41022:41128 [4] NCCL INFO Setting affinity for GPU 3 to ffff,0000ffff
2cd248fc6447439fbcdb1d8347c8c7ed-master-0:41023:41125 [5] NCCL INFO Setting affinity for GPU 2 to ffff,0000ffff
2cd248fc6447439fbcdb1d8347c8c7ed-master-0:41018:41124 [0] NCCL INFO Channel 03/24 :    0   7   6   5   4   3   2   1
2cd248fc6447439fbcdb1d8347c8c7ed-master-0:41018:41124 [0] NCCL INFO Channel 04/24 :    0   7   6   5   4   3   2   1
2cd248fc6447439fbcdb1d8347c8c7ed-master-0:41018:41124 [0] NCCL INFO Channel 05/24 :    0   7   6   5   4   3   2   1
2cd248fc6447439fbcdb1d8347c8c7ed-master-0:41018:41124 [0] NCCL INFO Channel 06/24 :    0   7   6   5   4   3   2   1
2cd248fc6447439fbcdb1d8347c8c7ed-master-0:41018:41124 [0] NCCL INFO Channel 07/24 :    0   7   6   5   4   3   2   1
2cd248fc6447439fbcdb1d8347c8c7ed-master-0:41018:41124 [0] NCCL INFO Channel 08/24 :    0   7   6   5   4   3   2   1
2cd248fc6447439fbcdb1d8347c8c7ed-master-0:41018:41124 [0] NCCL INFO Channel 09/24 :    0   7   6   5   4   3   2   1
2cd248fc6447439fbcdb1d8347c8c7ed-master-0:41018:41124 [0] NCCL INFO Channel 10/24 :    0   7   6   5   4   3   2   1
2cd248fc6447439fbcdb1d8347c8c7ed-master-0:41018:41124 [0] NCCL INFO Channel 11/24 :    0   7   6   5   4   3   2   1
2cd248fc6447439fbcdb1d8347c8c7ed-master-0:41018:41124 [0] NCCL INFO Channel 12/24 :    0   7   6   5   4   3   2   1
2cd248fc6447439fbcdb1d8347c8c7ed-master-0:41018:41124 [0] NCCL INFO Channel 13/24 :    0   7   6   5   4   3   2   1
2cd248fc6447439fbcdb1d8347c8c7ed-master-0:41018:41124 [0] NCCL INFO Channel 14/24 :    0   7   6   5   4   3   2   1
2cd248fc6447439fbcdb1d8347c8c7ed-master-0:41018:41124 [0] NCCL INFO Channel 15/24 :    0   7   6   5   4   3   2   1
2cd248fc6447439fbcdb1d8347c8c7ed-master-0:41018:41124 [0] NCCL INFO Channel 16/24 :    0   7   6   5   4   3   2   1
2cd248fc6447439fbcdb1d8347c8c7ed-master-0:41018:41124 [0] NCCL INFO Channel 17/24 :    0   7   6   5   4   3   2   1
2cd248fc6447439fbcdb1d8347c8c7ed-master-0:41018:41124 [0] NCCL INFO Channel 18/24 :    0   7   6   5   4   3   2   1
2cd248fc6447439fbcdb1d8347c8c7ed-master-0:41018:41124 [0] NCCL INFO Channel 19/24 :    0   7   6   5   4   3   2   1
2cd248fc6447439fbcdb1d8347c8c7ed-master-0:41018:41124 [0] NCCL INFO Channel 20/24 :    0   7   6   5   4   3   2   1
2cd248fc6447439fbcdb1d8347c8c7ed-master-0:41018:41124 [0] NCCL INFO Channel 21/24 :    0   7   6   5   4   3   2   1
2cd248fc6447439fbcdb1d8347c8c7ed-master-0:41018:41124 [0] NCCL INFO Channel 22/24 :    0   7   6   5   4   3   2   1
2cd248fc6447439fbcdb1d8347c8c7ed-master-0:41018:41124 [0] NCCL INFO Channel 23/24 :    0   7   6   5   4   3   2   1
2cd248fc6447439fbcdb1d8347c8c7ed-master-0:41018:41124 [0] NCCL INFO threadThresholds 8/8/64 | 64/8/64 | 8/8/64
2cd248fc6447439fbcdb1d8347c8c7ed-master-0:41018:41124 [0] NCCL INFO Trees [0] -1/-1/-1->0->1|1->0->-1/-1/-1 [1] -1/-1/-1->0->1|1->0->-1/-1/-1 [2] -1/-1/-1->0->1|1->0->-1/-1/-1 [3] -1/-1/-1->0->1|1->0->-1/-1/-1 [4] -1/-1/-1->0->1|1->0->-1/-1/-1 [5] -1/-1/-1->0->1|1->0->-1/-1/-1 [6] -1/-1/-1->0->1|1->0->-1/-1/-1 [7] -1/-1/-1->0->1|1->0->-1/-1/-1 [8] -1/-1/-1->0->1|1->0->-1/-1/-1 [9] -1/-1/-1->0->1|1->0->-1/-1/-1 [10] -1/-1/-1->0->1|1->0->-1/-1/-1 [11] -1/-1/-1->0->1|1->0->-1/-1/-1 [12] -1/-1/-1->0->1|1->0->-1/-1/-1 [13] -1/-1/-1->0->1|1->0->-1/-1/-1 [14] -1/-1/-1->0->1|1->0->-1/-1/-1 [15] -1/-1/-1->0->1|1->0->-1/-1/-1 [16] -1/-1/-1->0->1|1->0->-1/-1/-1 [17] -1/-1/-1->0->1|1->0->-1/-1/-1 [18] -1/-1/-1->0->1|1->0->-1/-1/-1 [19] -1/-1/-1->0->1|1->0->-1/-1/-1 [20] -1/-1/-1->0->1|1->0->-1/-1/-1 [21] -1/-1/-1->0->1|1->0->-1/-1/-1 [22] -1/-1/-1->0->1|1->0->-1/-1/-1 [23] -1/-1/-1->0->1|1->0->-1/-1/-1
2cd248fc6447439fbcdb1d8347c8c7ed-master-0:41018:41124 [0] NCCL INFO Setting affinity for GPU 7 to ffff,0000ffff
2cd248fc6447439fbcdb1d8347c8c7ed-master-0:41023:41125 [5] NCCL INFO Channel 00 : 5[300000] -> 4[400000] via P2P/IPC/read
2cd248fc6447439fbcdb1d8347c8c7ed-master-0:41025:41127 [7] NCCL INFO Channel 00 : 7[100000] -> 6[200000] via P2P/IPC/read
2cd248fc6447439fbcdb1d8347c8c7ed-master-0:41019:41126 [1] NCCL INFO Channel 00 : 1[d00000] -> 0[e00000] via P2P/IPC/read
2cd248fc6447439fbcdb1d8347c8c7ed-master-0:41021:41129 [3] NCCL INFO Channel 00 : 3[b00000] -> 2[c00000] via P2P/IPC/read
2cd248fc6447439fbcdb1d8347c8c7ed-master-0:41024:41131 [6] NCCL INFO Channel 00 : 6[200000] -> 5[300000] via P2P/IPC/read
2cd248fc6447439fbcdb1d8347c8c7ed-master-0:41018:41124 [0] NCCL INFO Channel 00 : 0[e00000] -> 7[100000] via P2P/IPC/read
2cd248fc6447439fbcdb1d8347c8c7ed-master-0:41022:41128 [4] NCCL INFO Channel 00 : 4[400000] -> 3[b00000] via P2P/IPC/read
2cd248fc6447439fbcdb1d8347c8c7ed-master-0:41020:41130 [2] NCCL INFO Channel 00 : 2[c00000] -> 1[d00000] via P2P/IPC/read
2cd248fc6447439fbcdb1d8347c8c7ed-master-0:41018:41124 [0] NCCL INFO Channel 00 : 0[e00000] -> 1[d00000] via P2P/IPC/read
2cd248fc6447439fbcdb1d8347c8c7ed-master-0:41023:41125 [5] NCCL INFO Channel 00 : 5[300000] -> 6[200000] via P2P/IPC/read
2cd248fc6447439fbcdb1d8347c8c7ed-master-0:41019:41126 [1] NCCL INFO Channel 00 : 1[d00000] -> 2[c00000] via P2P/IPC/read
2cd248fc6447439fbcdb1d8347c8c7ed-master-0:41021:41129 [3] NCCL INFO Channel 00 : 3[b00000] -> 4[400000] via P2P/IPC/read
2cd248fc6447439fbcdb1d8347c8c7ed-master-0:41024:41131 [6] NCCL INFO Channel 00 : 6[200000] -> 7[100000] via P2P/IPC/read
2cd248fc6447439fbcdb1d8347c8c7ed-master-0:41022:41128 [4] NCCL INFO Channel 00 : 4[400000] -> 5[300000] via P2P/IPC/read
2cd248fc6447439fbcdb1d8347c8c7ed-master-0:41020:41130 [2] NCCL INFO Channel 00 : 2[c00000] -> 3[b00000] via P2P/IPC/read
2cd248fc6447439fbcdb1d8347c8c7ed-master-0:41018:41124 [0] NCCL INFO Channel 01 : 0[e00000] -> 7[100000] via P2P/IPC/read
2cd248fc6447439fbcdb1d8347c8c7ed-master-0:41025:41127 [7] NCCL INFO Channel 01 : 7[100000] -> 6[200000] via P2P/IPC/read
2cd248fc6447439fbcdb1d8347c8c7ed-master-0:41023:41125 [5] NCCL INFO Channel 01 : 5[300000] -> 4[400000] via P2P/IPC/read
2cd248fc6447439fbcdb1d8347c8c7ed-master-0:41019:41126 [1] NCCL INFO Channel 01 : 1[d00000] -> 0[e00000] via P2P/IPC/read
2cd248fc6447439fbcdb1d8347c8c7ed-master-0:41021:41129 [3] NCCL INFO Channel 01 : 3[b00000] -> 2[c00000] via P2P/IPC/read
2cd248fc6447439fbcdb1d8347c8c7ed-master-0:41022:41128 [4] NCCL INFO Channel 01 : 4[400000] -> 3[b00000] via P2P/IPC/read
2cd248fc6447439fbcdb1d8347c8c7ed-master-0:41024:41131 [6] NCCL INFO Channel 01 : 6[200000] -> 5[300000] via P2P/IPC/read
2cd248fc6447439fbcdb1d8347c8c7ed-master-0:41020:41130 [2] NCCL INFO Channel 01 : 2[c00000] -> 1[d00000] via P2P/IPC/read
2cd248fc6447439fbcdb1d8347c8c7ed-master-0:41018:41124 [0] NCCL INFO Channel 01 : 0[e00000] -> 1[d00000] via P2P/IPC/read
2cd248fc6447439fbcdb1d8347c8c7ed-master-0:41023:41125 [5] NCCL INFO Channel 01 : 5[300000] -> 6[200000] via P2P/IPC/read
2cd248fc6447439fbcdb1d8347c8c7ed-master-0:41019:41126 [1] NCCL INFO Channel 01 : 1[d00000] -> 2[c00000] via P2P/IPC/read
2cd248fc6447439fbcdb1d8347c8c7ed-master-0:41021:41129 [3] NCCL INFO Channel 01 : 3[b00000] -> 4[400000] via P2P/IPC/read
2cd248fc6447439fbcdb1d8347c8c7ed-master-0:41022:41128 [4] NCCL INFO Channel 01 : 4[400000] -> 5[300000] via P2P/IPC/read
2cd248fc6447439fbcdb1d8347c8c7ed-master-0:41024:41131 [6] NCCL INFO Channel 01 : 6[200000] -> 7[100000] via P2P/IPC/read
2cd248fc6447439fbcdb1d8347c8c7ed-master-0:41020:41130 [2] NCCL INFO Channel 01 : 2[c00000] -> 3[b00000] via P2P/IPC/read
2cd248fc6447439fbcdb1d8347c8c7ed-master-0:41018:41124 [0] NCCL INFO Channel 02 : 0[e00000] -> 7[100000] via P2P/IPC/read
2cd248fc6447439fbcdb1d8347c8c7ed-master-0:41025:41127 [7] NCCL INFO Channel 02 : 7[100000] -> 6[200000] via P2P/IPC/read
2cd248fc6447439fbcdb1d8347c8c7ed-master-0:41023:41125 [5] NCCL INFO Channel 02 : 5[300000] -> 4[400000] via P2P/IPC/read
2cd248fc6447439fbcdb1d8347c8c7ed-master-0:41019:41126 [1] NCCL INFO Channel 02 : 1[d00000] -> 0[e00000] via P2P/IPC/read
2cd248fc6447439fbcdb1d8347c8c7ed-master-0:41021:41129 [3] NCCL INFO Channel 02 : 3[b00000] -> 2[c00000] via P2P/IPC/read
2cd248fc6447439fbcdb1d8347c8c7ed-master-0:41024:41131 [6] NCCL INFO Channel 02 : 6[200000] -> 5[300000] via P2P/IPC/read
2cd248fc6447439fbcdb1d8347c8c7ed-master-0:41022:41128 [4] NCCL INFO Channel 02 : 4[400000] -> 3[b00000] via P2P/IPC/read
2cd248fc6447439fbcdb1d8347c8c7ed-master-0:41020:41130 [2] NCCL INFO Channel 02 : 2[c00000] -> 1[d00000] via P2P/IPC/read
2cd248fc6447439fbcdb1d8347c8c7ed-master-0:41018:41124 [0] NCCL INFO Channel 02 : 0[e00000] -> 1[d00000] via P2P/IPC/read
2cd248fc6447439fbcdb1d8347c8c7ed-master-0:41023:41125 [5] NCCL INFO Channel 02 : 5[300000] -> 6[200000] via P2P/IPC/read
2cd248fc6447439fbcdb1d8347c8c7ed-master-0:41019:41126 [1] NCCL INFO Channel 02 : 1[d00000] -> 2[c00000] via P2P/IPC/read
2cd248fc6447439fbcdb1d8347c8c7ed-master-0:41024:41131 [6] NCCL INFO Channel 02 : 6[200000] -> 7[100000] via P2P/IPC/read
2cd248fc6447439fbcdb1d8347c8c7ed-master-0:41022:41128 [4] NCCL INFO Channel 02 : 4[400000] -> 5[300000] via P2P/IPC/read
2cd248fc6447439fbcdb1d8347c8c7ed-master-0:41020:41130 [2] NCCL INFO Channel 02 : 2[c00000] -> 3[b00000] via P2P/IPC/read
2cd248fc6447439fbcdb1d8347c8c7ed-master-0:41021:41129 [3] NCCL INFO Channel 02 : 3[b00000] -> 4[400000] via P2P/IPC/read
2cd248fc6447439fbcdb1d8347c8c7ed-master-0:41018:41124 [0] NCCL INFO Channel 03 : 0[e00000] -> 7[100000] via P2P/IPC/read
2cd248fc6447439fbcdb1d8347c8c7ed-master-0:41025:41127 [7] NCCL INFO Channel 03 : 7[100000] -> 6[200000] via P2P/IPC/read
2cd248fc6447439fbcdb1d8347c8c7ed-master-0:41023:41125 [5] NCCL INFO Channel 03 : 5[300000] -> 4[400000] via P2P/IPC/read
2cd248fc6447439fbcdb1d8347c8c7ed-master-0:41019:41126 [1] NCCL INFO Channel 03 : 1[d00000] -> 0[e00000] via P2P/IPC/read
2cd248fc6447439fbcdb1d8347c8c7ed-master-0:41024:41131 [6] NCCL INFO Channel 03 : 6[200000] -> 5[300000] via P2P/IPC/read
2cd248fc6447439fbcdb1d8347c8c7ed-master-0:41022:41128 [4] NCCL INFO Channel 03 : 4[400000] -> 3[b00000] via P2P/IPC/read
2cd248fc6447439fbcdb1d8347c8c7ed-master-0:41020:41130 [2] NCCL INFO Channel 03 : 2[c00000] -> 1[d00000] via P2P/IPC/read
2cd248fc6447439fbcdb1d8347c8c7ed-master-0:41021:41129 [3] NCCL INFO Channel 03 : 3[b00000] -> 2[c00000] via P2P/IPC/read
2cd248fc6447439fbcdb1d8347c8c7ed-master-0:41018:41124 [0] NCCL INFO Channel 03 : 0[e00000] -> 1[d00000] via P2P/IPC/read
2cd248fc6447439fbcdb1d8347c8c7ed-master-0:41023:41125 [5] NCCL INFO Channel 03 : 5[300000] -> 6[200000] via P2P/IPC/read
2cd248fc6447439fbcdb1d8347c8c7ed-master-0:41019:41126 [1] NCCL INFO Channel 03 : 1[d00000] -> 2[c00000] via P2P/IPC/read
2cd248fc6447439fbcdb1d8347c8c7ed-master-0:41024:41131 [6] NCCL INFO Channel 03 : 6[200000] -> 7[100000] via P2P/IPC/read
2cd248fc6447439fbcdb1d8347c8c7ed-master-0:41022:41128 [4] NCCL INFO Channel 03 : 4[400000] -> 5[300000] via P2P/IPC/read
2cd248fc6447439fbcdb1d8347c8c7ed-master-0:41020:41130 [2] NCCL INFO Channel 03 : 2[c00000] -> 3[b00000] via P2P/IPC/read
2cd248fc6447439fbcdb1d8347c8c7ed-master-0:41021:41129 [3] NCCL INFO Channel 03 : 3[b00000] -> 4[400000] via P2P/IPC/read
2cd248fc6447439fbcdb1d8347c8c7ed-master-0:41018:41124 [0] NCCL INFO Channel 04 : 0[e00000] -> 7[100000] via P2P/IPC/read
2cd248fc6447439fbcdb1d8347c8c7ed-master-0:41025:41127 [7] NCCL INFO Channel 04 : 7[100000] -> 6[200000] via P2P/IPC/read
2cd248fc6447439fbcdb1d8347c8c7ed-master-0:41023:41125 [5] NCCL INFO Channel 04 : 5[300000] -> 4[400000] via P2P/IPC/read
2cd248fc6447439fbcdb1d8347c8c7ed-master-0:41019:41126 [1] NCCL INFO Channel 04 : 1[d00000] -> 0[e00000] via P2P/IPC/read
2cd248fc6447439fbcdb1d8347c8c7ed-master-0:41024:41131 [6] NCCL INFO Channel 04 : 6[200000] -> 5[300000] via P2P/IPC/read
2cd248fc6447439fbcdb1d8347c8c7ed-master-0:41022:41128 [4] NCCL INFO Channel 04 : 4[400000] -> 3[b00000] via P2P/IPC/read
2cd248fc6447439fbcdb1d8347c8c7ed-master-0:41020:41130 [2] NCCL INFO Channel 04 : 2[c00000] -> 1[d00000] via P2P/IPC/read
2cd248fc6447439fbcdb1d8347c8c7ed-master-0:41021:41129 [3] NCCL INFO Channel 04 : 3[b00000] -> 2[c00000] via P2P/IPC/read
2cd248fc6447439fbcdb1d8347c8c7ed-master-0:41018:41124 [0] NCCL INFO Channel 04 : 0[e00000] -> 1[d00000] via P2P/IPC/read
2cd248fc6447439fbcdb1d8347c8c7ed-master-0:41023:41125 [5] NCCL INFO Channel 04 : 5[300000] -> 6[200000] via P2P/IPC/read
2cd248fc6447439fbcdb1d8347c8c7ed-master-0:41019:41126 [1] NCCL INFO Channel 04 : 1[d00000] -> 2[c00000] via P2P/IPC/read
2cd248fc6447439fbcdb1d8347c8c7ed-master-0:41024:41131 [6] NCCL INFO Channel 04 : 6[200000] -> 7[100000] via P2P/IPC/read
2cd248fc6447439fbcdb1d8347c8c7ed-master-0:41020:41130 [2] NCCL INFO Channel 04 : 2[c00000] -> 3[b00000] via P2P/IPC/read
2cd248fc6447439fbcdb1d8347c8c7ed-master-0:41021:41129 [3] NCCL INFO Channel 04 : 3[b00000] -> 4[400000] via P2P/IPC/read
2cd248fc6447439fbcdb1d8347c8c7ed-master-0:41022:41128 [4] NCCL INFO Channel 04 : 4[400000] -> 5[300000] via P2P/IPC/read
2cd248fc6447439fbcdb1d8347c8c7ed-master-0:41018:41124 [0] NCCL INFO Channel 05 : 0[e00000] -> 7[100000] via P2P/IPC/read
2cd248fc6447439fbcdb1d8347c8c7ed-master-0:41025:41127 [7] NCCL INFO Channel 05 : 7[100000] -> 6[200000] via P2P/IPC/read
2cd248fc6447439fbcdb1d8347c8c7ed-master-0:41023:41125 [5] NCCL INFO Channel 05 : 5[300000] -> 4[400000] via P2P/IPC/read
2cd248fc6447439fbcdb1d8347c8c7ed-master-0:41019:41126 [1] NCCL INFO Channel 05 : 1[d00000] -> 0[e00000] via P2P/IPC/read
2cd248fc6447439fbcdb1d8347c8c7ed-master-0:41024:41131 [6] NCCL INFO Channel 05 : 6[200000] -> 5[300000] via P2P/IPC/read
2cd248fc6447439fbcdb1d8347c8c7ed-master-0:41021:41129 [3] NCCL INFO Channel 05 : 3[b00000] -> 2[c00000] via P2P/IPC/read
2cd248fc6447439fbcdb1d8347c8c7ed-master-0:41022:41128 [4] NCCL INFO Channel 05 : 4[400000] -> 3[b00000] via P2P/IPC/read
2cd248fc6447439fbcdb1d8347c8c7ed-master-0:41020:41130 [2] NCCL INFO Channel 05 : 2[c00000] -> 1[d00000] via P2P/IPC/read
2cd248fc6447439fbcdb1d8347c8c7ed-master-0:41018:41124 [0] NCCL INFO Channel 05 : 0[e00000] -> 1[d00000] via P2P/IPC/read
2cd248fc6447439fbcdb1d8347c8c7ed-master-0:41023:41125 [5] NCCL INFO Channel 05 : 5[300000] -> 6[200000] via P2P/IPC/read
2cd248fc6447439fbcdb1d8347c8c7ed-master-0:41019:41126 [1] NCCL INFO Channel 05 : 1[d00000] -> 2[c00000] via P2P/IPC/read
2cd248fc6447439fbcdb1d8347c8c7ed-master-0:41024:41131 [6] NCCL INFO Channel 05 : 6[200000] -> 7[100000] via P2P/IPC/read
2cd248fc6447439fbcdb1d8347c8c7ed-master-0:41021:41129 [3] NCCL INFO Channel 05 : 3[b00000] -> 4[400000] via P2P/IPC/read
2cd248fc6447439fbcdb1d8347c8c7ed-master-0:41022:41128 [4] NCCL INFO Channel 05 : 4[400000] -> 5[300000] via P2P/IPC/read
2cd248fc6447439fbcdb1d8347c8c7ed-master-0:41020:41130 [2] NCCL INFO Channel 05 : 2[c00000] -> 3[b00000] via P2P/IPC/read
2cd248fc6447439fbcdb1d8347c8c7ed-master-0:41018:41124 [0] NCCL INFO Channel 06 : 0[e00000] -> 7[100000] via P2P/IPC/read
2cd248fc6447439fbcdb1d8347c8c7ed-master-0:41025:41127 [7] NCCL INFO Channel 06 : 7[100000] -> 6[200000] via P2P/IPC/read
2cd248fc6447439fbcdb1d8347c8c7ed-master-0:41023:41125 [5] NCCL INFO Channel 06 : 5[300000] -> 4[400000] via P2P/IPC/read
2cd248fc6447439fbcdb1d8347c8c7ed-master-0:41019:41126 [1] NCCL INFO Channel 06 : 1[d00000] -> 0[e00000] via P2P/IPC/read
2cd248fc6447439fbcdb1d8347c8c7ed-master-0:41024:41131 [6] NCCL INFO Channel 06 : 6[200000] -> 5[300000] via P2P/IPC/read
2cd248fc6447439fbcdb1d8347c8c7ed-master-0:41021:41129 [3] NCCL INFO Channel 06 : 3[b00000] -> 2[c00000] via P2P/IPC/read
2cd248fc6447439fbcdb1d8347c8c7ed-master-0:41022:41128 [4] NCCL INFO Channel 06 : 4[400000] -> 3[b00000] via P2P/IPC/read
2cd248fc6447439fbcdb1d8347c8c7ed-master-0:41020:41130 [2] NCCL INFO Channel 06 : 2[c00000] -> 1[d00000] via P2P/IPC/read
2cd248fc6447439fbcdb1d8347c8c7ed-master-0:41018:41124 [0] NCCL INFO Channel 06 : 0[e00000] -> 1[d00000] via P2P/IPC/read
2cd248fc6447439fbcdb1d8347c8c7ed-master-0:41023:41125 [5] NCCL INFO Channel 06 : 5[300000] -> 6[200000] via P2P/IPC/read
2cd248fc6447439fbcdb1d8347c8c7ed-master-0:41024:41131 [6] NCCL INFO Channel 06 : 6[200000] -> 7[100000] via P2P/IPC/read
2cd248fc6447439fbcdb1d8347c8c7ed-master-0:41019:41126 [1] NCCL INFO Channel 06 : 1[d00000] -> 2[c00000] via P2P/IPC/read
2cd248fc6447439fbcdb1d8347c8c7ed-master-0:41021:41129 [3] NCCL INFO Channel 06 : 3[b00000] -> 4[400000] via P2P/IPC/read
2cd248fc6447439fbcdb1d8347c8c7ed-master-0:41022:41128 [4] NCCL INFO Channel 06 : 4[400000] -> 5[300000] via P2P/IPC/read
2cd248fc6447439fbcdb1d8347c8c7ed-master-0:41020:41130 [2] NCCL INFO Channel 06 : 2[c00000] -> 3[b00000] via P2P/IPC/read
2cd248fc6447439fbcdb1d8347c8c7ed-master-0:41018:41124 [0] NCCL INFO Channel 07 : 0[e00000] -> 7[100000] via P2P/IPC/read
2cd248fc6447439fbcdb1d8347c8c7ed-master-0:41025:41127 [7] NCCL INFO Channel 07 : 7[100000] -> 6[200000] via P2P/IPC/read
2cd248fc6447439fbcdb1d8347c8c7ed-master-0:41023:41125 [5] NCCL INFO Channel 07 : 5[300000] -> 4[400000] via P2P/IPC/read
2cd248fc6447439fbcdb1d8347c8c7ed-master-0:41024:41131 [6] NCCL INFO Channel 07 : 6[200000] -> 5[300000] via P2P/IPC/read
2cd248fc6447439fbcdb1d8347c8c7ed-master-0:41019:41126 [1] NCCL INFO Channel 07 : 1[d00000] -> 0[e00000] via P2P/IPC/read
2cd248fc6447439fbcdb1d8347c8c7ed-master-0:41021:41129 [3] NCCL INFO Channel 07 : 3[b00000] -> 2[c00000] via P2P/IPC/read
2cd248fc6447439fbcdb1d8347c8c7ed-master-0:41022:41128 [4] NCCL INFO Channel 07 : 4[400000] -> 3[b00000] via P2P/IPC/read
2cd248fc6447439fbcdb1d8347c8c7ed-master-0:41020:41130 [2] NCCL INFO Channel 07 : 2[c00000] -> 1[d00000] via P2P/IPC/read
2cd248fc6447439fbcdb1d8347c8c7ed-master-0:41018:41124 [0] NCCL INFO Channel 07 : 0[e00000] -> 1[d00000] via P2P/IPC/read
2cd248fc6447439fbcdb1d8347c8c7ed-master-0:41023:41125 [5] NCCL INFO Channel 07 : 5[300000] -> 6[200000] via P2P/IPC/read
2cd248fc6447439fbcdb1d8347c8c7ed-master-0:41024:41131 [6] NCCL INFO Channel 07 : 6[200000] -> 7[100000] via P2P/IPC/read
2cd248fc6447439fbcdb1d8347c8c7ed-master-0:41019:41126 [1] NCCL INFO Channel 07 : 1[d00000] -> 2[c00000] via P2P/IPC/read
2cd248fc6447439fbcdb1d8347c8c7ed-master-0:41021:41129 [3] NCCL INFO Channel 07 : 3[b00000] -> 4[400000] via P2P/IPC/read
2cd248fc6447439fbcdb1d8347c8c7ed-master-0:41022:41128 [4] NCCL INFO Channel 07 : 4[400000] -> 5[300000] via P2P/IPC/read
2cd248fc6447439fbcdb1d8347c8c7ed-master-0:41020:41130 [2] NCCL INFO Channel 07 : 2[c00000] -> 3[b00000] via P2P/IPC/read
2cd248fc6447439fbcdb1d8347c8c7ed-master-0:41018:41124 [0] NCCL INFO Channel 08 : 0[e00000] -> 7[100000] via P2P/IPC/read
2cd248fc6447439fbcdb1d8347c8c7ed-master-0:41025:41127 [7] NCCL INFO Channel 08 : 7[100000] -> 6[200000] via P2P/IPC/read
2cd248fc6447439fbcdb1d8347c8c7ed-master-0:41023:41125 [5] NCCL INFO Channel 08 : 5[300000] -> 4[400000] via P2P/IPC/read
2cd248fc6447439fbcdb1d8347c8c7ed-master-0:41024:41131 [6] NCCL INFO Channel 08 : 6[200000] -> 5[300000] via P2P/IPC/read
2cd248fc6447439fbcdb1d8347c8c7ed-master-0:41019:41126 [1] NCCL INFO Channel 08 : 1[d00000] -> 0[e00000] via P2P/IPC/read
2cd248fc6447439fbcdb1d8347c8c7ed-master-0:41021:41129 [3] NCCL INFO Channel 08 : 3[b00000] -> 2[c00000] via P2P/IPC/read
2cd248fc6447439fbcdb1d8347c8c7ed-master-0:41022:41128 [4] NCCL INFO Channel 08 : 4[400000] -> 3[b00000] via P2P/IPC/read
2cd248fc6447439fbcdb1d8347c8c7ed-master-0:41020:41130 [2] NCCL INFO Channel 08 : 2[c00000] -> 1[d00000] via P2P/IPC/read
