nohup: ignoring input
*****************************************
Setting OMP_NUM_THREADS environment variable for each process to be 1 in default, to avoid your system being overloaded, please further tune the variable for optimal performance in your application as needed. 
*****************************************
2022-07-29 03:20:22.896596: I tensorflow/stream_executor/platform/default/dso_loader.cc:49] Successfully opened dynamic library libcudart.so.11.0
2022-07-29 03:20:22.984139: I tensorflow/stream_executor/platform/default/dso_loader.cc:49] Successfully opened dynamic library libcudart.so.11.0
2022-07-29 03:20:23.033524: I tensorflow/stream_executor/platform/default/dso_loader.cc:49] Successfully opened dynamic library libcudart.so.11.0
2022-07-29 03:20:23.162041: I tensorflow/stream_executor/platform/default/dso_loader.cc:49] Successfully opened dynamic library libcudart.so.11.0
2022-07-29 03:20:23.226631: I tensorflow/stream_executor/platform/default/dso_loader.cc:49] Successfully opened dynamic library libcudart.so.11.0
2022-07-29 03:20:23.228139: I tensorflow/stream_executor/platform/default/dso_loader.cc:49] Successfully opened dynamic library libcudart.so.11.0
2022-07-29 03:20:23.234038: I tensorflow/stream_executor/platform/default/dso_loader.cc:49] Successfully opened dynamic library libcudart.so.11.0
2022-07-29 03:20:23.256581: I tensorflow/stream_executor/platform/default/dso_loader.cc:49] Successfully opened dynamic library libcudart.so.11.0
116c5efe4c4f4ea58146ac762111be98-master-0:22868:22868 [0] NCCL INFO Bootstrap : Using [0]eth0:10.46.164.118<0>
116c5efe4c4f4ea58146ac762111be98-master-0:22868:22868 [0] NCCL INFO NET/Plugin: Failed to find ncclNetPlugin_v3 symbol.
116c5efe4c4f4ea58146ac762111be98-master-0:22868:22868 [0] NCCL INFO NET/IB : No device found.
116c5efe4c4f4ea58146ac762111be98-master-0:22868:22868 [0] NCCL INFO NET/Socket : Using [0]eth0:10.46.164.118<0>
116c5efe4c4f4ea58146ac762111be98-master-0:22868:22868 [0] NCCL INFO Using network Socket
NCCL version 2.7.8+cuda11.0
116c5efe4c4f4ea58146ac762111be98-master-0:22871:22871 [3] NCCL INFO Bootstrap : Using [0]eth0:10.46.164.118<0>
116c5efe4c4f4ea58146ac762111be98-master-0:22874:22874 [6] NCCL INFO Bootstrap : Using [0]eth0:10.46.164.118<0>
116c5efe4c4f4ea58146ac762111be98-master-0:22870:22870 [2] NCCL INFO Bootstrap : Using [0]eth0:10.46.164.118<0>
116c5efe4c4f4ea58146ac762111be98-master-0:22875:22875 [7] NCCL INFO Bootstrap : Using [0]eth0:10.46.164.118<0>
116c5efe4c4f4ea58146ac762111be98-master-0:22873:22873 [5] NCCL INFO Bootstrap : Using [0]eth0:10.46.164.118<0>
116c5efe4c4f4ea58146ac762111be98-master-0:22872:22872 [4] NCCL INFO Bootstrap : Using [0]eth0:10.46.164.118<0>
116c5efe4c4f4ea58146ac762111be98-master-0:22869:22869 [1] NCCL INFO Bootstrap : Using [0]eth0:10.46.164.118<0>
116c5efe4c4f4ea58146ac762111be98-master-0:22874:22874 [6] NCCL INFO NET/Plugin: Failed to find ncclNetPlugin_v3 symbol.
116c5efe4c4f4ea58146ac762111be98-master-0:22871:22871 [3] NCCL INFO NET/Plugin: Failed to find ncclNetPlugin_v3 symbol.
116c5efe4c4f4ea58146ac762111be98-master-0:22872:22872 [4] NCCL INFO NET/Plugin: Failed to find ncclNetPlugin_v3 symbol.
116c5efe4c4f4ea58146ac762111be98-master-0:22873:22873 [5] NCCL INFO NET/Plugin: Failed to find ncclNetPlugin_v3 symbol.
116c5efe4c4f4ea58146ac762111be98-master-0:22875:22875 [7] NCCL INFO NET/Plugin: Failed to find ncclNetPlugin_v3 symbol.
116c5efe4c4f4ea58146ac762111be98-master-0:22870:22870 [2] NCCL INFO NET/Plugin: Failed to find ncclNetPlugin_v3 symbol.
116c5efe4c4f4ea58146ac762111be98-master-0:22869:22869 [1] NCCL INFO NET/Plugin: Failed to find ncclNetPlugin_v3 symbol.
116c5efe4c4f4ea58146ac762111be98-master-0:22871:22871 [3] NCCL INFO NET/IB : No device found.
116c5efe4c4f4ea58146ac762111be98-master-0:22874:22874 [6] NCCL INFO NET/IB : No device found.
116c5efe4c4f4ea58146ac762111be98-master-0:22872:22872 [4] NCCL INFO NET/IB : No device found.
116c5efe4c4f4ea58146ac762111be98-master-0:22871:22871 [3] NCCL INFO NET/Socket : Using [0]eth0:10.46.164.118<0>
116c5efe4c4f4ea58146ac762111be98-master-0:22872:22872 [4] NCCL INFO NET/Socket : Using [0]eth0:10.46.164.118<0>
116c5efe4c4f4ea58146ac762111be98-master-0:22874:22874 [6] NCCL INFO NET/Socket : Using [0]eth0:10.46.164.118<0>
116c5efe4c4f4ea58146ac762111be98-master-0:22871:22871 [3] NCCL INFO Using network Socket
116c5efe4c4f4ea58146ac762111be98-master-0:22872:22872 [4] NCCL INFO Using network Socket
116c5efe4c4f4ea58146ac762111be98-master-0:22874:22874 [6] NCCL INFO Using network Socket
116c5efe4c4f4ea58146ac762111be98-master-0:22875:22875 [7] NCCL INFO NET/IB : No device found.
116c5efe4c4f4ea58146ac762111be98-master-0:22873:22873 [5] NCCL INFO NET/IB : No device found.
116c5efe4c4f4ea58146ac762111be98-master-0:22875:22875 [7] NCCL INFO NET/Socket : Using [0]eth0:10.46.164.118<0>
116c5efe4c4f4ea58146ac762111be98-master-0:22873:22873 [5] NCCL INFO NET/Socket : Using [0]eth0:10.46.164.118<0>
116c5efe4c4f4ea58146ac762111be98-master-0:22875:22875 [7] NCCL INFO Using network Socket
116c5efe4c4f4ea58146ac762111be98-master-0:22869:22869 [1] NCCL INFO NET/IB : No device found.
116c5efe4c4f4ea58146ac762111be98-master-0:22870:22870 [2] NCCL INFO NET/IB : No device found.
116c5efe4c4f4ea58146ac762111be98-master-0:22873:22873 [5] NCCL INFO Using network Socket
116c5efe4c4f4ea58146ac762111be98-master-0:22869:22869 [1] NCCL INFO NET/Socket : Using [0]eth0:10.46.164.118<0>
116c5efe4c4f4ea58146ac762111be98-master-0:22870:22870 [2] NCCL INFO NET/Socket : Using [0]eth0:10.46.164.118<0>
116c5efe4c4f4ea58146ac762111be98-master-0:22869:22869 [1] NCCL INFO Using network Socket
116c5efe4c4f4ea58146ac762111be98-master-0:22870:22870 [2] NCCL INFO Using network Socket
116c5efe4c4f4ea58146ac762111be98-master-0:22872:23429 [4] NCCL INFO threadThresholds 8/8/64 | 64/8/64 | 8/8/64
116c5efe4c4f4ea58146ac762111be98-master-0:22873:23432 [5] NCCL INFO threadThresholds 8/8/64 | 64/8/64 | 8/8/64
116c5efe4c4f4ea58146ac762111be98-master-0:22874:23430 [6] NCCL INFO threadThresholds 8/8/64 | 64/8/64 | 8/8/64
116c5efe4c4f4ea58146ac762111be98-master-0:22875:23431 [7] NCCL INFO threadThresholds 8/8/64 | 64/8/64 | 8/8/64
116c5efe4c4f4ea58146ac762111be98-master-0:22869:23433 [1] NCCL INFO threadThresholds 8/8/64 | 64/8/64 | 8/8/64
116c5efe4c4f4ea58146ac762111be98-master-0:22868:23427 [0] NCCL INFO Channel 00/24 :    0   7   6   5   4   3   2   1
116c5efe4c4f4ea58146ac762111be98-master-0:22872:23429 [4] NCCL INFO Trees [0] 3/-1/-1->4->5|5->4->3/-1/-1 [1] 3/-1/-1->4->5|5->4->3/-1/-1 [2] 3/-1/-1->4->5|5->4->3/-1/-1 [3] 3/-1/-1->4->5|5->4->3/-1/-1 [4] 3/-1/-1->4->5|5->4->3/-1/-1 [5] 3/-1/-1->4->5|5->4->3/-1/-1 [6] 3/-1/-1->4->5|5->4->3/-1/-1 [7] 3/-1/-1->4->5|5->4->3/-1/-1 [8] 3/-1/-1->4->5|5->4->3/-1/-1 [9] 3/-1/-1->4->5|5->4->3/-1/-1 [10] 3/-1/-1->4->5|5->4->3/-1/-1 [11] 3/-1/-1->4->5|5->4->3/-1/-1 [12] 3/-1/-1->4->5|5->4->3/-1/-1 [13] 3/-1/-1->4->5|5->4->3/-1/-1 [14] 3/-1/-1->4->5|5->4->3/-1/-1 [15] 3/-1/-1->4->5|5->4->3/-1/-1 [16] 3/-1/-1->4->5|5->4->3/-1/-1 [17] 3/-1/-1->4->5|5->4->3/-1/-1 [18] 3/-1/-1->4->5|5->4->3/-1/-1 [19] 3/-1/-1->4->5|5->4->3/-1/-1 [20] 3/-1/-1->4->5|5->4->3/-1/-1 [21] 3/-1/-1->4->5|5->4->3/-1/-1 [22] 3/-1/-1->4->5|5->4->3/-1/-1 [23] 3/-1/-1->4->5|5->4->3/-1/-1
116c5efe4c4f4ea58146ac762111be98-master-0:22870:23434 [2] NCCL INFO threadThresholds 8/8/64 | 64/8/64 | 8/8/64
116c5efe4c4f4ea58146ac762111be98-master-0:22873:23432 [5] NCCL INFO Trees [0] 4/-1/-1->5->6|6->5->4/-1/-1 [1] 4/-1/-1->5->6|6->5->4/-1/-1 [2] 4/-1/-1->5->6|6->5->4/-1/-1 [3] 4/-1/-1->5->6|6->5->4/-1/-1 [4] 4/-1/-1->5->6|6->5->4/-1/-1 [5] 4/-1/-1->5->6|6->5->4/-1/-1 [6] 4/-1/-1->5->6|6->5->4/-1/-1 [7] 4/-1/-1->5->6|6->5->4/-1/-1 [8] 4/-1/-1->5->6|6->5->4/-1/-1 [9] 4/-1/-1->5->6|6->5->4/-1/-1 [10] 4/-1/-1->5->6|6->5->4/-1/-1 [11] 4/-1/-1->5->6|6->5->4/-1/-1 [12] 4/-1/-1->5->6|6->5->4/-1/-1 [13] 4/-1/-1->5->6|6->5->4/-1/-1 [14] 4/-1/-1->5->6|6->5->4/-1/-1 [15] 4/-1/-1->5->6|6->5->4/-1/-1 [16] 4/-1/-1->5->6|6->5->4/-1/-1 [17] 4/-1/-1->5->6|6->5->4/-1/-1 [18] 4/-1/-1->5->6|6->5->4/-1/-1 [19] 4/-1/-1->5->6|6->5->4/-1/-1 [20] 4/-1/-1->5->6|6->5->4/-1/-1 [21] 4/-1/-1->5->6|6->5->4/-1/-1 [22] 4/-1/-1->5->6|6->5->4/-1/-1 [23] 4/-1/-1->5->6|6->5->4/-1/-1
116c5efe4c4f4ea58146ac762111be98-master-0:22871:23428 [3] NCCL INFO threadThresholds 8/8/64 | 64/8/64 | 8/8/64
116c5efe4c4f4ea58146ac762111be98-master-0:22874:23430 [6] NCCL INFO Trees [0] 5/-1/-1->6->7|7->6->5/-1/-1 [1] 5/-1/-1->6->7|7->6->5/-1/-1 [2] 5/-1/-1->6->7|7->6->5/-1/-1 [3] 5/-1/-1->6->7|7->6->5/-1/-1 [4] 5/-1/-1->6->7|7->6->5/-1/-1 [5] 5/-1/-1->6->7|7->6->5/-1/-1 [6] 5/-1/-1->6->7|7->6->5/-1/-1 [7] 5/-1/-1->6->7|7->6->5/-1/-1 [8] 5/-1/-1->6->7|7->6->5/-1/-1 [9] 5/-1/-1->6->7|7->6->5/-1/-1 [10] 5/-1/-1->6->7|7->6->5/-1/-1 [11] 5/-1/-1->6->7|7->6->5/-1/-1 [12] 5/-1/-1->6->7|7->6->5/-1/-1 [13] 5/-1/-1->6->7|7->6->5/-1/-1 [14] 5/-1/-1->6->7|7->6->5/-1/-1 [15] 5/-1/-1->6->7|7->6->5/-1/-1 [16] 5/-1/-1->6->7|7->6->5/-1/-1 [17] 5/-1/-1->6->7|7->6->5/-1/-1 [18] 5/-1/-1->6->7|7->6->5/-1/-1 [19] 5/-1/-1->6->7|7->6->5/-1/-1 [20] 5/-1/-1->6->7|7->6->5/-1/-1 [21] 5/-1/-1->6->7|7->6->5/-1/-1 [22] 5/-1/-1->6->7|7->6->5/-1/-1 [23] 5/-1/-1->6->7|7->6->5/-1/-1
116c5efe4c4f4ea58146ac762111be98-master-0:22875:23431 [7] NCCL INFO Trees [0] 6/-1/-1->7->-1|-1->7->6/-1/-1 [1] 6/-1/-1->7->-1|-1->7->6/-1/-1 [2] 6/-1/-1->7->-1|-1->7->6/-1/-1 [3] 6/-1/-1->7->-1|-1->7->6/-1/-1 [4] 6/-1/-1->7->-1|-1->7->6/-1/-1 [5] 6/-1/-1->7->-1|-1->7->6/-1/-1 [6] 6/-1/-1->7->-1|-1->7->6/-1/-1 [7] 6/-1/-1->7->-1|-1->7->6/-1/-1 [8] 6/-1/-1->7->-1|-1->7->6/-1/-1 [9] 6/-1/-1->7->-1|-1->7->6/-1/-1 [10] 6/-1/-1->7->-1|-1->7->6/-1/-1 [11] 6/-1/-1->7->-1|-1->7->6/-1/-1 [12] 6/-1/-1->7->-1|-1->7->6/-1/-1 [13] 6/-1/-1->7->-1|-1->7->6/-1/-1 [14] 6/-1/-1->7->-1|-1->7->6/-1/-1 [15] 6/-1/-1->7->-1|-1->7->6/-1/-1 [16] 6/-1/-1->7->-1|-1->7->6/-1/-1 [17] 6/-1/-1->7->-1|-1->7->6/-1/-1 [18] 6/-1/-1->7->-1|-1->7->6/-1/-1 [19] 6/-1/-1->7->-1|-1->7->6/-1/-1 [20] 6/-1/-1->7->-1|-1->7->6/-1/-1 [21] 6/-1/-1->7->-1|-1->7->6/-1/-1 [22] 6/-1/-1->7->-1|-1->7->6/-1/-1 [23] 6/-1/-1->7->-1|-1->7->6/-1/-1
116c5efe4c4f4ea58146ac762111be98-master-0:22869:23433 [1] NCCL INFO Trees [0] 0/-1/-1->1->2|2->1->0/-1/-1 [1] 0/-1/-1->1->2|2->1->0/-1/-1 [2] 0/-1/-1->1->2|2->1->0/-1/-1 [3] 0/-1/-1->1->2|2->1->0/-1/-1 [4] 0/-1/-1->1->2|2->1->0/-1/-1 [5] 0/-1/-1->1->2|2->1->0/-1/-1 [6] 0/-1/-1->1->2|2->1->0/-1/-1 [7] 0/-1/-1->1->2|2->1->0/-1/-1 [8] 0/-1/-1->1->2|2->1->0/-1/-1 [9] 0/-1/-1->1->2|2->1->0/-1/-1 [10] 0/-1/-1->1->2|2->1->0/-1/-1 [11] 0/-1/-1->1->2|2->1->0/-1/-1 [12] 0/-1/-1->1->2|2->1->0/-1/-1 [13] 0/-1/-1->1->2|2->1->0/-1/-1 [14] 0/-1/-1->1->2|2->1->0/-1/-1 [15] 0/-1/-1->1->2|2->1->0/-1/-1 [16] 0/-1/-1->1->2|2->1->0/-1/-1 [17] 0/-1/-1->1->2|2->1->0/-1/-1 [18] 0/-1/-1->1->2|2->1->0/-1/-1 [19] 0/-1/-1->1->2|2->1->0/-1/-1 [20] 0/-1/-1->1->2|2->1->0/-1/-1 [21] 0/-1/-1->1->2|2->1->0/-1/-1 [22] 0/-1/-1->1->2|2->1->0/-1/-1 [23] 0/-1/-1->1->2|2->1->0/-1/-1
116c5efe4c4f4ea58146ac762111be98-master-0:22868:23427 [0] NCCL INFO Channel 01/24 :    0   7   6   5   4   3   2   1
116c5efe4c4f4ea58146ac762111be98-master-0:22868:23427 [0] NCCL INFO Channel 02/24 :    0   7   6   5   4   3   2   1
116c5efe4c4f4ea58146ac762111be98-master-0:22872:23429 [4] NCCL INFO Setting affinity for GPU 3 to ffff,0000ffff
116c5efe4c4f4ea58146ac762111be98-master-0:22870:23434 [2] NCCL INFO Trees [0] 1/-1/-1->2->3|3->2->1/-1/-1 [1] 1/-1/-1->2->3|3->2->1/-1/-1 [2] 1/-1/-1->2->3|3->2->1/-1/-1 [3] 1/-1/-1->2->3|3->2->1/-1/-1 [4] 1/-1/-1->2->3|3->2->1/-1/-1 [5] 1/-1/-1->2->3|3->2->1/-1/-1 [6] 1/-1/-1->2->3|3->2->1/-1/-1 [7] 1/-1/-1->2->3|3->2->1/-1/-1 [8] 1/-1/-1->2->3|3->2->1/-1/-1 [9] 1/-1/-1->2->3|3->2->1/-1/-1 [10] 1/-1/-1->2->3|3->2->1/-1/-1 [11] 1/-1/-1->2->3|3->2->1/-1/-1 [12] 1/-1/-1->2->3|3->2->1/-1/-1 [13] 1/-1/-1->2->3|3->2->1/-1/-1 [14] 1/-1/-1->2->3|3->2->1/-1/-1 [15] 1/-1/-1->2->3|3->2->1/-1/-1 [16] 1/-1/-1->2->3|3->2->1/-1/-1 [17] 1/-1/-1->2->3|3->2->1/-1/-1 [18] 1/-1/-1->2->3|3->2->1/-1/-1 [19] 1/-1/-1->2->3|3->2->1/-1/-1 [20] 1/-1/-1->2->3|3->2->1/-1/-1 [21] 1/-1/-1->2->3|3->2->1/-1/-1 [22] 1/-1/-1->2->3|3->2->1/-1/-1 [23] 1/-1/-1->2->3|3->2->1/-1/-1
116c5efe4c4f4ea58146ac762111be98-master-0:22873:23432 [5] NCCL INFO Setting affinity for GPU 2 to ffff,0000ffff
116c5efe4c4f4ea58146ac762111be98-master-0:22870:23434 [2] NCCL INFO Setting affinity for GPU 5 to ffff,0000ffff
116c5efe4c4f4ea58146ac762111be98-master-0:22871:23428 [3] NCCL INFO Trees [0] 2/-1/-1->3->4|4->3->2/-1/-1 [1] 2/-1/-1->3->4|4->3->2/-1/-1 [2] 2/-1/-1->3->4|4->3->2/-1/-1 [3] 2/-1/-1->3->4|4->3->2/-1/-1 [4] 2/-1/-1->3->4|4->3->2/-1/-1 [5] 2/-1/-1->3->4|4->3->2/-1/-1 [6] 2/-1/-1->3->4|4->3->2/-1/-1 [7] 2/-1/-1->3->4|4->3->2/-1/-1 [8] 2/-1/-1->3->4|4->3->2/-1/-1 [9] 2/-1/-1->3->4|4->3->2/-1/-1 [10] 2/-1/-1->3->4|4->3->2/-1/-1 [11] 2/-1/-1->3->4|4->3->2/-1/-1 [12] 2/-1/-1->3->4|4->3->2/-1/-1 [13] 2/-1/-1->3->4|4->3->2/-1/-1 [14] 2/-1/-1->3->4|4->3->2/-1/-1 [15] 2/-1/-1->3->4|4->3->2/-1/-1 [16] 2/-1/-1->3->4|4->3->2/-1/-1 [17] 2/-1/-1->3->4|4->3->2/-1/-1 [18] 2/-1/-1->3->4|4->3->2/-1/-1 [19] 2/-1/-1->3->4|4->3->2/-1/-1 [20] 2/-1/-1->3->4|4->3->2/-1/-1 [21] 2/-1/-1->3->4|4->3->2/-1/-1 [22] 2/-1/-1->3->4|4->3->2/-1/-1 [23] 2/-1/-1->3->4|4->3->2/-1/-1
116c5efe4c4f4ea58146ac762111be98-master-0:22875:23431 [7] NCCL INFO Setting affinity for GPU 0 to ffff,0000ffff
116c5efe4c4f4ea58146ac762111be98-master-0:22874:23430 [6] NCCL INFO Setting affinity for GPU 1 to ffff,0000ffff
116c5efe4c4f4ea58146ac762111be98-master-0:22869:23433 [1] NCCL INFO Setting affinity for GPU 6 to ffff,0000ffff
116c5efe4c4f4ea58146ac762111be98-master-0:22868:23427 [0] NCCL INFO Channel 03/24 :    0   7   6   5   4   3   2   1
116c5efe4c4f4ea58146ac762111be98-master-0:22871:23428 [3] NCCL INFO Setting affinity for GPU 4 to ffff,0000ffff
116c5efe4c4f4ea58146ac762111be98-master-0:22868:23427 [0] NCCL INFO Channel 04/24 :    0   7   6   5   4   3   2   1
116c5efe4c4f4ea58146ac762111be98-master-0:22868:23427 [0] NCCL INFO Channel 05/24 :    0   7   6   5   4   3   2   1
116c5efe4c4f4ea58146ac762111be98-master-0:22868:23427 [0] NCCL INFO Channel 06/24 :    0   7   6   5   4   3   2   1
116c5efe4c4f4ea58146ac762111be98-master-0:22868:23427 [0] NCCL INFO Channel 07/24 :    0   7   6   5   4   3   2   1
116c5efe4c4f4ea58146ac762111be98-master-0:22868:23427 [0] NCCL INFO Channel 08/24 :    0   7   6   5   4   3   2   1
116c5efe4c4f4ea58146ac762111be98-master-0:22868:23427 [0] NCCL INFO Channel 09/24 :    0   7   6   5   4   3   2   1
116c5efe4c4f4ea58146ac762111be98-master-0:22868:23427 [0] NCCL INFO Channel 10/24 :    0   7   6   5   4   3   2   1
116c5efe4c4f4ea58146ac762111be98-master-0:22868:23427 [0] NCCL INFO Channel 11/24 :    0   7   6   5   4   3   2   1
116c5efe4c4f4ea58146ac762111be98-master-0:22868:23427 [0] NCCL INFO Channel 12/24 :    0   7   6   5   4   3   2   1
116c5efe4c4f4ea58146ac762111be98-master-0:22868:23427 [0] NCCL INFO Channel 13/24 :    0   7   6   5   4   3   2   1
116c5efe4c4f4ea58146ac762111be98-master-0:22868:23427 [0] NCCL INFO Channel 14/24 :    0   7   6   5   4   3   2   1
116c5efe4c4f4ea58146ac762111be98-master-0:22868:23427 [0] NCCL INFO Channel 15/24 :    0   7   6   5   4   3   2   1
116c5efe4c4f4ea58146ac762111be98-master-0:22868:23427 [0] NCCL INFO Channel 16/24 :    0   7   6   5   4   3   2   1
116c5efe4c4f4ea58146ac762111be98-master-0:22868:23427 [0] NCCL INFO Channel 17/24 :    0   7   6   5   4   3   2   1
116c5efe4c4f4ea58146ac762111be98-master-0:22868:23427 [0] NCCL INFO Channel 18/24 :    0   7   6   5   4   3   2   1
116c5efe4c4f4ea58146ac762111be98-master-0:22868:23427 [0] NCCL INFO Channel 19/24 :    0   7   6   5   4   3   2   1
116c5efe4c4f4ea58146ac762111be98-master-0:22868:23427 [0] NCCL INFO Channel 20/24 :    0   7   6   5   4   3   2   1
116c5efe4c4f4ea58146ac762111be98-master-0:22868:23427 [0] NCCL INFO Channel 21/24 :    0   7   6   5   4   3   2   1
116c5efe4c4f4ea58146ac762111be98-master-0:22868:23427 [0] NCCL INFO Channel 22/24 :    0   7   6   5   4   3   2   1
116c5efe4c4f4ea58146ac762111be98-master-0:22868:23427 [0] NCCL INFO Channel 23/24 :    0   7   6   5   4   3   2   1
116c5efe4c4f4ea58146ac762111be98-master-0:22868:23427 [0] NCCL INFO threadThresholds 8/8/64 | 64/8/64 | 8/8/64
116c5efe4c4f4ea58146ac762111be98-master-0:22868:23427 [0] NCCL INFO Trees [0] -1/-1/-1->0->1|1->0->-1/-1/-1 [1] -1/-1/-1->0->1|1->0->-1/-1/-1 [2] -1/-1/-1->0->1|1->0->-1/-1/-1 [3] -1/-1/-1->0->1|1->0->-1/-1/-1 [4] -1/-1/-1->0->1|1->0->-1/-1/-1 [5] -1/-1/-1->0->1|1->0->-1/-1/-1 [6] -1/-1/-1->0->1|1->0->-1/-1/-1 [7] -1/-1/-1->0->1|1->0->-1/-1/-1 [8] -1/-1/-1->0->1|1->0->-1/-1/-1 [9] -1/-1/-1->0->1|1->0->-1/-1/-1 [10] -1/-1/-1->0->1|1->0->-1/-1/-1 [11] -1/-1/-1->0->1|1->0->-1/-1/-1 [12] -1/-1/-1->0->1|1->0->-1/-1/-1 [13] -1/-1/-1->0->1|1->0->-1/-1/-1 [14] -1/-1/-1->0->1|1->0->-1/-1/-1 [15] -1/-1/-1->0->1|1->0->-1/-1/-1 [16] -1/-1/-1->0->1|1->0->-1/-1/-1 [17] -1/-1/-1->0->1|1->0->-1/-1/-1 [18] -1/-1/-1->0->1|1->0->-1/-1/-1 [19] -1/-1/-1->0->1|1->0->-1/-1/-1 [20] -1/-1/-1->0->1|1->0->-1/-1/-1 [21] -1/-1/-1->0->1|1->0->-1/-1/-1 [22] -1/-1/-1->0->1|1->0->-1/-1/-1 [23] -1/-1/-1->0->1|1->0->-1/-1/-1
116c5efe4c4f4ea58146ac762111be98-master-0:22868:23427 [0] NCCL INFO Setting affinity for GPU 7 to ffff,0000ffff
116c5efe4c4f4ea58146ac762111be98-master-0:22873:23432 [5] NCCL INFO Channel 00 : 5[300000] -> 4[400000] via P2P/IPC/read
116c5efe4c4f4ea58146ac762111be98-master-0:22875:23431 [7] NCCL INFO Channel 00 : 7[100000] -> 6[200000] via P2P/IPC/read
116c5efe4c4f4ea58146ac762111be98-master-0:22870:23434 [2] NCCL INFO Channel 00 : 2[c00000] -> 1[d00000] via P2P/IPC/read
116c5efe4c4f4ea58146ac762111be98-master-0:22871:23428 [3] NCCL INFO Channel 00 : 3[b00000] -> 2[c00000] via P2P/IPC/read
116c5efe4c4f4ea58146ac762111be98-master-0:22868:23427 [0] NCCL INFO Channel 00 : 0[e00000] -> 7[100000] via P2P/IPC/read
116c5efe4c4f4ea58146ac762111be98-master-0:22869:23433 [1] NCCL INFO Channel 00 : 1[d00000] -> 0[e00000] via P2P/IPC/read
116c5efe4c4f4ea58146ac762111be98-master-0:22872:23429 [4] NCCL INFO Channel 00 : 4[400000] -> 3[b00000] via P2P/IPC/read
116c5efe4c4f4ea58146ac762111be98-master-0:22874:23430 [6] NCCL INFO Channel 00 : 6[200000] -> 5[300000] via P2P/IPC/read
116c5efe4c4f4ea58146ac762111be98-master-0:22868:23427 [0] NCCL INFO Channel 00 : 0[e00000] -> 1[d00000] via P2P/IPC/read
116c5efe4c4f4ea58146ac762111be98-master-0:22870:23434 [2] NCCL INFO Channel 00 : 2[c00000] -> 3[b00000] via P2P/IPC/read
116c5efe4c4f4ea58146ac762111be98-master-0:22871:23428 [3] NCCL INFO Channel 00 : 3[b00000] -> 4[400000] via P2P/IPC/read
116c5efe4c4f4ea58146ac762111be98-master-0:22873:23432 [5] NCCL INFO Channel 00 : 5[300000] -> 6[200000] via P2P/IPC/read
116c5efe4c4f4ea58146ac762111be98-master-0:22869:23433 [1] NCCL INFO Channel 00 : 1[d00000] -> 2[c00000] via P2P/IPC/read
116c5efe4c4f4ea58146ac762111be98-master-0:22872:23429 [4] NCCL INFO Channel 00 : 4[400000] -> 5[300000] via P2P/IPC/read
116c5efe4c4f4ea58146ac762111be98-master-0:22874:23430 [6] NCCL INFO Channel 00 : 6[200000] -> 7[100000] via P2P/IPC/read
116c5efe4c4f4ea58146ac762111be98-master-0:22868:23427 [0] NCCL INFO Channel 01 : 0[e00000] -> 7[100000] via P2P/IPC/read
116c5efe4c4f4ea58146ac762111be98-master-0:22870:23434 [2] NCCL INFO Channel 01 : 2[c00000] -> 1[d00000] via P2P/IPC/read
116c5efe4c4f4ea58146ac762111be98-master-0:22871:23428 [3] NCCL INFO Channel 01 : 3[b00000] -> 2[c00000] via P2P/IPC/read
116c5efe4c4f4ea58146ac762111be98-master-0:22873:23432 [5] NCCL INFO Channel 01 : 5[300000] -> 4[400000] via P2P/IPC/read
116c5efe4c4f4ea58146ac762111be98-master-0:22875:23431 [7] NCCL INFO Channel 01 : 7[100000] -> 6[200000] via P2P/IPC/read
116c5efe4c4f4ea58146ac762111be98-master-0:22869:23433 [1] NCCL INFO Channel 01 : 1[d00000] -> 0[e00000] via P2P/IPC/read
116c5efe4c4f4ea58146ac762111be98-master-0:22872:23429 [4] NCCL INFO Channel 01 : 4[400000] -> 3[b00000] via P2P/IPC/read
116c5efe4c4f4ea58146ac762111be98-master-0:22874:23430 [6] NCCL INFO Channel 01 : 6[200000] -> 5[300000] via P2P/IPC/read
116c5efe4c4f4ea58146ac762111be98-master-0:22868:23427 [0] NCCL INFO Channel 01 : 0[e00000] -> 1[d00000] via P2P/IPC/read
116c5efe4c4f4ea58146ac762111be98-master-0:22870:23434 [2] NCCL INFO Channel 01 : 2[c00000] -> 3[b00000] via P2P/IPC/read
116c5efe4c4f4ea58146ac762111be98-master-0:22871:23428 [3] NCCL INFO Channel 01 : 3[b00000] -> 4[400000] via P2P/IPC/read
116c5efe4c4f4ea58146ac762111be98-master-0:22873:23432 [5] NCCL INFO Channel 01 : 5[300000] -> 6[200000] via P2P/IPC/read
116c5efe4c4f4ea58146ac762111be98-master-0:22869:23433 [1] NCCL INFO Channel 01 : 1[d00000] -> 2[c00000] via P2P/IPC/read
116c5efe4c4f4ea58146ac762111be98-master-0:22872:23429 [4] NCCL INFO Channel 01 : 4[400000] -> 5[300000] via P2P/IPC/read
116c5efe4c4f4ea58146ac762111be98-master-0:22874:23430 [6] NCCL INFO Channel 01 : 6[200000] -> 7[100000] via P2P/IPC/read
116c5efe4c4f4ea58146ac762111be98-master-0:22868:23427 [0] NCCL INFO Channel 02 : 0[e00000] -> 7[100000] via P2P/IPC/read
116c5efe4c4f4ea58146ac762111be98-master-0:22871:23428 [3] NCCL INFO Channel 02 : 3[b00000] -> 2[c00000] via P2P/IPC/read
116c5efe4c4f4ea58146ac762111be98-master-0:22875:23431 [7] NCCL INFO Channel 02 : 7[100000] -> 6[200000] via P2P/IPC/read
116c5efe4c4f4ea58146ac762111be98-master-0:22873:23432 [5] NCCL INFO Channel 02 : 5[300000] -> 4[400000] via P2P/IPC/read
116c5efe4c4f4ea58146ac762111be98-master-0:22869:23433 [1] NCCL INFO Channel 02 : 1[d00000] -> 0[e00000] via P2P/IPC/read
116c5efe4c4f4ea58146ac762111be98-master-0:22870:23434 [2] NCCL INFO Channel 02 : 2[c00000] -> 1[d00000] via P2P/IPC/read
116c5efe4c4f4ea58146ac762111be98-master-0:22874:23430 [6] NCCL INFO Channel 02 : 6[200000] -> 5[300000] via P2P/IPC/read
116c5efe4c4f4ea58146ac762111be98-master-0:22872:23429 [4] NCCL INFO Channel 02 : 4[400000] -> 3[b00000] via P2P/IPC/read
116c5efe4c4f4ea58146ac762111be98-master-0:22868:23427 [0] NCCL INFO Channel 02 : 0[e00000] -> 1[d00000] via P2P/IPC/read
116c5efe4c4f4ea58146ac762111be98-master-0:22871:23428 [3] NCCL INFO Channel 02 : 3[b00000] -> 4[400000] via P2P/IPC/read
116c5efe4c4f4ea58146ac762111be98-master-0:22873:23432 [5] NCCL INFO Channel 02 : 5[300000] -> 6[200000] via P2P/IPC/read
116c5efe4c4f4ea58146ac762111be98-master-0:22869:23433 [1] NCCL INFO Channel 02 : 1[d00000] -> 2[c00000] via P2P/IPC/read
116c5efe4c4f4ea58146ac762111be98-master-0:22870:23434 [2] NCCL INFO Channel 02 : 2[c00000] -> 3[b00000] via P2P/IPC/read
116c5efe4c4f4ea58146ac762111be98-master-0:22874:23430 [6] NCCL INFO Channel 02 : 6[200000] -> 7[100000] via P2P/IPC/read
116c5efe4c4f4ea58146ac762111be98-master-0:22872:23429 [4] NCCL INFO Channel 02 : 4[400000] -> 5[300000] via P2P/IPC/read
116c5efe4c4f4ea58146ac762111be98-master-0:22868:23427 [0] NCCL INFO Channel 03 : 0[e00000] -> 7[100000] via P2P/IPC/read
116c5efe4c4f4ea58146ac762111be98-master-0:22875:23431 [7] NCCL INFO Channel 03 : 7[100000] -> 6[200000] via P2P/IPC/read
116c5efe4c4f4ea58146ac762111be98-master-0:22871:23428 [3] NCCL INFO Channel 03 : 3[b00000] -> 2[c00000] via P2P/IPC/read
116c5efe4c4f4ea58146ac762111be98-master-0:22873:23432 [5] NCCL INFO Channel 03 : 5[300000] -> 4[400000] via P2P/IPC/read
116c5efe4c4f4ea58146ac762111be98-master-0:22869:23433 [1] NCCL INFO Channel 03 : 1[d00000] -> 0[e00000] via P2P/IPC/read
116c5efe4c4f4ea58146ac762111be98-master-0:22870:23434 [2] NCCL INFO Channel 03 : 2[c00000] -> 1[d00000] via P2P/IPC/read
116c5efe4c4f4ea58146ac762111be98-master-0:22874:23430 [6] NCCL INFO Channel 03 : 6[200000] -> 5[300000] via P2P/IPC/read
116c5efe4c4f4ea58146ac762111be98-master-0:22872:23429 [4] NCCL INFO Channel 03 : 4[400000] -> 3[b00000] via P2P/IPC/read
116c5efe4c4f4ea58146ac762111be98-master-0:22868:23427 [0] NCCL INFO Channel 03 : 0[e00000] -> 1[d00000] via P2P/IPC/read
116c5efe4c4f4ea58146ac762111be98-master-0:22869:23433 [1] NCCL INFO Channel 03 : 1[d00000] -> 2[c00000] via P2P/IPC/read
116c5efe4c4f4ea58146ac762111be98-master-0:22870:23434 [2] NCCL INFO Channel 03 : 2[c00000] -> 3[b00000] via P2P/IPC/read
116c5efe4c4f4ea58146ac762111be98-master-0:22873:23432 [5] NCCL INFO Channel 03 : 5[300000] -> 6[200000] via P2P/IPC/read
116c5efe4c4f4ea58146ac762111be98-master-0:22874:23430 [6] NCCL INFO Channel 03 : 6[200000] -> 7[100000] via P2P/IPC/read
116c5efe4c4f4ea58146ac762111be98-master-0:22871:23428 [3] NCCL INFO Channel 03 : 3[b00000] -> 4[400000] via P2P/IPC/read
116c5efe4c4f4ea58146ac762111be98-master-0:22872:23429 [4] NCCL INFO Channel 03 : 4[400000] -> 5[300000] via P2P/IPC/read
116c5efe4c4f4ea58146ac762111be98-master-0:22868:23427 [0] NCCL INFO Channel 04 : 0[e00000] -> 7[100000] via P2P/IPC/read
116c5efe4c4f4ea58146ac762111be98-master-0:22875:23431 [7] NCCL INFO Channel 04 : 7[100000] -> 6[200000] via P2P/IPC/read
116c5efe4c4f4ea58146ac762111be98-master-0:22869:23433 [1] NCCL INFO Channel 04 : 1[d00000] -> 0[e00000] via P2P/IPC/read
116c5efe4c4f4ea58146ac762111be98-master-0:22870:23434 [2] NCCL INFO Channel 04 : 2[c00000] -> 1[d00000] via P2P/IPC/read
116c5efe4c4f4ea58146ac762111be98-master-0:22874:23430 [6] NCCL INFO Channel 04 : 6[200000] -> 5[300000] via P2P/IPC/read
116c5efe4c4f4ea58146ac762111be98-master-0:22873:23432 [5] NCCL INFO Channel 04 : 5[300000] -> 4[400000] via P2P/IPC/read
116c5efe4c4f4ea58146ac762111be98-master-0:22871:23428 [3] NCCL INFO Channel 04 : 3[b00000] -> 2[c00000] via P2P/IPC/read
116c5efe4c4f4ea58146ac762111be98-master-0:22872:23429 [4] NCCL INFO Channel 04 : 4[400000] -> 3[b00000] via P2P/IPC/read
116c5efe4c4f4ea58146ac762111be98-master-0:22868:23427 [0] NCCL INFO Channel 04 : 0[e00000] -> 1[d00000] via P2P/IPC/read
116c5efe4c4f4ea58146ac762111be98-master-0:22869:23433 [1] NCCL INFO Channel 04 : 1[d00000] -> 2[c00000] via P2P/IPC/read
116c5efe4c4f4ea58146ac762111be98-master-0:22870:23434 [2] NCCL INFO Channel 04 : 2[c00000] -> 3[b00000] via P2P/IPC/read
116c5efe4c4f4ea58146ac762111be98-master-0:22874:23430 [6] NCCL INFO Channel 04 : 6[200000] -> 7[100000] via P2P/IPC/read
116c5efe4c4f4ea58146ac762111be98-master-0:22873:23432 [5] NCCL INFO Channel 04 : 5[300000] -> 6[200000] via P2P/IPC/read
116c5efe4c4f4ea58146ac762111be98-master-0:22871:23428 [3] NCCL INFO Channel 04 : 3[b00000] -> 4[400000] via P2P/IPC/read
116c5efe4c4f4ea58146ac762111be98-master-0:22872:23429 [4] NCCL INFO Channel 04 : 4[400000] -> 5[300000] via P2P/IPC/read
116c5efe4c4f4ea58146ac762111be98-master-0:22868:23427 [0] NCCL INFO Channel 05 : 0[e00000] -> 7[100000] via P2P/IPC/read
116c5efe4c4f4ea58146ac762111be98-master-0:22875:23431 [7] NCCL INFO Channel 05 : 7[100000] -> 6[200000] via P2P/IPC/read
116c5efe4c4f4ea58146ac762111be98-master-0:22870:23434 [2] NCCL INFO Channel 05 : 2[c00000] -> 1[d00000] via P2P/IPC/read
116c5efe4c4f4ea58146ac762111be98-master-0:22874:23430 [6] NCCL INFO Channel 05 : 6[200000] -> 5[300000] via P2P/IPC/read
116c5efe4c4f4ea58146ac762111be98-master-0:22869:23433 [1] NCCL INFO Channel 05 : 1[d00000] -> 0[e00000] via P2P/IPC/read
116c5efe4c4f4ea58146ac762111be98-master-0:22873:23432 [5] NCCL INFO Channel 05 : 5[300000] -> 4[400000] via P2P/IPC/read
116c5efe4c4f4ea58146ac762111be98-master-0:22871:23428 [3] NCCL INFO Channel 05 : 3[b00000] -> 2[c00000] via P2P/IPC/read
116c5efe4c4f4ea58146ac762111be98-master-0:22872:23429 [4] NCCL INFO Channel 05 : 4[400000] -> 3[b00000] via P2P/IPC/read
116c5efe4c4f4ea58146ac762111be98-master-0:22868:23427 [0] NCCL INFO Channel 05 : 0[e00000] -> 1[d00000] via P2P/IPC/read
116c5efe4c4f4ea58146ac762111be98-master-0:22870:23434 [2] NCCL INFO Channel 05 : 2[c00000] -> 3[b00000] via P2P/IPC/read
116c5efe4c4f4ea58146ac762111be98-master-0:22869:23433 [1] NCCL INFO Channel 05 : 1[d00000] -> 2[c00000] via P2P/IPC/read
116c5efe4c4f4ea58146ac762111be98-master-0:22873:23432 [5] NCCL INFO Channel 05 : 5[300000] -> 6[200000] via P2P/IPC/read
116c5efe4c4f4ea58146ac762111be98-master-0:22871:23428 [3] NCCL INFO Channel 05 : 3[b00000] -> 4[400000] via P2P/IPC/read
116c5efe4c4f4ea58146ac762111be98-master-0:22874:23430 [6] NCCL INFO Channel 05 : 6[200000] -> 7[100000] via P2P/IPC/read
116c5efe4c4f4ea58146ac762111be98-master-0:22872:23429 [4] NCCL INFO Channel 05 : 4[400000] -> 5[300000] via P2P/IPC/read
116c5efe4c4f4ea58146ac762111be98-master-0:22868:23427 [0] NCCL INFO Channel 06 : 0[e00000] -> 7[100000] via P2P/IPC/read
116c5efe4c4f4ea58146ac762111be98-master-0:22875:23431 [7] NCCL INFO Channel 06 : 7[100000] -> 6[200000] via P2P/IPC/read
116c5efe4c4f4ea58146ac762111be98-master-0:22870:23434 [2] NCCL INFO Channel 06 : 2[c00000] -> 1[d00000] via P2P/IPC/read
116c5efe4c4f4ea58146ac762111be98-master-0:22869:23433 [1] NCCL INFO Channel 06 : 1[d00000] -> 0[e00000] via P2P/IPC/read
116c5efe4c4f4ea58146ac762111be98-master-0:22871:23428 [3] NCCL INFO Channel 06 : 3[b00000] -> 2[c00000] via P2P/IPC/read
116c5efe4c4f4ea58146ac762111be98-master-0:22873:23432 [5] NCCL INFO Channel 06 : 5[300000] -> 4[400000] via P2P/IPC/read
116c5efe4c4f4ea58146ac762111be98-master-0:22874:23430 [6] NCCL INFO Channel 06 : 6[200000] -> 5[300000] via P2P/IPC/read
116c5efe4c4f4ea58146ac762111be98-master-0:22872:23429 [4] NCCL INFO Channel 06 : 4[400000] -> 3[b00000] via P2P/IPC/read
116c5efe4c4f4ea58146ac762111be98-master-0:22868:23427 [0] NCCL INFO Channel 06 : 0[e00000] -> 1[d00000] via P2P/IPC/read
116c5efe4c4f4ea58146ac762111be98-master-0:22870:23434 [2] NCCL INFO Channel 06 : 2[c00000] -> 3[b00000] via P2P/IPC/read
116c5efe4c4f4ea58146ac762111be98-master-0:22869:23433 [1] NCCL INFO Channel 06 : 1[d00000] -> 2[c00000] via P2P/IPC/read
116c5efe4c4f4ea58146ac762111be98-master-0:22873:23432 [5] NCCL INFO Channel 06 : 5[300000] -> 6[200000] via P2P/IPC/read
116c5efe4c4f4ea58146ac762111be98-master-0:22871:23428 [3] NCCL INFO Channel 06 : 3[b00000] -> 4[400000] via P2P/IPC/read
116c5efe4c4f4ea58146ac762111be98-master-0:22874:23430 [6] NCCL INFO Channel 06 : 6[200000] -> 7[100000] via P2P/IPC/read
116c5efe4c4f4ea58146ac762111be98-master-0:22872:23429 [4] NCCL INFO Channel 06 : 4[400000] -> 5[300000] via P2P/IPC/read
116c5efe4c4f4ea58146ac762111be98-master-0:22868:23427 [0] NCCL INFO Channel 07 : 0[e00000] -> 7[100000] via P2P/IPC/read
116c5efe4c4f4ea58146ac762111be98-master-0:22875:23431 [7] NCCL INFO Channel 07 : 7[100000] -> 6[200000] via P2P/IPC/read
116c5efe4c4f4ea58146ac762111be98-master-0:22870:23434 [2] NCCL INFO Channel 07 : 2[c00000] -> 1[d00000] via P2P/IPC/read
116c5efe4c4f4ea58146ac762111be98-master-0:22869:23433 [1] NCCL INFO Channel 07 : 1[d00000] -> 0[e00000] via P2P/IPC/read
116c5efe4c4f4ea58146ac762111be98-master-0:22873:23432 [5] NCCL INFO Channel 07 : 5[300000] -> 4[400000] via P2P/IPC/read
116c5efe4c4f4ea58146ac762111be98-master-0:22871:23428 [3] NCCL INFO Channel 07 : 3[b00000] -> 2[c00000] via P2P/IPC/read
116c5efe4c4f4ea58146ac762111be98-master-0:22874:23430 [6] NCCL INFO Channel 07 : 6[200000] -> 5[300000] via P2P/IPC/read
116c5efe4c4f4ea58146ac762111be98-master-0:22872:23429 [4] NCCL INFO Channel 07 : 4[400000] -> 3[b00000] via P2P/IPC/read
116c5efe4c4f4ea58146ac762111be98-master-0:22868:23427 [0] NCCL INFO Channel 07 : 0[e00000] -> 1[d00000] via P2P/IPC/read
116c5efe4c4f4ea58146ac762111be98-master-0:22870:23434 [2] NCCL INFO Channel 07 : 2[c00000] -> 3[b00000] via P2P/IPC/read
116c5efe4c4f4ea58146ac762111be98-master-0:22869:23433 [1] NCCL INFO Channel 07 : 1[d00000] -> 2[c00000] via P2P/IPC/read
116c5efe4c4f4ea58146ac762111be98-master-0:22873:23432 [5] NCCL INFO Channel 07 : 5[300000] -> 6[200000] via P2P/IPC/read
116c5efe4c4f4ea58146ac762111be98-master-0:22871:23428 [3] NCCL INFO Channel 07 : 3[b00000] -> 4[400000] via P2P/IPC/read
116c5efe4c4f4ea58146ac762111be98-master-0:22874:23430 [6] NCCL INFO Channel 07 : 6[200000] -> 7[100000] via P2P/IPC/read
116c5efe4c4f4ea58146ac762111be98-master-0:22872:23429 [4] NCCL INFO Channel 07 : 4[400000] -> 5[300000] via P2P/IPC/read
116c5efe4c4f4ea58146ac762111be98-master-0:22868:23427 [0] NCCL INFO Channel 08 : 0[e00000] -> 7[100000] via P2P/IPC/read
116c5efe4c4f4ea58146ac762111be98-master-0:22875:23431 [7] NCCL INFO Channel 08 : 7[100000] -> 6[200000] via P2P/IPC/read
116c5efe4c4f4ea58146ac762111be98-master-0:22870:23434 [2] NCCL INFO Channel 08 : 2[c00000] -> 1[d00000] via P2P/IPC/read
116c5efe4c4f4ea58146ac762111be98-master-0:22869:23433 [1] NCCL INFO Channel 08 : 1[d00000] -> 0[e00000] via P2P/IPC/read
116c5efe4c4f4ea58146ac762111be98-master-0:22873:23432 [5] NCCL INFO Channel 08 : 5[300000] -> 4[400000] via P2P/IPC/read
116c5efe4c4f4ea58146ac762111be98-master-0:22871:23428 [3] NCCL INFO Channel 08 : 3[b00000] -> 2[c00000] via P2P/IPC/read
116c5efe4c4f4ea58146ac762111be98-master-0:22874:23430 [6] NCCL INFO Channel 08 : 6[200000] -> 5[300000] via P2P/IPC/read
116c5efe4c4f4ea58146ac762111be98-master-0:22872:23429 [4] NCCL INFO Channel 08 : 4[400000] -> 3[b00000] via P2P/IPC/read
116c5efe4c4f4ea58146ac762111be98-master-0:22868:23427 [0] NCCL INFO Channel 08 : 0[e00000] -> 1[d00000] via P2P/IPC/read
116c5efe4c4f4ea58146ac762111be98-master-0:22870:23434 [2] NCCL INFO Channel 08 : 2[c00000] -> 3[b00000] via P2P/IPC/read
116c5efe4c4f4ea58146ac762111be98-master-0:22869:23433 [1] NCCL INFO Channel 08 : 1[d00000] -> 2[c00000] via P2P/IPC/read
116c5efe4c4f4ea58146ac762111be98-master-0:22873:23432 [5] NCCL INFO Channel 08 : 5[300000] -> 6[200000] via P2P/IPC/read
116c5efe4c4f4ea58146ac762111be98-master-0:22874:23430 [6] NCCL INFO Channel 08 : 6[200000] -> 7[100000] via P2P/IPC/read
116c5efe4c4f4ea58146ac762111be98-master-0:22871:23428 [3] NCCL INFO Channel 08 : 3[b00000] -> 4[400000] via P2P/IPC/read
116c5efe4c4f4ea58146ac762111be98-master-0:22872:23429 [4] NCCL INFO Channel 08 : 4[400000] -> 5[300000] via P2P/IPC/read
116c5efe4c4f4ea58146ac762111be98-master-0:22868:23427 [0] NCCL INFO Channel 09 : 0[e00000] -> 7[100000] via P2P/IPC/read
116c5efe4c4f4ea58146ac762111be98-master-0:22875:23431 [7] NCCL INFO Channel 09 : 7[100000] -> 6[200000] via P2P/IPC/read
116c5efe4c4f4ea58146ac762111be98-master-0:22870:23434 [2] NCCL INFO Channel 09 : 2[c00000] -> 1[d00000] via P2P/IPC/read
116c5efe4c4f4ea58146ac762111be98-master-0:22869:23433 [1] NCCL INFO Channel 09 : 1[d00000] -> 0[e00000] via P2P/IPC/read
116c5efe4c4f4ea58146ac762111be98-master-0:22873:23432 [5] NCCL INFO Channel 09 : 5[300000] -> 4[400000] via P2P/IPC/read
116c5efe4c4f4ea58146ac762111be98-master-0:22874:23430 [6] NCCL INFO Channel 09 : 6[200000] -> 5[300000] via P2P/IPC/read
116c5efe4c4f4ea58146ac762111be98-master-0:22871:23428 [3] NCCL INFO Channel 09 : 3[b00000] -> 2[c00000] via P2P/IPC/read
116c5efe4c4f4ea58146ac762111be98-master-0:22872:23429 [4] NCCL INFO Channel 09 : 4[400000] -> 3[b00000] via P2P/IPC/read
116c5efe4c4f4ea58146ac762111be98-master-0:22868:23427 [0] NCCL INFO Channel 09 : 0[e00000] -> 1[d00000] via P2P/IPC/read
116c5efe4c4f4ea58146ac762111be98-master-0:22870:23434 [2] NCCL INFO Channel 09 : 2[c00000] -> 3[b00000] via P2P/IPC/read
116c5efe4c4f4ea58146ac762111be98-master-0:22873:23432 [5] NCCL INFO Channel 09 : 5[300000] -> 6[200000] via P2P/IPC/read
116c5efe4c4f4ea58146ac762111be98-master-0:22869:23433 [1] NCCL INFO Channel 09 : 1[d00000] -> 2[c00000] via P2P/IPC/read
116c5efe4c4f4ea58146ac762111be98-master-0:22874:23430 [6] NCCL INFO Channel 09 : 6[200000] -> 7[100000] via P2P/IPC/read
116c5efe4c4f4ea58146ac762111be98-master-0:22871:23428 [3] NCCL INFO Channel 09 : 3[b00000] -> 4[400000] via P2P/IPC/read
116c5efe4c4f4ea58146ac762111be98-master-0:22872:23429 [4] NCCL INFO Channel 09 : 4[400000] -> 5[300000] via P2P/IPC/read
116c5efe4c4f4ea58146ac762111be98-master-0:22868:23427 [0] NCCL INFO Channel 10 : 0[e00000] -> 7[100000] via P2P/IPC/read
116c5efe4c4f4ea58146ac762111be98-master-0:22875:23431 [7] NCCL INFO Channel 10 : 7[100000] -> 6[200000] via P2P/IPC/read
116c5efe4c4f4ea58146ac762111be98-master-0:22870:23434 [2] NCCL INFO Channel 10 : 2[c00000] -> 1[d00000] via P2P/IPC/read
116c5efe4c4f4ea58146ac762111be98-master-0:22873:23432 [5] NCCL INFO Channel 10 : 5[300000] -> 4[400000] via P2P/IPC/read
116c5efe4c4f4ea58146ac762111be98-master-0:22869:23433 [1] NCCL INFO Channel 10 : 1[d00000] -> 0[e00000] via P2P/IPC/read
116c5efe4c4f4ea58146ac762111be98-master-0:22874:23430 [6] NCCL INFO Channel 10 : 6[200000] -> 5[300000] via P2P/IPC/read
116c5efe4c4f4ea58146ac762111be98-master-0:22871:23428 [3] NCCL INFO Channel 10 : 3[b00000] -> 2[c00000] via P2P/IPC/read
116c5efe4c4f4ea58146ac762111be98-master-0:22872:23429 [4] NCCL INFO Channel 10 : 4[400000] -> 3[b00000] via P2P/IPC/read
116c5efe4c4f4ea58146ac762111be98-master-0:22868:23427 [0] NCCL INFO Channel 10 : 0[e00000] -> 1[d00000] via P2P/IPC/read
116c5efe4c4f4ea58146ac762111be98-master-0:22870:23434 [2] NCCL INFO Channel 10 : 2[c00000] -> 3[b00000] via P2P/IPC/read
116c5efe4c4f4ea58146ac762111be98-master-0:22873:23432 [5] NCCL INFO Channel 10 : 5[300000] -> 6[200000] via P2P/IPC/read
116c5efe4c4f4ea58146ac762111be98-master-0:22874:23430 [6] NCCL INFO Channel 10 : 6[200000] -> 7[100000] via P2P/IPC/read
116c5efe4c4f4ea58146ac762111be98-master-0:22869:23433 [1] NCCL INFO Channel 10 : 1[d00000] -> 2[c00000] via P2P/IPC/read
116c5efe4c4f4ea58146ac762111be98-master-0:22871:23428 [3] NCCL INFO Channel 10 : 3[b00000] -> 4[400000] via P2P/IPC/read
116c5efe4c4f4ea58146ac762111be98-master-0:22872:23429 [4] NCCL INFO Channel 10 : 4[400000] -> 5[300000] via P2P/IPC/read
116c5efe4c4f4ea58146ac762111be98-master-0:22868:23427 [0] NCCL INFO Channel 11 : 0[e00000] -> 7[100000] via P2P/IPC/read
116c5efe4c4f4ea58146ac762111be98-master-0:22875:23431 [7] NCCL INFO Channel 11 : 7[100000] -> 6[200000] via P2P/IPC/read
116c5efe4c4f4ea58146ac762111be98-master-0:22870:23434 [2] NCCL INFO Channel 11 : 2[c00000] -> 1[d00000] via P2P/IPC/read
116c5efe4c4f4ea58146ac762111be98-master-0:22873:23432 [5] NCCL INFO Channel 11 : 5[300000] -> 4[400000] via P2P/IPC/read
116c5efe4c4f4ea58146ac762111be98-master-0:22874:23430 [6] NCCL INFO Channel 11 : 6[200000] -> 5[300000] via P2P/IPC/read
116c5efe4c4f4ea58146ac762111be98-master-0:22869:23433 [1] NCCL INFO Channel 11 : 1[d00000] -> 0[e00000] via P2P/IPC/read
116c5efe4c4f4ea58146ac762111be98-master-0:22871:23428 [3] NCCL INFO Channel 11 : 3[b00000] -> 2[c00000] via P2P/IPC/read
116c5efe4c4f4ea58146ac762111be98-master-0:22872:23429 [4] NCCL INFO Channel 11 : 4[400000] -> 3[b00000] via P2P/IPC/read
116c5efe4c4f4ea58146ac762111be98-master-0:22868:23427 [0] NCCL INFO Channel 11 : 0[e00000] -> 1[d00000] via P2P/IPC/read
116c5efe4c4f4ea58146ac762111be98-master-0:22870:23434 [2] NCCL INFO Channel 11 : 2[c00000] -> 3[b00000] via P2P/IPC/read
116c5efe4c4f4ea58146ac762111be98-master-0:22873:23432 [5] NCCL INFO Channel 11 : 5[300000] -> 6[200000] via P2P/IPC/read
116c5efe4c4f4ea58146ac762111be98-master-0:22874:23430 [6] NCCL INFO Channel 11 : 6[200000] -> 7[100000] via P2P/IPC/read
116c5efe4c4f4ea58146ac762111be98-master-0:22869:23433 [1] NCCL INFO Channel 11 : 1[d00000] -> 2[c00000] via P2P/IPC/read
116c5efe4c4f4ea58146ac762111be98-master-0:22871:23428 [3] NCCL INFO Channel 11 : 3[b00000] -> 4[400000] via P2P/IPC/read
116c5efe4c4f4ea58146ac762111be98-master-0:22872:23429 [4] NCCL INFO Channel 11 : 4[400000] -> 5[300000] via P2P/IPC/read
116c5efe4c4f4ea58146ac762111be98-master-0:22868:23427 [0] NCCL INFO Channel 12 : 0[e00000] -> 7[100000] via P2P/IPC/read
116c5efe4c4f4ea58146ac762111be98-master-0:22875:23431 [7] NCCL INFO Channel 12 : 7[100000] -> 6[200000] via P2P/IPC/read
116c5efe4c4f4ea58146ac762111be98-master-0:22870:23434 [2] NCCL INFO Channel 12 : 2[c00000] -> 1[d00000] via P2P/IPC/read
116c5efe4c4f4ea58146ac762111be98-master-0:22873:23432 [5] NCCL INFO Channel 12 : 5[300000] -> 4[400000] via P2P/IPC/read
116c5efe4c4f4ea58146ac762111be98-master-0:22874:23430 [6] NCCL INFO Channel 12 : 6[200000] -> 5[300000] via P2P/IPC/read
116c5efe4c4f4ea58146ac762111be98-master-0:22869:23433 [1] NCCL INFO Channel 12 : 1[d00000] -> 0[e00000] via P2P/IPC/read
116c5efe4c4f4ea58146ac762111be98-master-0:22871:23428 [3] NCCL INFO Channel 12 : 3[b00000] -> 2[c00000] via P2P/IPC/read
116c5efe4c4f4ea58146ac762111be98-master-0:22872:23429 [4] NCCL INFO Channel 12 : 4[400000] -> 3[b00000] via P2P/IPC/read
116c5efe4c4f4ea58146ac762111be98-master-0:22868:23427 [0] NCCL INFO Channel 12 : 0[e00000] -> 1[d00000] via P2P/IPC/read
116c5efe4c4f4ea58146ac762111be98-master-0:22870:23434 [2] NCCL INFO Channel 12 : 2[c00000] -> 3[b00000] via P2P/IPC/read
116c5efe4c4f4ea58146ac762111be98-master-0:22873:23432 [5] NCCL INFO Channel 12 : 5[300000] -> 6[200000] via P2P/IPC/read
116c5efe4c4f4ea58146ac762111be98-master-0:22874:23430 [6] NCCL INFO Channel 12 : 6[200000] -> 7[100000] via P2P/IPC/read
116c5efe4c4f4ea58146ac762111be98-master-0:22869:23433 [1] NCCL INFO Channel 12 : 1[d00000] -> 2[c00000] via P2P/IPC/read
116c5efe4c4f4ea58146ac762111be98-master-0:22871:23428 [3] NCCL INFO Channel 12 : 3[b00000] -> 4[400000] via P2P/IPC/read
116c5efe4c4f4ea58146ac762111be98-master-0:22872:23429 [4] NCCL INFO Channel 12 : 4[400000] -> 5[300000] via P2P/IPC/read
116c5efe4c4f4ea58146ac762111be98-master-0:22868:23427 [0] NCCL INFO Channel 13 : 0[e00000] -> 7[100000] via P2P/IPC/read
116c5efe4c4f4ea58146ac762111be98-master-0:22875:23431 [7] NCCL INFO Channel 13 : 7[100000] -> 6[200000] via P2P/IPC/read
116c5efe4c4f4ea58146ac762111be98-master-0:22870:23434 [2] NCCL INFO Channel 13 : 2[c00000] -> 1[d00000] via P2P/IPC/read
116c5efe4c4f4ea58146ac762111be98-master-0:22873:23432 [5] NCCL INFO Channel 13 : 5[300000] -> 4[400000] via P2P/IPC/read
116c5efe4c4f4ea58146ac762111be98-master-0:22874:23430 [6] NCCL INFO Channel 13 : 6[200000] -> 5[300000] via P2P/IPC/read
116c5efe4c4f4ea58146ac762111be98-master-0:22869:23433 [1] NCCL INFO Channel 13 : 1[d00000] -> 0[e00000] via P2P/IPC/read
116c5efe4c4f4ea58146ac762111be98-master-0:22871:23428 [3] NCCL INFO Channel 13 : 3[b00000] -> 2[c00000] via P2P/IPC/read
116c5efe4c4f4ea58146ac762111be98-master-0:22872:23429 [4] NCCL INFO Channel 13 : 4[400000] -> 3[b00000] via P2P/IPC/read
116c5efe4c4f4ea58146ac762111be98-master-0:22868:23427 [0] NCCL INFO Channel 13 : 0[e00000] -> 1[d00000] via P2P/IPC/read
116c5efe4c4f4ea58146ac762111be98-master-0:22870:23434 [2] NCCL INFO Channel 13 : 2[c00000] -> 3[b00000] via P2P/IPC/read
116c5efe4c4f4ea58146ac762111be98-master-0:22873:23432 [5] NCCL INFO Channel 13 : 5[300000] -> 6[200000] via P2P/IPC/read
116c5efe4c4f4ea58146ac762111be98-master-0:22874:23430 [6] NCCL INFO Channel 13 : 6[200000] -> 7[100000] via P2P/IPC/read
116c5efe4c4f4ea58146ac762111be98-master-0:22869:23433 [1] NCCL INFO Channel 13 : 1[d00000] -> 2[c00000] via P2P/IPC/read
116c5efe4c4f4ea58146ac762111be98-master-0:22871:23428 [3] NCCL INFO Channel 13 : 3[b00000] -> 4[400000] via P2P/IPC/read
116c5efe4c4f4ea58146ac762111be98-master-0:22872:23429 [4] NCCL INFO Channel 13 : 4[400000] -> 5[300000] via P2P/IPC/read
116c5efe4c4f4ea58146ac762111be98-master-0:22868:23427 [0] NCCL INFO Channel 14 : 0[e00000] -> 7[100000] via P2P/IPC/read
116c5efe4c4f4ea58146ac762111be98-master-0:22875:23431 [7] NCCL INFO Channel 14 : 7[100000] -> 6[200000] via P2P/IPC/read
116c5efe4c4f4ea58146ac762111be98-master-0:22870:23434 [2] NCCL INFO Channel 14 : 2[c00000] -> 1[d00000] via P2P/IPC/read
116c5efe4c4f4ea58146ac762111be98-master-0:22873:23432 [5] NCCL INFO Channel 14 : 5[300000] -> 4[400000] via P2P/IPC/read
116c5efe4c4f4ea58146ac762111be98-master-0:22874:23430 [6] NCCL INFO Channel 14 : 6[200000] -> 5[300000] via P2P/IPC/read
116c5efe4c4f4ea58146ac762111be98-master-0:22869:23433 [1] NCCL INFO Channel 14 : 1[d00000] -> 0[e00000] via P2P/IPC/read
116c5efe4c4f4ea58146ac762111be98-master-0:22872:23429 [4] NCCL INFO Channel 14 : 4[400000] -> 3[b00000] via P2P/IPC/read
116c5efe4c4f4ea58146ac762111be98-master-0:22871:23428 [3] NCCL INFO Channel 14 : 3[b00000] -> 2[c00000] via P2P/IPC/read
116c5efe4c4f4ea58146ac762111be98-master-0:22868:23427 [0] NCCL INFO Channel 14 : 0[e00000] -> 1[d00000] via P2P/IPC/read
116c5efe4c4f4ea58146ac762111be98-master-0:22870:23434 [2] NCCL INFO Channel 14 : 2[c00000] -> 3[b00000] via P2P/IPC/read
116c5efe4c4f4ea58146ac762111be98-master-0:22873:23432 [5] NCCL INFO Channel 14 : 5[300000] -> 6[200000] via P2P/IPC/read
116c5efe4c4f4ea58146ac762111be98-master-0:22874:23430 [6] NCCL INFO Channel 14 : 6[200000] -> 7[100000] via P2P/IPC/read
116c5efe4c4f4ea58146ac762111be98-master-0:22869:23433 [1] NCCL INFO Channel 14 : 1[d00000] -> 2[c00000] via P2P/IPC/read
116c5efe4c4f4ea58146ac762111be98-master-0:22872:23429 [4] NCCL INFO Channel 14 : 4[400000] -> 5[300000] via P2P/IPC/read
116c5efe4c4f4ea58146ac762111be98-master-0:22871:23428 [3] NCCL INFO Channel 14 : 3[b00000] -> 4[400000] via P2P/IPC/read
116c5efe4c4f4ea58146ac762111be98-master-0:22868:23427 [0] NCCL INFO Channel 15 : 0[e00000] -> 7[100000] via P2P/IPC/read
116c5efe4c4f4ea58146ac762111be98-master-0:22875:23431 [7] NCCL INFO Channel 15 : 7[100000] -> 6[200000] via P2P/IPC/read
116c5efe4c4f4ea58146ac762111be98-master-0:22870:23434 [2] NCCL INFO Channel 15 : 2[c00000] -> 1[d00000] via P2P/IPC/read
116c5efe4c4f4ea58146ac762111be98-master-0:22873:23432 [5] NCCL INFO Channel 15 : 5[300000] -> 4[400000] via P2P/IPC/read
116c5efe4c4f4ea58146ac762111be98-master-0:22874:23430 [6] NCCL INFO Channel 15 : 6[200000] -> 5[300000] via P2P/IPC/read
116c5efe4c4f4ea58146ac762111be98-master-0:22869:23433 [1] NCCL INFO Channel 15 : 1[d00000] -> 0[e00000] via P2P/IPC/read
116c5efe4c4f4ea58146ac762111be98-master-0:22872:23429 [4] NCCL INFO Channel 15 : 4[400000] -> 3[b00000] via P2P/IPC/read
116c5efe4c4f4ea58146ac762111be98-master-0:22871:23428 [3] NCCL INFO Channel 15 : 3[b00000] -> 2[c00000] via P2P/IPC/read
116c5efe4c4f4ea58146ac762111be98-master-0:22868:23427 [0] NCCL INFO Channel 15 : 0[e00000] -> 1[d00000] via P2P/IPC/read
116c5efe4c4f4ea58146ac762111be98-master-0:22870:23434 [2] NCCL INFO Channel 15 : 2[c00000] -> 3[b00000] via P2P/IPC/read
116c5efe4c4f4ea58146ac762111be98-master-0:22873:23432 [5] NCCL INFO Channel 15 : 5[300000] -> 6[200000] via P2P/IPC/read
116c5efe4c4f4ea58146ac762111be98-master-0:22874:23430 [6] NCCL INFO Channel 15 : 6[200000] -> 7[100000] via P2P/IPC/read
116c5efe4c4f4ea58146ac762111be98-master-0:22869:23433 [1] NCCL INFO Channel 15 : 1[d00000] -> 2[c00000] via P2P/IPC/read
116c5efe4c4f4ea58146ac762111be98-master-0:22872:23429 [4] NCCL INFO Channel 15 : 4[400000] -> 5[300000] via P2P/IPC/read
116c5efe4c4f4ea58146ac762111be98-master-0:22871:23428 [3] NCCL INFO Channel 15 : 3[b00000] -> 4[400000] via P2P/IPC/read
116c5efe4c4f4ea58146ac762111be98-master-0:22868:23427 [0] NCCL INFO Channel 16 : 0[e00000] -> 7[100000] via P2P/IPC/read
116c5efe4c4f4ea58146ac762111be98-master-0:22875:23431 [7] NCCL INFO Channel 16 : 7[100000] -> 6[200000] via P2P/IPC/read
116c5efe4c4f4ea58146ac762111be98-master-0:22870:23434 [2] NCCL INFO Channel 16 : 2[c00000] -> 1[d00000] via P2P/IPC/read
116c5efe4c4f4ea58146ac762111be98-master-0:22873:23432 [5] NCCL INFO Channel 16 : 5[300000] -> 4[400000] via P2P/IPC/read
116c5efe4c4f4ea58146ac762111be98-master-0:22874:23430 [6] NCCL INFO Channel 16 : 6[200000] -> 5[300000] via P2P/IPC/read
116c5efe4c4f4ea58146ac762111be98-master-0:22869:23433 [1] NCCL INFO Channel 16 : 1[d00000] -> 0[e00000] via P2P/IPC/read
116c5efe4c4f4ea58146ac762111be98-master-0:22872:23429 [4] NCCL INFO Channel 16 : 4[400000] -> 3[b00000] via P2P/IPC/read
116c5efe4c4f4ea58146ac762111be98-master-0:22871:23428 [3] NCCL INFO Channel 16 : 3[b00000] -> 2[c00000] via P2P/IPC/read
116c5efe4c4f4ea58146ac762111be98-master-0:22868:23427 [0] NCCL INFO Channel 16 : 0[e00000] -> 1[d00000] via P2P/IPC/read
116c5efe4c4f4ea58146ac762111be98-master-0:22870:23434 [2] NCCL INFO Channel 16 : 2[c00000] -> 3[b00000] via P2P/IPC/read
116c5efe4c4f4ea58146ac762111be98-master-0:22873:23432 [5] NCCL INFO Channel 16 : 5[300000] -> 6[200000] via P2P/IPC/read
116c5efe4c4f4ea58146ac762111be98-master-0:22874:23430 [6] NCCL INFO Channel 16 : 6[200000] -> 7[100000] via P2P/IPC/read
116c5efe4c4f4ea58146ac762111be98-master-0:22872:23429 [4] NCCL INFO Channel 16 : 4[400000] -> 5[300000] via P2P/IPC/read
116c5efe4c4f4ea58146ac762111be98-master-0:22869:23433 [1] NCCL INFO Channel 16 : 1[d00000] -> 2[c00000] via P2P/IPC/read
116c5efe4c4f4ea58146ac762111be98-master-0:22871:23428 [3] NCCL INFO Channel 16 : 3[b00000] -> 4[400000] via P2P/IPC/read
116c5efe4c4f4ea58146ac762111be98-master-0:22868:23427 [0] NCCL INFO Channel 17 : 0[e00000] -> 7[100000] via P2P/IPC/read
116c5efe4c4f4ea58146ac762111be98-master-0:22875:23431 [7] NCCL INFO Channel 17 : 7[100000] -> 6[200000] via P2P/IPC/read
116c5efe4c4f4ea58146ac762111be98-master-0:22870:23434 [2] NCCL INFO Channel 17 : 2[c00000] -> 1[d00000] via P2P/IPC/read
116c5efe4c4f4ea58146ac762111be98-master-0:22873:23432 [5] NCCL INFO Channel 17 : 5[300000] -> 4[400000] via P2P/IPC/read
116c5efe4c4f4ea58146ac762111be98-master-0:22874:23430 [6] NCCL INFO Channel 17 : 6[200000] -> 5[300000] via P2P/IPC/read
116c5efe4c4f4ea58146ac762111be98-master-0:22872:23429 [4] NCCL INFO Channel 17 : 4[400000] -> 3[b00000] via P2P/IPC/read
116c5efe4c4f4ea58146ac762111be98-master-0:22871:23428 [3] NCCL INFO Channel 17 : 3[b00000] -> 2[c00000] via P2P/IPC/read
116c5efe4c4f4ea58146ac762111be98-master-0:22869:23433 [1] NCCL INFO Channel 17 : 1[d00000] -> 0[e00000] via P2P/IPC/read
116c5efe4c4f4ea58146ac762111be98-master-0:22868:23427 [0] NCCL INFO Channel 17 : 0[e00000] -> 1[d00000] via P2P/IPC/read
116c5efe4c4f4ea58146ac762111be98-master-0:22870:23434 [2] NCCL INFO Channel 17 : 2[c00000] -> 3[b00000] via P2P/IPC/read
116c5efe4c4f4ea58146ac762111be98-master-0:22873:23432 [5] NCCL INFO Channel 17 : 5[300000] -> 6[200000] via P2P/IPC/read
116c5efe4c4f4ea58146ac762111be98-master-0:22874:23430 [6] NCCL INFO Channel 17 : 6[200000] -> 7[100000] via P2P/IPC/read
116c5efe4c4f4ea58146ac762111be98-master-0:22871:23428 [3] NCCL INFO Channel 17 : 3[b00000] -> 4[400000] via P2P/IPC/read
116c5efe4c4f4ea58146ac762111be98-master-0:22869:23433 [1] NCCL INFO Channel 17 : 1[d00000] -> 2[c00000] via P2P/IPC/read
116c5efe4c4f4ea58146ac762111be98-master-0:22872:23429 [4] NCCL INFO Channel 17 : 4[400000] -> 5[300000] via P2P/IPC/read
